=== 2026-07-28 08:26:01 запуск ===
[kms] vtotal 1125 -> 1144 (+19 рядків), частота 60.000 -> 59.003 Гц | рядкова 67.500 кГц і клок 148500 кГц незмінні
[kms] HDMI-A 1920x1080@59.003 | crtc=88 plane=56 | 14 форматів | колір: rgb 8 біт | бюджет кадру 16.95 мс
[gl] init: 1920x1080 fourcc=0x34325258, буферів 2
[gl] Mali-G610 | OpenGL ES 3.2 v1.g13p0-01eac0.68603db295fbf2c59ac6b927fdfb1c32
[gl] 2 буфер(и) 1920x1080, крок 7680 | період 16.95 мс | fence: є
[h265] порт 5600, пайплайн[1] піднято
[pip] порт 5001, пайплайн[1] піднято
[osd] зображення atlas.png: 2048x1400
[osd] атлас 2048x1400
[osd] гліфів 1095
[osd] зображення img/horizont_0.png: 1080x1080
[osd] зображення img/horizont_1.png: 1080x1080
[osd] зображення img/pgbar_empy.png: 1660x329
[osd] зображення img/pgbar_green.png: 1660x329
[osd] елементів layout 27
udp_listener: слухаю порт 50122
[osd] піднято: телеметрія на порту 50122, перезбирання раз на 50 мс
[фаза] петля піднята: камера 192.168.1.10, параметр video0.fpsTrimMilliHz
[носій] стежу за флешкою
[запис main] потік піднято, порт 5600
[локальні канали] піднято: опитування раз на 500 мс
[носій] /media/root/USB128, вільно 99.2 ГБ з 123.8
[субтитри] елементів розкладки 26
[субтитри] дебажних каналів 96
[субтитри] піднято: знімок раз на 500 мс, PlayRes 1920x1080
[запис pip] потік піднято, порт 5001
[лінк main] стежу за портом 5600, поріг тиші 100 мс
[gl] текстура оверлея atlas.png: 2048x1400
[gl] текстура оверлея img/horizont_0.png: 1080x1080
[gl] текстура оверлея img/horizont_1.png: 1080x1080
[gl] текстура оверлея img/pgbar_empy.png: 1660x329
[gl] текстура оверлея img/pgbar_green.png: 1660x329
[запис pip] почав: /media/root/USB128/2026-07-28/20260728_082603_pip.mkv
[запис main] почав: /media/root/USB128/2026-07-28/20260728_082603_main.mkv
[субтитри] /media/root/USB128/2026-07-28/20260728_082603_main.ass
[субтитри] /media/root/USB128/2026-07-28/20260728_082603_main.debug.ass

=== шар виводу ===
  HDMI-A 1920x1080@59.003
  розмір     1920x1080
  частота    59.003 Гц (бюджет кадру 16.948 мс)
  формат     0x34325258
  колір      RGB

arm_release_ver: g13p0-01eac0, rk_so_ver: 10
Джерел зареєстровано: 2
OSD піднято.
Працюю. Ctrl+C для виходу.
    2.0 с | показано 119 (59.4/с) | GPU 3.69 мс | h265 1920x1080: нових 111, повтор 7, дроп 16 | ЗАТРИМКА 12.6 мс | ФАЗА 7.1 мс (дрейф -16.12 мс/с) | опит 11.1
          ЧАСТОТИ: камера 60.1982 | екран 59.0046 | різниця +1194 мГц -> дрейф має бути -20.23 мс/с
          інтервали: вхід 11.7/16.6/22.8 -> вихід 10.1/16.6/23.5 | ДЕКОД 1.6/2.9/5.6 мс
          ФАПЧ: не веде (розігрів)
          OSD: квадів 179 | збірок 39 по 0.62 мс | телеметрія: пакетів 67, CRC-збоїв 0
          КРОК ЗЙОМКИ: норма 84.62% | повтор 7 | коротко 0 | пропуск 11 | розмах 12.0..48.8 мс
          КАНАЛ 2 (порт 5001): 720x480 | нових 52, повтор 66, дроп 1
          ЗАПИС: 2.5 МБ | файлів 1 (ротацій 0, рестартів 0) | носій вільно 99.2 ГБ | syncfs 0/0 мс
          ЗАПИС 2: 1.4 МБ | файлів 1
          ЛІНК: 2550 пакетів, втрачено 0 (0.000%) | пауз 0: лінк 0 / борт 0 | найдовша 0 мс
    4.0 с | показано 236 (58.9/с) | GPU 3.54 мс | h265 1920x1080: нових 224, повтор 12, дроп 24 | ЗАТРИМКА 12.1 мс | ФАЗА 9.1 мс (дрейф -16.19 мс/с) | опит 11.3
          ЧАСТОТИ: камера 60.0753 | екран 59.0049 | різниця +1070 мГц -> дрейф має бути -18.14 мс/с
          інтервали: вхід 11.2/16.7/22.8 -> вихід 10.1/16.6/23.5 | ДЕКОД 1.6/2.8/5.6 мс
          ФАПЧ: фаза 1.71 -> ціль 2.85 (похибка -1.14 мс) | опит 10.85 − запас 8.00 (розкид 2.27) | затримка 15.2 мс | камера -255 мГц | екран 59.0049 Гц | ведення
          OSD: квадів 178 | збірок 79 по 0.25 мс | телеметрія: пакетів 157, CRC-збоїв 0
          КРОК ЗЙОМКИ: норма 86.75% | повтор 12 | коротко 0 | пропуск 19 | розмах 11.5..48.8 мс
          КАНАЛ 2 (порт 5001): 720x480 | нових 102, повтор 134, дроп 1
          ЗАПИС: 5.8 МБ | файлів 1 (ротацій 0, рестартів 0) | носій вільно 99.2 ГБ | syncfs 0/0 мс
          ЗАПИС 2: 3.4 МБ | файлів 1
          ЛІНК: 5103 пакетів, втрачено 0 (0.000%) | пауз 0: лінк 0 / борт 0 | найдовша 0 мс
    6.0 с | показано 354 (58.9/с) | GPU 3.28 мс | h265 1920x1080: нових 335, повтор 19, дроп 32 | ЗАТРИМКА 15.9 мс | ФАЗА 0.2 мс (дрейф -13.51 мс/с) | опит 11.7
          ЧАСТОТИ: камера 59.9630 | екран 59.0049 | різниця +958 мГц -> дрейф має бути -16.24 мс/с
          інтервали: вхід 11.2/16.7/22.8 -> вихід 10.1/16.7/23.5 | ДЕКОД 1.4/2.7/5.6 мс
          ФАПЧ: фаза 3.28 -> ціль 3.51 (похибка -0.23 мс) | опит 11.51 − запас 8.00 (розкид 2.16) | затримка 13.7 мс | камера -578 мГц | екран 59.0048 Гц | ведення
          OSD: квадів 175 | збірок 118 по 0.26 мс | телеметрія: пакетів 246, CRC-збоїв 0
          КРОК ЗЙОМКИ: норма 86.93% | повтор 19 | коротко 0 | пропуск 27 | розмах 11.5..48.8 мс
          КАНАЛ 2 (порт 5001): 720x480 | нових 152, повтор 202, дроп 1
          ЗАПИС: 9.1 МБ | файлів 1 (ротацій 0, рестартів 0) | носій вільно 99.2 ГБ | syncfs 0/0 мс | СКИДАЮ
          ЗАПИС 2: 5.6 МБ | файлів 1
          ЛІНК: 7679 пакетів, втрачено 0 (0.000%) | пауз 0: лінк 0 / борт 0 | найдовша 0 мс
    8.0 с | показано 473 (59.0/с) | GPU 3.42 мс | h265 1920x1080: нових 446, повтор 26, дроп 40 | ЗАТРИМКА 15.8 мс | ФАЗА 0.4 мс (дрейф -7.68 мс/с) | опит 11.5
          ЧАСТОТИ: камера 59.8226 | екран 59.0049 | різниця +818 мГц -> дрейф має бути -13.86 мс/с
          інтервали: вхід 11.2/16.7/22.8 -> вихід 10.1/16.7/23.5 | ДЕКОД 1.3/2.5/5.6 мс
          ФАПЧ: фаза 2.43 -> ціль 4.32 (похибка -1.90 мс) | опит 11.73 − запас 7.41 (розкид 1.85) | затримка 14.5 мс | камера -884 мГц | екран 59.0049 Гц | ведення
          OSD: квадів 178 | збірок 158 по 0.22 мс | телеметрія: пакетів 323, CRC-збоїв 0
          КРОК ЗЙОМКИ: норма 87.05% | повтор 26 | коротко 0 | пропуск 35 | розмах 11.5..48.8 мс
          КАНАЛ 2 (порт 5001): 720x480 | нових 202, повтор 270, дроп 1
          ЗАПИС: 12.4 МБ | файлів 1 (ротацій 0, рестартів 0) | носій вільно 99.2 ГБ | syncfs 1229/1229 мс
          ЗАПИС 2: 7.5 МБ | файлів 1
          ЛІНК: 10218 пакетів, втрачено 0 (0.000%) | пауз 0: лінк 0 / борт 0 | найдовша 0 мс
   10.0 с | показано 588 (58.7/с) | GPU 3.51 мс | h265 1920x1080: нових 561, повтор 26, дроп 43 | ЗАТРИМКА 16.7 мс | ФАЗА 0.4 мс (дрейф +0.10 мс/с) | опит 11.4
          ЧАСТОТИ: камера 59.6359 | екран 59.0048 | різниця +631 мГц -> дрейф має бути -10.70 мс/с
          інтервали: вхід 11.2/16.8/22.8 -> вихід 10.1/16.8/23.5 | ДЕКОД 1.3/2.6/5.6 мс
          ФАПЧ: фаза 16.55 -> ціль 5.59 (похибка -5.98 мс) | опит 11.36 − запас 5.77 (розкид 1.44) | затримка 0.4 мс | камера -1219 мГц | екран 59.0048 Гц | ведення
          OSD: квадів 178 | збірок 198 по 0.26 мс | телеметрія: пакетів 409, CRC-збоїв 0
          КРОК ЗЙОМКИ: норма 89.08% | повтор 26 | коротко 0 | пропуск 38 | розмах 11.5..48.8 мс
          КАНАЛ 2 (порт 5001): 720x480 | нових 252, повтор 335, дроп 1
          ЗАПИС: 15.7 МБ | файлів 1 (ротацій 0, рестартів 0) | носій вільно 99.2 ГБ | syncfs 1229/1229 мс
          ЗАПИС 2: 9.4 МБ | файлів 1
          ЛІНК: 12747 пакетів, втрачено 0 (0.000%) | пауз 0: лінк 0 / борт 0 | найдовша 0 мс
   12.0 с | показано 706 (58.7/с) | GPU 3.44 мс | h265 1920x1080: нових 679, повтор 26, дроп 43 | ЗАТРИМКА 12.9 мс | ФАЗА 4.1 мс (дрейф +1.91 мс/с) | опит 11.5
          ЧАСТОТИ: камера 59.5186 | екран 59.0048 | різниця +514 мГц -> дрейф має бути -8.71 мс/с
          інтервали: вхід 11.2/16.8/22.8 -> вихід 10.1/16.8/23.5 | ДЕКОД 1.3/2.6/5.6 мс
          ФАПЧ: фаза 3.63 -> ціль 6.04 (похибка -2.40 мс) | опит 11.47 − запас 5.43 (розкид 1.36) | затримка 13.3 мс | камера -1122 мГц | екран 59.0048 Гц | ведення
          OSD: квадів 178 | збірок 237 по 0.45 мс | телеметрія: пакетів 485, CRC-збоїв 0
          КРОК ЗЙОМКИ: норма 90.91% | повтор 26 | коротко 0 | пропуск 38 | розмах 11.5..48.8 мс
          КАНАЛ 2 (порт 5001): 720x480 | нових 302, повтор 403, дроп 1
          ЗАПИС: 19.0 МБ | файлів 1 (ротацій 0, рестартів 0) | носій вільно 99.2 ГБ | syncfs 1229/1229 мс | СКИДАЮ
          ЗАПИС 2: 11.4 МБ | файлів 1
          ЛІНК: 15252 пакетів, втрачено 0 (0.000%) | пауз 0: лінк 0 / борт 0 | найдовша 0 мс
   14.0 с | показано 823 (58.7/с) | GPU 2.94 мс | h265 1920x1080: нових 788, повтор 34, дроп 44 | ЗАТРИМКА 13.8 мс | ФАЗА 4.0 мс (дрейф -0.13 мс/с) | опит 12.1
          ЧАСТОТИ: камера 58.8872 | екран 59.0048 | різниця -118 мГц -> дрейф має бути +1.99 мс/с
          інтервали: вхід 2.0/17.0/147.1 -> вихід 2.1/17.0/149.5 | ДЕКОД 0.8/2.5/5.6 мс
          ФАПЧ: фаза 4.37 -> ціль 5.61 (похибка -1.24 мс) | опит 11.98 − запас 6.36 (розкид 1.59) | затримка 12.6 мс | камера -1080 мГц | екран 59.0048 Гц | ведення
          OSD: квадів 178 | збірок 277 по 0.24 мс | телеметрія: пакетів 567, CRC-збоїв 0
          КРОК ЗЙОМКИ: норма 90.86% | повтор 34 | коротко 0 | пропуск 41 | розмах 11.5..149.5 мс
          КАНАЛ 2 (порт 5001): 720x480 | нових 348, повтор 474, дроп 1
          ЗАПИС: 22.0 МБ | файлів 1 (ротацій 0, рестартів 0) | носій вільно 99.2 ГБ | syncfs 1229/1229 мс | СКИДАЮ
          ЗАПИС 2: 13.1 МБ | файлів 1
          ЛІНК: 17682 пакетів, втрачено 81 (0.456%) | пауз 0: лінк 0 / борт 0 | найдовша 0 мс
   16.0 с | показано 941 (58.7/с) | GPU 3.29 мс | h265 1920x1080: нових 907, повтор 34, дроп 44 | ЗАТРИМКА 11.8 мс | ФАЗА 4.9 мс (дрейф +0.59 мс/с) | опит 11.7
          ЧАСТОТИ: камера 58.9001 | екран 59.0048 | різниця -105 мГц -> дрейф має бути +1.77 мс/с
          інтервали: вхід 2.0/17.0/147.1 -> вихід 2.1/17.0/149.5 | ДЕКОД 0.8/2.4/5.6 мс
          ФАПЧ: фаза 5.08 -> ціль 5.26 (похибка -0.19 мс) | опит 11.70 − запас 6.44 (розкид 1.61) | затримка 11.9 мс | камера -1057 мГц | екран 59.0048 Гц | ведення
          OSD: квадів 178 | збірок 316 по 0.57 мс | телеметрія: пакетів 648, CRC-збоїв 0
          КРОК ЗЙОМКИ: норма 92.01% | повтор 34 | коротко 0 | пропуск 41 | розмах 11.2..149.5 мс
          КАНАЛ 2 (порт 5001): 720x480 | нових 399, повтор 542, дроп 1
          ЗАПИС: 25.3 МБ | файлів 1 (ротацій 0, рестартів 0) | носій вільно 99.2 ГБ | syncfs 1229/1229 мс | СКИДАЮ
          ЗАПИС 2: 15.1 МБ | файлів 1
          ЛІНК: 20202 пакетів, втрачено 81 (0.399%) | пауз 0: лінк 0 / борт 0 | найдовша 0 мс
   18.0 с | показано 1059 (58.7/с) | GPU 3.16 мс | h265 1920x1080: нових 1025, повтор 34, дроп 44 | ЗАТРИМКА 12.3 мс | ФАЗА 4.5 мс (дрейф -0.21 мс/с) | опит 11.8
          ЧАСТОТИ: камера 58.9049 | екран 59.0048 | різниця -100 мГц -> дрейф має бути +1.69 мс/с
          інтервали: вхід 2.0/17.0/147.1 -> вихід 2.1/17.0/149.5 | ДЕКОД 0.8/2.4/5.6 мс
          ФАПЧ: фаза 4.85 -> ціль 5.69 (похибка -0.85 мс) | опит 12.03 − запас 6.33 (розкид 1.58) | затримка 12.1 мс | камера -1090 мГц | екран 59.0048 Гц | ведення
          OSD: квадів 178 | збірок 356 по 0.44 мс | телеметрія: пакетів 735, CRC-збоїв 0
          КРОК ЗЙОМКИ: норма 92.90% | повтор 34 | коротко 0 | пропуск 41 | розмах 11.2..149.5 мс
          КАНАЛ 2 (порт 5001): 720x480 | нових 449, повтор 610, дроп 1
          ЗАПИС: 28.5 МБ | файлів 1 (ротацій 0, рестартів 0) | носій вільно 99.2 ГБ | syncfs 6950/6950 мс
          ЗАПИС 2: 16.6 МБ | файлів 1
          ЛІНК: 22724 пакетів, втрачено 81 (0.355%) | пауз 0: лінк 0 / борт 0 | найдовша 0 мс
   20.0 с | показано 1178 (58.8/с) | GPU 3.51 мс | h265 1920x1080: нових 1143, повтор 34, дроп 44 | ЗАТРИМКА 11.2 мс | ФАЗА 5.8 мс (дрейф +0.55 мс/с) | опит 11.4
          ЧАСТОТИ: камера 58.9202 | екран 59.0047 | різниця -85 мГц -> дрейф має бути +1.43 мс/с
          інтервали: вхід 2.0/17.0/147.1 -> вихід 2.1/17.0/149.5 | ДЕКОД 0.8/2.4/5.6 мс
          ФАПЧ: фаза 6.26 -> ціль 4.94 (похибка +1.32 мс) | опит 11.33 − запас 6.39 (розкид 1.60) | затримка 10.7 мс | камера -998 мГц | екран 59.0048 Гц | ведення
          OSD: квадів 178 | збірок 396 по 0.44 мс | телеметрія: пакетів 811, CRC-збоїв 0
          КРОК ЗЙОМКИ: норма 93.62% | повтор 34 | коротко 0 | пропуск 41 | розмах 11.2..149.5 мс
          КАНАЛ 2 (порт 5001): 720x480 | нових 499, повтор 678, дроп 1
          ЗАПИС: 31.9 МБ | файлів 1 (ротацій 0, рестартів 0) | носій вільно 99.2 ГБ | syncfs 6950/6950 мс
          ЗАПИС 2: 18.6 МБ | файлів 1
          ЛІНК: 25249 пакетів, втрачено 81 (0.320%) | пауз 0: лінк 0 / борт 0 | найдовша 0 мс
   22.0 с | показано 1296 (58.8/с) | GPU 3.07 мс | h265 1920x1080: нових 1261, повтор 34, дроп 44 | ЗАТРИМКА 12.0 мс | ФАЗА 4.9 мс (дрейф -0.30 мс/с) | опит 12.0
          ЧАСТОТИ: камера 58.9231 | екран 59.0048 | різниця -82 мГц -> дрейф має бути +1.38 мс/с
          інтервали: вхід 2.0/17.0/147.1 -> вихід 2.1/17.0/149.5 | ДЕКОД 0.8/2.4/5.6 мс
          ФАПЧ: фаза 4.94 -> ціль 5.39 (похибка -0.45 мс) | опит 11.76 − запас 6.37 (розкид 1.59) | затримка 12.0 мс | камера -1084 мГц | екран 59.0048 Гц | ведення
          OSD: квадів 178 | збірок 436 по 0.30 мс | телеметрія: пакетів 887, CRC-збоїв 0
          КРОК ЗЙОМКИ: норма 94.20% | повтор 34 | коротко 0 | пропуск 41 | розмах 11.2..149.5 мс
          КАНАЛ 2 (порт 5001): 720x480 | нових 549, повтор 746, дроп 1
          ЗАПИС: 35.1 МБ | файлів 1 (ротацій 0, рестартів 0) | носій вільно 99.2 ГБ | syncfs 6950/6950 мс | СКИДАЮ
          ЗАПИС 2: 20.7 МБ | файлів 1
          ЛІНК: 27779 пакетів, втрачено 81 (0.291%) | пауз 0: лінк 0 / борт 0 | найдовша 0 мс
[носій] /media/root/USB128, вільно 99.1 ГБ з 123.8
   24.0 с | показано 1414 (58.8/с) | GPU 3.39 мс | h265 1920x1080: нових 1378, повтор 35, дроп 45 | ЗАТРИМКА 12.4 мс | ФАЗА 5.6 мс (дрейф +0.41 мс/с) | опит 11.5
          ЧАСТОТИ: камера 58.9283 | екран 59.0048 | різниця -76 мГц -> дрейф має бути +1.30 мс/с
          інтервали: вхід 2.0/17.0/147.1 -> вихід 2.1/17.0/149.5 | ДЕКОД 0.8/2.3/5.6 мс
          ФАПЧ: фаза 5.62 -> ціль 6.13 (похибка -0.52 мс) | опит 11.97 − запас 5.84 (розкид 1.46) | затримка 11.3 мс | камера -1093 мГц | екран 59.0047 Гц | ведення
          OSD: квадів 178 | збірок 475 по 0.32 мс | телеметрія: пакетів 968, CRC-збоїв 0
          КРОК ЗЙОМКИ: норма 94.62% | повтор 35 | коротко 0 | пропуск 41 | розмах 11.2..149.5 мс
          КАНАЛ 2 (порт 5001): 720x480 | нових 599, повтор 814, дроп 1
          ЗАПИС: 38.4 МБ | файлів 1 (ротацій 0, рестартів 0) | носій вільно 99.1 ГБ | syncfs 3181/6950 мс
          ЗАПИС 2: 22.9 МБ | файлів 1
          ЛІНК: 30308 пакетів, втрачено 81 (0.267%) | пауз 0: лінк 0 / борт 0 | найдовша 0 мс
   26.0 с | показано 1532 (58.8/с) | GPU 3.25 мс | h265 1920x1080: нових 1496, повтор 35, дроп 45 | ЗАТРИМКА 11.8 мс | ФАЗА 4.8 мс (дрейф -0.31 мс/с) | опит 11.7
          ЧАСТОТИ: камера 58.9444 | екран 59.0048 | різниця -60 мГц -> дрейф має бути +1.02 мс/с
          інтервали: вхід 2.0/17.0/147.1 -> вихід 2.1/17.0/149.5 | ДЕКОД 0.8/2.3/5.6 мс
          ФАПЧ: фаза 5.16 -> ціль 5.63 (похибка -0.47 мс) | опит 11.57 − запас 5.94 (розкид 1.49) | затримка 11.8 мс | камера -1081 мГц | екран 59.0048 Гц | ведення
          OSD: квадів 178 | збірок 515 по 0.26 мс | телеметрія: пакетів 1047, CRC-збоїв 0
          КРОК ЗЙОМКИ: норма 95.03% | повтор 35 | коротко 0 | пропуск 41 | розмах 11.2..149.5 мс
          КАНАЛ 2 (порт 5001): 720x480 | нових 649, повтор 882, дроп 1
          ЗАПИС: 41.7 МБ | файлів 1 (ротацій 0, рестартів 0) | носій вільно 99.1 ГБ | syncfs 3181/6950 мс | СКИДАЮ
          ЗАПИС 2: 25.0 МБ | файлів 1
          ЛІНК: 32809 пакетів, втрачено 81 (0.246%) | пауз 0: лінк 0 / борт 0 | найдовша 0 мс
   28.0 с | показано 1650 (58.8/с) | GPU 3.80 мс | h265 1920x1080: нових 1614, повтор 35, дроп 45 | ЗАТРИМКА 10.5 мс | ФАЗА 6.5 мс (дрейф +0.93 мс/с) | опит 11.0
          ЧАСТОТИ: камера 58.9446 | екран 59.0048 | різниця -60 мГц -> дрейф має бути +1.02 мс/с
          інтервали: вхід 2.0/17.0/147.1 -> вихід 2.1/17.0/149.5 | ДЕКОД 0.8/2.3/5.6 мс
          ФАПЧ: фаза 6.52 -> ціль 5.25 (похибка +1.27 мс) | опит 11.11 − запас 5.85 (розкид 1.46) | затримка 10.4 мс | камера -1015 мГц | екран 59.0048 Гц | ведення
          OSD: квадів 178 | збірок 555 по 0.26 мс | телеметрія: пакетів 1128, CRC-збоїв 0
          КРОК ЗЙОМКИ: норма 95.39% | повтор 35 | коротко 0 | пропуск 41 | розмах 11.2..149.5 мс
          КАНАЛ 2 (порт 5001): 720x480 | нових 699, повтор 950, дроп 1
          ЗАПИС: 45.0 МБ | файлів 1 (ротацій 0, рестартів 0) | носій вільно 99.1 ГБ | syncfs 861/6950 мс
          ЗАПИС 2: 27.2 МБ | файлів 1
          ЛІНК: 35326 пакетів, втрачено 81 (0.229%) | пауз 0: лінк 0 / борт 0 | найдовша 0 мс
   30.0 с | показано 1768 (58.9/с) | GPU 3.73 мс | h265 1920x1080: нових 1733, повтор 35, дроп 45 | ЗАТРИМКА 11.4 мс | ФАЗА 5.7 мс (дрейф -0.69 мс/с) | опит 11.1
          ЧАСТОТИ: камера 58.9472 | екран 59.0047 | різниця -58 мГц -> дрейф має бути +0.98 мс/с
          інтервали: вхід 2.0/17.0/147.1 -> вихід 2.1/17.0/149.5 | ДЕКОД 0.8/2.3/5.6 мс
          ФАПЧ: фаза 5.67 -> ціль 5.17 (похибка +0.50 мс) | опит 11.06 − запас 5.89 (розкид 1.47) | затримка 11.3 мс | камера -1032 мГц | екран 59.0047 Гц | ведення
          OSD: квадів 178 | збірок 594 по 0.39 мс | телеметрія: пакетів 1196, CRC-збоїв 0
          КРОК ЗЙОМКИ: норма 95.70% | повтор 35 | коротко 0 | пропуск 41 | розмах 10.1..149.5 мс
          КАНАЛ 2 (порт 5001): 720x480 | нових 749, повтор 1019, дроп 1
          ЗАПИС: 48.3 МБ | файлів 1 (ротацій 0, рестартів 0) | носій вільно 99.1 ГБ | syncfs 861/6950 мс
          ЗАПИС 2: 29.4 МБ | файлів 1
          ЛІНК: 37855 пакетів, втрачено 81 (0.214%) | пауз 0: лінк 0 / борт 0 | найдовша 0 мс
   32.0 с | показано 1886 (58.9/с) | GPU 3.36 мс | h265 1920x1080: нових 1851, повтор 35, дроп 45 | ЗАТРИМКА 12.4 мс | ФАЗА 4.5 мс (дрейф -0.51 мс/с) | опит 11.6
          ЧАСТОТИ: камера 59.0716 | екран 59.0051 | різниця +67 мГц -> дрейф має бути -1.13 мс/с
          інтервали: вхід 2.0/17.0/147.1 -> вихід 2.1/17.0/149.5 | ДЕКОД 0.8/2.3/5.6 мс
          ФАПЧ: фаза 4.51 -> ціль 5.56 (похибка -1.05 мс) | опит 11.57 − запас 6.01 (розкид 1.50) | затримка 12.4 мс | камера -1116 мГц | екран 59.0051 Гц | ведення
          OSD: квадів 178 | збірок 634 по 0.36 мс | телеметрія: пакетів 1280, CRC-збоїв 0
          КРОК ЗЙОМКИ: норма 95.97% | повтор 35 | коротко 0 | пропуск 41 | розмах 10.1..149.5 мс
          КАНАЛ 2 (порт 5001): 720x480 | нових 799, повтор 1087, дроп 1
          ЗАПИС: 51.5 МБ | файлів 1 (ротацій 0, рестартів 0) | носій вільно 99.1 ГБ | syncfs 861/6950 мс | СКИДАЮ
          ЗАПИС 2: 31.6 МБ | файлів 1
          ЛІНК: 40354 пакетів, втрачено 81 (0.200%) | пауз 0: лінк 0 / борт 0 | найдовша 0 мс
   34.0 с | показано 2005 (58.9/с) | GPU 3.32 мс | h265 1920x1080: нових 1969, повтор 35, дроп 45 | ЗАТРИМКА 11.3 мс | ФАЗА 5.5 мс (дрейф +0.57 мс/с) | опит 11.6
          ЧАСТОТИ: камера 58.9902 | екран 59.0049 | різниця -15 мГц -> дрейф має бути +0.25 мс/с
          інтервали: вхід 2.0/17.0/147.1 -> вихід 2.1/17.0/149.5 | ДЕКОД 0.8/2.3/5.6 мс
          ФАПЧ: фаза 5.51 -> ціль 5.80 (похибка -0.29 мс) | опит 11.60 − запас 5.80 (розкид 1.45) | затримка 11.4 мс | камера -1091 мГц | екран 59.0049 Гц | ведення
          OSD: квадів 178 | збірок 674 по 0.10 мс | телеметрія: пакетів 1359, CRC-збоїв 0
          КРОК ЗЙОМКИ: норма 96.21% | повтор 35 | коротко 0 | пропуск 41 | розмах 10.1..149.5 мс
          КАНАЛ 2 (порт 5001): 720x480 | нових 849, повтор 1155, дроп 1
          ЗАПИС: 54.8 МБ | файлів 1 (ротацій 0, рестартів 0) | носій вільно 99.1 ГБ | syncfs 3094/6950 мс
          ЗАПИС 2: 33.7 МБ | файлів 1
          ЛІНК: 42892 пакетів, втрачено 81 (0.188%) | пауз 0: лінк 0 / борт 0 | найдовша 0 мс
   36.0 с | показано 2123 (58.9/с) | GPU 3.09 мс | h265 1920x1080: нових 2078, повтор 44, дроп 45 | ЗАТРИМКА 11.7 мс | ФАЗА 5.5 мс (дрейф -0.12 мс/с) | опит 11.9
          ЧАСТОТИ: камера 57.5226 | екран 59.0049 | різниця -1482 мГц -> дрейф має бути +25.12 мс/с
          інтервали: вхід 2.0/17.0/147.1 -> вихід 2.1/17.0/149.5 | ДЕКОД 0.7/2.3/5.6 мс
          ФАПЧ: фаза 5.55 -> ціль 6.19 (похибка -0.64 мс) | опит 11.94 − запас 5.75 (розкид 1.44) | затримка 11.4 мс | камера -1096 мГц | екран 59.0049 Гц | ведення
          OSD: квадів 178 | збірок 714 по 0.17 мс | телеметрія: пакетів 1451, CRC-збоїв 0
          КРОК ЗЙОМКИ: норма 95.85% | повтор 44 | коротко 0 | пропуск 44 | розмах 10.1..149.5 мс
          КАНАЛ 2 (порт 5001): 720x480 | нових 895, повтор 1227, дроп 1
          ЗАПИС: 57.8 МБ | файлів 1 (ротацій 0, рестартів 0) | носій вільно 99.1 ГБ | syncfs 3094/6950 мс | СКИДАЮ
          ЗАПИС 2: 35.7 МБ | файлів 1
          ЛІНК: 45298 пакетів, втрачено 198 (0.435%) | пауз 0: лінк 0 / борт 0 | найдовша 0 мс
   38.1 с | показано 2241 (58.9/с) | GPU 3.47 мс | h265 1920x1080: нових 2196, повтор 44, дроп 45 | ЗАТРИМКА 10.7 мс | ФАЗА 6.8 мс (дрейф +0.43 мс/с) | опит 11.4
          ЧАСТОТИ: камера 57.8867 | екран 59.0047 | різниця -1118 мГц -> дрейф має бути +18.95 мс/с
          інтервали: вхід 2.0/17.0/147.1 -> вихід 2.1/17.0/149.5 | ДЕКОД 0.7/2.3/5.6 мс
          ФАПЧ: фаза 5.86 -> ціль 5.83 (похибка +0.02 мс) | опит 11.59 − запас 5.76 (розкид 1.44) | затримка 11.1 мс | камера -1068 мГц | екран 59.0048 Гц | ведення
          OSD: квадів 178 | збірок 753 по 0.38 мс | телеметрія: пакетів 1523, CRC-збоїв 0
          КРОК ЗЙОМКИ: норма 96.07% | повтор 44 | коротко 0 | пропуск 44 | розмах 10.1..149.5 мс
          КАНАЛ 2 (порт 5001): 720x480 | нових 945, повтор 1295, дроп 1
          ЗАПИС: 61.1 МБ | файлів 1 (ротацій 0, рестартів 0) | носій вільно 99.1 ГБ | syncfs 2211/6950 мс
          ЗАПИС 2: 37.9 МБ | файлів 1
          ЛІНК: 47812 пакетів, втрачено 198 (0.412%) | пауз 0: лінк 0 / борт 0 | найдовша 0 мс
   40.1 с | показано 2359 (58.9/с) | GPU 3.42 мс | h265 1920x1080: нових 2314, повтор 44, дроп 45 | ЗАТРИМКА 11.6 мс | ФАЗА 5.1 мс (дрейф -0.53 мс/с) | опит 11.5
          ЧАСТОТИ: камера 58.1166 | екран 59.0048 | різниця -888 мГц -> дрейф має бути +15.05 мс/с
          інтервали: вхід 2.0/17.0/147.1 -> вихід 2.1/17.0/149.5 | ДЕКОД 0.7/2.3/5.6 мс
          ФАПЧ: фаза 5.16 -> ціль 5.84 (похибка -0.68 мс) | опит 11.57 − запас 5.73 (розкид 1.43) | затримка 11.8 мс | камера -1095 мГц | екран 59.0048 Гц | ведення
          OSD: квадів 178 | збірок 793 по 0.36 мс | телеметрія: пакетів 1610, CRC-збоїв 0
          КРОК ЗЙОМКИ: норма 96.27% | повтор 44 | коротко 0 | пропуск 44 | розмах 10.1..149.5 мс
          КАНАЛ 2 (порт 5001): 720x480 | нових 995, повтор 1363, дроп 1
          ЗАПИС: 64.4 МБ | файлів 1 (ротацій 0, рестартів 0) | носій вільно 99.1 ГБ | syncfs 2211/6950 мс
          ЗАПИС 2: 40.1 МБ | файлів 1
          ЛІНК: 50345 пакетів, втрачено 198 (0.392%) | пауз 0: лінк 0 / борт 0 | найдовша 0 мс
   42.1 с | показано 2477 (58.9/с) | GPU 3.24 мс | h265 1920x1080: нових 2433, повтор 44, дроп 45 | ЗАТРИМКА 11.6 мс | ФАЗА 5.5 мс (дрейф -0.06 мс/с) | опит 11.7
          ЧАСТОТИ: камера 58.2616 | екран 59.0048 | різниця -743 мГц -> дрейф має бути +12.60 мс/с
          інтервали: вхід 2.0/17.0/147.1 -> вихід 2.1/17.0/149.5 | ДЕКОД 0.7/2.3/5.6 мс
          ФАПЧ: фаза 5.01 -> ціль 5.88 (похибка -0.87 мс) | опит 11.67 − запас 5.79 (розкид 1.45) | затримка 11.9 мс | камера -1109 мГц | екран 59.0048 Гц | ведення
          OSD: квадів 178 | збірок 833 по 0.17 мс | телеметрія: пакетів 1693, CRC-збоїв 0
          КРОК ЗЙОМКИ: норма 96.44% | повтор 44 | коротко 0 | пропуск 44 | розмах 10.1..149.5 мс
          КАНАЛ 2 (порт 5001): 720x480 | нових 1046, повтор 1431, дроп 1
          ЗАПИС: 67.7 МБ | файлів 1 (ротацій 0, рестартів 0) | носій вільно 99.1 ГБ | syncfs 2211/6950 мс | СКИДАЮ
          ЗАПИС 2: 42.3 МБ | файлів 1
          ЛІНК: 52856 пакетів, втрачено 198 (0.373%) | пауз 0: лінк 0 / борт 0 | найдовша 0 мс
   44.1 с | показано 2595 (58.9/с) | GPU 3.37 мс | h265 1920x1080: нових 2551, повтор 44, дроп 45 | ЗАТРИМКА 10.9 мс | ФАЗА 5.7 мс (дрейф +0.38 мс/с) | опит 11.6
          ЧАСТОТИ: камера 58.3580 | екран 59.0048 | різниця -647 мГц -> дрейф має бути +10.96 мс/с
          інтервали: вхід 2.0/17.0/147.1 -> вихід 2.1/17.0/149.5 | ДЕКОД 0.7/2.3/5.6 мс
          ФАПЧ: фаза 6.30 -> ціль 5.84 (похибка +0.46 мс) | опит 11.45 − запас 5.61 (розкид 1.40) | затримка 10.6 мс | камера -1054 мГц | екран 59.0047 Гц | ЗАХОПЛЕНО
          OSD: квадів 178 | збірок 873 по 0.25 мс | телеметрія: пакетів 1782, CRC-збоїв 0
          КРОК ЗЙОМКИ: норма 96.61% | повтор 44 | коротко 0 | пропуск 44 | розмах 10.1..149.5 мс
          КАНАЛ 2 (порт 5001): 720x480 | нових 1096, повтор 1499, дроп 1
          ЗАПИС: 70.9 МБ | файлів 1 (ротацій 0, рестартів 0) | носій вільно 99.1 ГБ | syncfs 2589/6950 мс
          ЗАПИС 2: 44.5 МБ | файлів 1
          ЛІНК: 55367 пакетів, втрачено 198 (0.356%) | пауз 0: лінк 0 / борт 0 | найдовша 0 мс
   46.1 с | показано 2714 (58.9/с) | GPU 3.35 мс | h265 1920x1080: нових 2669, повтор 44, дроп 45 | ЗАТРИМКА 11.7 мс | ФАЗА 5.3 мс (дрейф -0.66 мс/с) | опит 11.6
          ЧАСТОТИ: камера 58.4526 | екран 59.0048 | різниця -552 мГц -> дрейф має бути +9.36 мс/с
          інтервали: вхід 2.0/17.0/147.1 -> вихід 2.1/17.0/149.5 | ДЕКОД 0.7/2.3/5.6 мс
          ФАПЧ: фаза 5.07 -> ціль 5.77 (похибка -0.70 мс) | опит 11.49 − запас 5.72 (розкид 1.43) | затримка 11.9 мс | камера -1097 мГц | екран 59.0048 Гц | ведення
          OSD: квадів 178 | збірок 912 по 0.15 мс | телеметрія: пакетів 1845, CRC-збоїв 0
          КРОК ЗЙОМКИ: норма 96.76% | повтор 44 | коротко 0 | пропуск 44 | розмах 10.1..149.5 мс
          КАНАЛ 2 (порт 5001): 720x480 | нових 1146, повтор 1567, дроп 1
          ЗАПИС: 74.2 МБ | файлів 1 (ротацій 0, рестартів 0) | носій вільно 99.1 ГБ | syncfs 2589/6950 мс | СКИДАЮ
          ЗАПИС 2: 46.7 МБ | файлів 1
          ЛІНК: 57888 пакетів, втрачено 198 (0.341%) | пауз 0: лінк 0 / борт 0 | найдовша 0 мс
   48.1 с | показано 2832 (58.9/с) | GPU 3.12 мс | h265 1920x1080: нових 2787, повтор 44, дроп 45 | ЗАТРИМКА 10.7 мс | ФАЗА 6.5 мс (дрейф +0.64 мс/с) | опит 11.9
          ЧАСТОТИ: камера 58.5111 | екран 59.0048 | різниця -494 мГц -> дрейф має бути +8.37 мс/с
          інтервали: вхід 2.0/17.0/147.1 -> вихід 2.1/17.0/149.5 | ДЕКОД 0.7/2.2/5.6 мс
          ФАПЧ: фаза 6.12 -> ціль 6.28 (похибка -0.16 мс) | опит 12.00 − запас 5.72 (розкид 1.43) | затримка 10.8 мс | камера -1089 мГц | екран 59.0048 Гц | ведення
          OSD: квадів 178 | збірок 952 по 0.27 мс | телеметрія: пакетів 1933, CRC-збоїв 0
          КРОК ЗЙОМКИ: норма 96.89% | повтор 44 | коротко 0 | пропуск 44 | розмах 10.1..149.5 мс
          КАНАЛ 2 (порт 5001): 720x480 | нових 1196, повтор 1635, дроп 1
          ЗАПИС: 77.5 МБ | файлів 1 (ротацій 0, рестартів 0) | носій вільно 99.1 ГБ | syncfs 2589/6950 мс | СКИДАЮ
          ЗАПИС 2: 48.8 МБ | файлів 1
          ЛІНК: 60405 пакетів, втрачено 198 (0.327%) | пауз 0: лінк 0 / борт 0 | найдовша 0 мс
   50.1 с | показано 2950 (58.9/с) | GPU 3.28 мс | h265 1920x1080: нових 2905, повтор 44, дроп 45 | ЗАТРИМКА 10.7 мс | ФАЗА 6.1 мс (дрейф -0.00 мс/с) | опит 11.7
          ЧАСТОТИ: камера 58.5526 | екран 59.0048 | різниця -452 мГц -> дрейф має бути +7.66 мс/с
          інтервали: вхід 2.0/17.0/147.1 -> вихід 2.1/17.0/149.5 | ДЕКОД 0.7/2.2/5.6 мс
          ФАПЧ: фаза 6.36 -> ціль 6.21 (похибка +0.15 мс) | опит 11.66 − запас 5.46 (розкид 1.36) | затримка 10.6 мс | камера -1067 мГц | екран 59.0047 Гц | ведення
          OSD: квадів 178 | збірок 992 по 0.12 мс | телеметрія: пакетів 2010, CRC-збоїв 0
          КРОК ЗЙОМКИ: норма 97.01% | повтор 44 | коротко 0 | пропуск 44 | розмах 10.1..149.5 мс
          КАНАЛ 2 (порт 5001): 720x480 | нових 1246, повтор 1703, дроп 1
          ЗАПИС: 80.7 МБ | файлів 1 (ротацій 0, рестартів 0) | носій вільно 99.1 ГБ | syncfs 3306/6950 мс
          ЗАПИС 2: 51.0 МБ | файлів 1
          ЛІНК: 62936 пакетів, втрачено 198 (0.314%) | пауз 0: лінк 0 / борт 0 | найдовша 0 мс
   52.1 с | показано 3068 (58.9/с) | GPU 3.44 мс | h265 1920x1080: нових 3023, повтор 44, дроп 45 | ЗАТРИМКА 9.8 мс | ФАЗА 7.4 мс (дрейф +0.76 мс/с) | опит 11.5
          ЧАСТОТИ: камера 58.6007 | екран 59.0047 | різниця -404 мГц -> дрейф має бути +6.85 мс/с
          інтервали: вхід 2.0/17.0/147.1 -> вихід 2.1/17.0/149.5 | ДЕКОД 0.7/2.2/5.6 мс
          ФАПЧ: фаза 7.83 -> ціль 6.07 (похибка +1.76 мс) | опит 11.54 − запас 5.47 (розкид 1.37) | затримка 9.1 мс | камера -993 мГц | екран 59.0047 Гц | ведення
          OSD: квадів 178 | збірок 1032 по 0.33 мс | телеметрія: пакетів 2102, CRC-збоїв 0
          КРОК ЗЙОМКИ: норма 97.13% | повтор 44 | коротко 0 | пропуск 44 | розмах 10.1..149.5 мс
          КАНАЛ 2 (порт 5001): 720x480 | нових 1296, повтор 1771, дроп 1
          ЗАПИС: 84.1 МБ | файлів 1 (ротацій 0, рестартів 0) | носій вільно 99.1 ГБ | syncfs 3306/6950 мс | СКИДАЮ
          ЗАПИС 2: 53.2 МБ | файлів 1
          ЛІНК: 65447 пакетів, втрачено 198 (0.302%) | пауз 0: лінк 0 / борт 0 | найдовша 0 мс
   54.1 с | показано 3186 (58.9/с) | GPU 3.27 мс | h265 1920x1080: нових 3141, повтор 44, дроп 45 | ЗАТРИМКА 11.0 мс | ФАЗА 5.8 мс (дрейф -0.69 мс/с) | опит 11.7
          ЧАСТОТИ: камера 58.6303 | екран 59.0047 | різниця -374 мГц -> дрейф має бути +6.35 мс/с
          інтервали: вхід 2.0/17.0/147.1 -> вихід 2.1/17.0/149.5 | ДЕКОД 0.7/2.2/5.6 мс
          ФАПЧ: фаза 5.76 -> ціль 6.20 (похибка -0.44 мс) | опит 11.82 − запас 5.62 (розкид 1.41) | затримка 11.2 мс | камера -1091 мГц | екран 59.0047 Гц | ЗАХОПЛЕНО
          OSD: квадів 178 | збірок 1071 по 0.25 мс | телеметрія: пакетів 2176, CRC-збоїв 0
          КРОК ЗЙОМКИ: норма 97.24% | повтор 44 | коротко 0 | пропуск 44 | розмах 10.1..149.5 мс
          КАНАЛ 2 (порт 5001): 720x480 | нових 1346, повтор 1839, дроп 1
          ЗАПИС: 87.3 МБ | файлів 1 (ротацій 0, рестартів 0) | носій вільно 99.1 ГБ | syncfs 2779/6950 мс
          ЗАПИС 2: 55.2 МБ | файлів 1
          ЛІНК: 67975 пакетів, втрачено 198 (0.290%) | пауз 0: лінк 0 / борт 0 | найдовша 0 мс
   56.1 с | показано 3304 (58.9/с) | GPU 3.75 мс | h265 1920x1080: нових 3259, повтор 45, дроп 46 | ЗАТРИМКА 11.0 мс | ФАЗА 5.9 мс (дрейф -0.10 мс/с) | опит 11.1
          ЧАСТОТИ: камера 58.6590 | екран 59.0047 | різниця -346 мГц -> дрейф має бути +5.86 мс/с
          інтервали: вхід 2.0/17.0/147.1 -> вихід 2.1/17.0/149.5 | ДЕКОД 0.7/2.2/5.6 мс
          ФАПЧ: фаза 6.24 -> ціль 5.40 (похибка +0.83 мс) | опит 11.13 − запас 5.72 (розкид 1.43) | затримка 10.7 мс | камера -1030 мГц | екран 59.0047 Гц | ведення
          OSD: квадів 176 | збірок 1111 по 0.43 мс | телеметрія: пакетів 2259, CRC-збоїв 0
          КРОК ЗЙОМКИ: норма 97.27% | повтор 45 | коротко 0 | пропуск 45 | розмах 10.1..149.5 мс
          КАНАЛ 2 (порт 5001): 720x480 | нових 1396, повтор 1908, дроп 1
          ЗАПИС: 87.3 МБ | файлів 1 (ротацій 0, рестартів 0) | носій вільно 99.1 ГБ | syncfs 0/6950 мс
          ЗАПИС 2: 55.2 МБ | файлів 1
          ЛІНК: 70493 пакетів, втрачено 198 (0.280%) | пауз 0: лінк 0 / борт 0 | найдовша 0 мс
[носій] немає
[запис pip] носій зник
[запис main] носій зник
[запис pip] закрив, 55.2 МБ
[запис main] закрив, 87.3 МБ
   58.1 с | показано 3422 (58.9/с) | GPU 3.08 мс | h265 1920x1080: нових 3377, повтор 45, дроп 46 | ЗАТРИМКА 11.9 мс | ФАЗА 4.8 мс (дрейф -0.42 мс/с) | опит 11.9
          ЧАСТОТИ: камера 58.6889 | екран 59.0048 | різниця -316 мГц -> дрейф має бути +5.35 мс/с
          інтервали: вхід 2.0/17.0/147.1 -> вихід 2.1/17.0/149.5 | ДЕКОД 0.7/2.2/5.6 мс
          ФАПЧ: фаза 4.84 -> ціль 5.95 (похибка -1.11 мс) | опит 11.78 − запас 5.83 (розкид 1.46) | затримка 12.1 мс | камера -1121 мГц | екран 59.0048 Гц | ведення
          OSD: квадів 178 | збірок 1151 по 0.17 мс | телеметрія: пакетів 2338, CRC-збоїв 0
          КРОК ЗЙОМКИ: норма 97.37% | повтор 45 | коротко 0 | пропуск 45 | розмах 10.1..149.5 мс
          КАНАЛ 2 (порт 5001): 720x480 | нових 1446, повтор 1976, дроп 1
          ЗАПИС: не йде (носія немає)
          ЛІНК: 73001 пакетів, втрачено 198 (0.270%) | пауз 0: лінк 0 / борт 0 | найдовша 0 мс
   60.1 с | показано 3540 (58.9/с) | GPU 3.31 мс | h265 1920x1080: нових 3495, повтор 45, дроп 46 | ЗАТРИМКА 10.3 мс | ФАЗА 6.5 мс (дрейф +0.91 мс/с) | опит 11.7
          ЧАСТОТИ: камера 58.7001 | екран 59.0048 | різниця -305 мГц -> дрейф має бути +5.16 мс/с
          інтервали: вхід 2.0/17.0/147.1 -> вихід 2.1/17.0/149.5 | ДЕКОД 0.7/2.2/5.6 мс
          ФАПЧ: фаза 6.57 -> ціль 5.98 (похибка +0.59 мс) | опит 11.68 − запас 5.70 (розкид 1.43) | затримка 10.4 мс | камера -1050 мГц | екран 59.0048 Гц | ведення
          OSD: квадів 178 | збірок 1191 по 0.28 мс | телеметрія: пакетів 2426, CRC-збоїв 0
          КРОК ЗЙОМКИ: норма 97.46% | повтор 45 | коротко 0 | пропуск 45 | розмах 10.1..149.5 мс
          КАНАЛ 2 (порт 5001): 720x480 | нових 1496, повтор 2044, дроп 1
          ЗАПИС: не йде (носія немає)
          ЛІНК: 75514 пакетів, втрачено 198 (0.262%) | пауз 0: лінк 0 / борт 0 | найдовша 0 мс
   62.1 с | показано 3659 (58.9/с) | GPU 3.49 мс | h265 1920x1080: нових 3613, повтор 45, дроп 46 | ЗАТРИМКА 10.9 мс | ФАЗА 6.0 мс (дрейф -0.28 мс/с) | опит 11.4
          ЧАСТОТИ: камера 59.0858 | екран 59.0035 | різниця +82 мГц -> дрейф має бути -1.39 мс/с
          інтервали: вхід 2.0/17.0/147.1 -> вихід 2.1/17.0/149.5 | ДЕКОД 0.7/2.2/5.6 мс
          ФАПЧ: фаза 6.00 -> ціль 5.35 (похибка +0.64 мс) | опит 11.15 − запас 5.80 (розкид 1.45) | затримка 11.0 мс | камера -1037 мГц | екран 59.0041 Гц | ведення
          OSD: квадів 178 | збірок 1230 по 0.37 мс | телеметрія: пакетів 2511, CRC-збоїв 0
          КРОК ЗЙОМКИ: норма 97.54% | повтор 45 | коротко 0 | пропуск 45 | розмах 10.1..149.5 мс
          КАНАЛ 2 (порт 5001): 720x480 | нових 1546, повтор 2112, дроп 1
          ЗАПИС: не йде (носія немає)
          ЛІНК: 78045 пакетів, втрачено 198 (0.253%) | пауз 0: лінк 0 / борт 0 | найдовша 0 мс
[носій] монтую /dev/sda1
[носій]   Mounted /dev/sda1 at /media/root/USB128
[носій] /media/root/USB128, вільно 99.1 ГБ з 123.8
[запис pip] почав: /media/root/USB128/2026-07-28/20260728_082706_pip.mkv
[запис main] почав: /media/root/USB128/2026-07-28/20260728_082706_main.mkv
[субтитри] /media/root/USB128/2026-07-28/20260728_082706_main.ass
[субтитри] /media/root/USB128/2026-07-28/20260728_082706_main.debug.ass
   64.1 с | показано 3776 (58.9/с) | GPU 3.62 мс | h265 1920x1080: нових 3730, повтор 45, дроп 47 | ЗАТРИМКА 11.0 мс | ФАЗА 6.2 мс (дрейф +0.13 мс/с) | опит 11.2
          ЧАСТОТИ: камера 59.0450 | екран 59.0045 | різниця +40 мГц -> дрейф має бути -0.69 мс/с
          інтервали: вхід 2.0/17.0/147.1 -> вихід 2.1/17.0/149.5 | ДЕКОД 0.7/2.2/5.6 мс
          ФАПЧ: фаза 6.19 -> ціль 5.70 (похибка +0.50 мс) | опит 11.45 − запас 5.75 (розкид 1.44) | затримка 10.8 мс | камера -1057 мГц | екран 59.0045 Гц | ведення
          OSD: квадів 178 | збірок 1270 по 0.26 мс | телеметрія: пакетів 2592, CRC-збоїв 0
          КРОК ЗЙОМКИ: норма 97.59% | повтор 45 | коротко 0 | пропуск 46 | розмах 10.1..149.5 мс
          КАНАЛ 2 (порт 5001): 720x480 | нових 1596, повтор 2179, дроп 1
          ЗАПИС: 0.4 МБ | файлів 2 (ротацій 0, рестартів 0) | носій вільно 99.1 ГБ | syncfs 0/6950 мс
          ЗАПИС 2: 0.5 МБ | файлів 2
          ЛІНК: 80575 пакетів, втрачено 198 (0.245%) | пауз 0: лінк 0 / борт 0 | найдовша 0 мс
   66.1 с | показано 3894 (58.9/с) | GPU 3.46 мс | h265 1920x1080: нових 3847, повтор 46, дроп 48 | ЗАТРИМКА 11.6 мс | ФАЗА 5.3 мс (дрейф -1.07 мс/с) | опит 11.5
          ЧАСТОТИ: камера 59.0322 | екран 59.0047 | різниця +27 мГц -> дрейф має бути -0.47 мс/с
          інтервали: вхід 2.0/17.0/147.1 -> вихід 2.1/17.0/149.5 | ДЕКОД 0.7/2.2/5.6 мс
          ФАПЧ: фаза 5.05 -> ціль 5.75 (похибка -0.70 мс) | опит 11.44 − запас 5.69 (розкид 1.42) | затримка 11.9 мс | камера -1102 мГц | екран 59.0048 Гц | ведення
          OSD: квадів 178 | збірок 1310 по 0.25 мс | телеметрія: пакетів 2668, CRC-збоїв 0
          КРОК ЗЙОМКИ: норма 97.61% | повтор 46 | коротко 0 | пропуск 47 | розмах 10.1..149.5 мс
          КАНАЛ 2 (порт 5001): 720x480 | нових 1646, повтор 2247, дроп 1
          ЗАПИС: 3.7 МБ | файлів 2 (ротацій 0, рестартів 0) | носій вільно 99.1 ГБ | syncfs 0/6950 мс
          ЗАПИС 2: 2.7 МБ | файлів 2
          ЛІНК: 83092 пакетів, втрачено 198 (0.238%) | пауз 0: лінк 0 / борт 0 | найдовша 0 мс
   68.1 с | показано 4012 (58.9/с) | GPU 3.03 мс | h265 1920x1080: нових 3964, повтор 47, дроп 49 | ЗАТРИМКА 10.8 мс | ФАЗА 6.1 мс (дрейф +0.51 мс/с) | опит 12.0
          ЧАСТОТИ: камера 59.0247 | екран 59.0044 | різниця +20 мГц -> дрейф має бути -0.34 мс/с
          інтервали: вхід 2.0/17.0/147.1 -> вихід 2.1/17.0/149.5 | ДЕКОД 0.7/2.2/5.6 мс
          ФАПЧ: фаза 6.15 -> ціль 6.03 (похибка +0.12 мс) | опит 11.99 − запас 5.96 (розкид 1.49) | затримка 10.8 мс | камера -1066 мГц | екран 59.0047 Гц | ведення
          OSD: квадів 178 | збірок 1350 по 0.25 мс | телеметрія: пакетів 2750, CRC-збоїв 0
          КРОК ЗЙОМКИ: норма 97.63% | повтор 47 | коротко 0 | пропуск 48 | розмах 10.1..149.5 мс
          КАНАЛ 2 (порт 5001): 720x480 | нових 1696, повтор 2315, дроп 1
          ЗАПИС: 7.0 МБ | файлів 2 (ротацій 0, рестартів 0) | носій вільно 99.1 ГБ | syncfs 0/6950 мс
          ЗАПИС 2: 4.9 МБ | файлів 2
          ЛІНК: 85606 пакетів, втрачено 198 (0.231%) | пауз 0: лінк 0 / борт 0 | найдовша 0 мс
[носій] /media/root/USB128, вільно 99.0 ГБ з 123.8
   70.1 с | показано 4130 (58.9/с) | GPU 2.99 мс | h265 1920x1080: нових 4082, повтор 47, дроп 49 | ЗАТРИМКА 10.9 мс | ФАЗА 5.8 мс (дрейф +0.02 мс/с) | опит 12.1
          ЧАСТОТИ: камера 59.0056 | екран 59.0045 | різниця +1 мГц -> дрейф має бути -0.02 мс/с
          інтервали: вхід 2.0/17.0/147.1 -> вихід 2.1/17.0/149.5 | ДЕКОД 0.7/2.2/5.6 мс
          ФАПЧ: фаза 5.78 -> ціль 6.20 (похибка -0.42 мс) | опит 12.05 − запас 5.85 (розкид 1.46) | затримка 11.2 мс | камера -1089 мГц | екран 59.0047 Гц | ведення
          OSD: квадів 178 | збірок 1389 по 0.23 мс | телеметрія: пакетів 2827, CRC-збоїв 0
          КРОК ЗЙОМКИ: норма 97.70% | повтор 47 | коротко 0 | пропуск 48 | розмах 10.1..149.5 мс
          КАНАЛ 2 (порт 5001): 720x480 | нових 1746, повтор 2383, дроп 1
          ЗАПИС: 10.3 МБ | файлів 2 (ротацій 0, рестартів 0) | носій вільно 99.0 ГБ | syncfs 1347/6950 мс
          ЗАПИС 2: 7.1 МБ | файлів 2
          ЛІНК: 88129 пакетів, втрачено 198 (0.224%) | пауз 0: лінк 0 / борт 0 | найдовша 0 мс
   72.1 с | показано 4248 (58.9/с) | GPU 3.58 мс | h265 1920x1080: нових 4201, повтор 47, дроп 49 | ЗАТРИМКА 10.2 мс | ФАЗА 6.8 мс (дрейф +0.45 мс/с) | опит 11.3
          ЧАСТОТИ: камера 59.0117 | екран 59.0047 | різниця +7 мГц -> дрейф має бути -0.12 мс/с
          інтервали: вхід 2.0/17.0/147.1 -> вихід 2.1/17.0/149.5 | ДЕКОД 0.7/2.2/5.6 мс
          ФАПЧ: фаза 6.26 -> ціль 5.92 (похибка +0.34 мс) | опит 11.66 − запас 5.74 (розкид 1.43) | затримка 10.7 мс | камера -1057 мГц | екран 59.0046 Гц | ЗАХОПЛЕНО
          OSD: квадів 178 | збірок 1429 по 0.37 мс | телеметрія: пакетів 2901, CRC-збоїв 0
          КРОК ЗЙОМКИ: норма 97.76% | повтор 47 | коротко 0 | пропуск 48 | розмах 10.1..149.5 мс
          КАНАЛ 2 (порт 5001): 720x480 | нових 1796, повтор 2452, дроп 1
          ЗАПИС: 13.5 МБ | файлів 2 (ротацій 0, рестартів 0) | носій вільно 99.0 ГБ | syncfs 1347/6950 мс
          ЗАПИС 2: 9.3 МБ | файлів 2
          ЛІНК: 90637 пакетів, втрачено 198 (0.218%) | пауз 0: лінк 0 / борт 0 | найдовша 0 мс
[cam] video0.fpsTrimMilliHz=-1102: не з'єдналося з 192.168.1.10:80
   74.1 с | показано 4365 (58.9/с) | GPU 3.07 мс | h265 1920x1080: нових 4310, повтор 55, дроп 51 | ЗАТРИМКА 16.1 мс | ФАЗА 5.4 мс (дрейф -0.83 мс/с) | опит 12.0
          ЧАСТОТИ: камера 58.5190 | екран 59.0047 | різниця -486 мГц -> дрейф має бути +8.23 мс/с
          інтервали: вхід 2.0/17.0/147.1 -> вихід 2.1/17.0/149.5 | ДЕКОД 0.5/2.2/5.6 мс
          ФАПЧ: фаза 5.30 -> ціль 6.17 (похибка -0.87 мс) | опит 12.06 − запас 5.89 (розкид 1.47) | затримка 11.6 мс | камера -1094 мГц | екран 59.0047 Гц | ведення | КАМЕРА НЕ ВІДПОВІДАЄ
          OSD: квадів 178 | збірок 1469 по 0.22 мс | телеметрія: пакетів 2988, CRC-збоїв 0
          КРОК ЗЙОМКИ: норма 97.55% | повтор 55 | коротко 0 | пропуск 52 | розмах 10.1..149.5 мс
          КАНАЛ 2 (порт 5001): 720x480 | нових 1841, повтор 2524, дроп 1
          ЗАПИС: 16.6 МБ | файлів 2 (ротацій 0, рестартів 0) | носій вільно 99.0 ГБ | syncfs 1347/6950 мс | СКИДАЮ
          ЗАПИС 2: 11.3 МБ | файлів 2
          ЛІНК: 93090 пакетів, втрачено 268 (0.287%) | пауз 0: лінк 0 / борт 0 | найдовша 0 мс
   76.1 с | показано 4484 (58.9/с) | GPU 2.95 мс | h265 1920x1080: нових 4428, повтор 55, дроп 51 | ЗАТРИМКА 10.9 мс | ФАЗА 5.9 мс (дрейф +0.27 мс/с) | опит 12.1
          ЧАСТОТИ: камера 58.5715 | екран 59.0047 | різниця -433 мГц -> дрейф має бути +7.34 мс/с
          інтервали: вхід 2.0/17.0/147.1 -> вихід 2.1/17.0/149.5 | ДЕКОД 0.5/2.2/5.6 мс
          ФАПЧ: фаза 5.93 -> ціль 5.88 (похибка +0.05 мс) | опит 12.09 − запас 6.21 (розкид 1.55) | затримка 11.0 мс | камера -1072 мГц | екран 59.0047 Гц | ЗАХОПЛЕНО
          OSD: квадів 178 | збірок 1508 по 0.40 мс | телеметрія: пакетів 3064, CRC-збоїв 0
          КРОК ЗЙОМКИ: норма 97.61% | повтор 55 | коротко 0 | пропуск 52 | розмах 10.1..149.5 мс
          КАНАЛ 2 (порт 5001): 720x480 | нових 1891, повтор 2592, дроп 1
          ЗАПИС: 19.9 МБ | файлів 2 (ротацій 0, рестартів 0) | носій вільно 99.0 ГБ | syncfs 1347/6950 мс | СКИДАЮ
          ЗАПИС 2: 13.4 МБ | файлів 2
          ЛІНК: 95618 пакетів, втрачено 268 (0.279%) | пауз 0: лінк 0 / борт 0 | найдовша 0 мс
   78.1 с | показано 4602 (58.9/с) | GPU 3.10 мс | h265 1920x1080: нових 4546, повтор 55, дроп 51 | ЗАТРИМКА 11.2 мс | ФАЗА 5.7 мс (дрейф -0.31 мс/с) | опит 11.9
          ЧАСТОТИ: камера 58.6277 | екран 59.0047 | різниця -377 мГц -> дрейф має бути +6.39 мс/с
          інтервали: вхід 2.0/17.0/147.1 -> вихід 2.1/17.0/149.5 | ДЕКОД 0.5/2.2/5.6 мс
          ФАПЧ: фаза 5.69 -> ціль 5.92 (похибка -0.23 мс) | опит 11.89 − запас 5.97 (розкид 1.49) | затримка 11.3 мс | камера -1076 мГц | екран 59.0047 Гц | ведення
          OSD: квадів 178 | збірок 1548 по 0.24 мс | телеметрія: пакетів 3151, CRC-збоїв 0
          КРОК ЗЙОМКИ: норма 97.67% | повтор 55 | коротко 0 | пропуск 52 | розмах 10.1..149.5 мс
          КАНАЛ 2 (порт 5001): 720x480 | нових 1941, повтор 2660, дроп 1
          ЗАПИС: 23.2 МБ | файлів 2 (ротацій 0, рестартів 0) | носій вільно 99.0 ГБ | syncfs 3787/6950 мс
          ЗАПИС 2: 15.6 МБ | файлів 2
          ЛІНК: 98120 пакетів, втрачено 268 (0.272%) | пауз 0: лінк 0 / борт 0 | найдовша 0 мс
   80.1 с | показано 4720 (58.9/с) | GPU 3.06 мс | h265 1920x1080: нових 4664, повтор 55, дроп 51 | ЗАТРИМКА 10.9 мс | ФАЗА 6.2 мс (дрейф +0.28 мс/с) | опит 12.0
          ЧАСТОТИ: камера 58.6704 | екран 59.0047 | різниця -334 мГц -> дрейф має бути +5.67 мс/с
          інтервали: вхід 2.0/17.0/147.1 -> вихід 2.1/17.0/149.5 | ДЕКОД 0.5/2.2/5.6 мс
          ФАПЧ: фаза 6.15 -> ціль 6.01 (похибка +0.14 мс) | опит 11.97 − запас 5.96 (розкид 1.49) | затримка 10.8 мс | камера -1063 мГц | екран 59.0047 Гц | ЗАХОПЛЕНО
          OSD: квадів 178 | збірок 1588 по 0.20 мс | телеметрія: пакетів 3228, CRC-збоїв 0
          КРОК ЗЙОМКИ: норма 97.73% | повтор 55 | коротко 0 | пропуск 52 | розмах 10.1..149.5 мс
          КАНАЛ 2 (порт 5001): 720x480 | нових 1991, повтор 2728, дроп 1
          ЗАПИС: 26.4 МБ | файлів 2 (ротацій 0, рестартів 0) | носій вільно 99.0 ГБ | syncfs 3787/6950 мс | СКИДАЮ
          ЗАПИС 2: 17.8 МБ | файлів 2
          ЛІНК: 100643 пакетів, втрачено 268 (0.266%) | пауз 0: лінк 0 / борт 0 | найдовша 0 мс
   82.1 с | показано 4838 (58.9/с) | GPU 3.78 мс | h265 1920x1080: нових 4781, повтор 56, дроп 52 | ЗАТРИМКА 11.0 мс | ФАЗА 6.0 мс (дрейф +0.14 мс/с) | опит 11.0
          ЧАСТОТИ: камера 58.6872 | екран 59.0047 | різниця -317 мГц -> дрейф має бути +5.38 мс/с
          інтервали: вхід 2.0/17.0/147.1 -> вихід 2.1/17.0/149.5 | ДЕКОД 0.5/2.2/5.6 мс
          ФАПЧ: фаза 5.99 -> ціль 5.20 (похибка +0.80 мс) | опит 11.00 − запас 5.80 (розкид 1.45) | затримка 11.0 мс | камера -1034 мГц | екран 59.0047 Гц | ведення
          OSD: квадів 178 | збірок 1627 по 0.24 мс | телеметрія: пакетів 3312, CRC-збоїв 0
          КРОК ЗЙОМКИ: норма 97.75% | повтор 56 | коротко 0 | пропуск 53 | розмах 10.1..149.5 мс
          КАНАЛ 2 (порт 5001): 720x480 | нових 2041, повтор 2796, дроп 1
          ЗАПИС: 29.7 МБ | файлів 2 (ротацій 0, рестартів 0) | носій вільно 99.0 ГБ | syncfs 2005/6950 мс
          ЗАПИС 2: 20.0 МБ | файлів 2
          ЛІНК: 103173 пакетів, втрачено 268 (0.259%) | пауз 0: лінк 0 / борт 0 | найдовша 0 мс
   84.1 с | показано 4956 (58.9/с) | GPU 3.42 мс | h265 1920x1080: нових 4900, повтор 56, дроп 52 | ЗАТРИМКА 12.0 мс | ФАЗА 5.0 мс (дрейф -0.75 мс/с) | опит 11.5
          ЧАСТОТИ: камера 58.7210 | екран 59.0047 | різниця -284 мГц -> дрейф має бути +4.81 мс/с
          інтервали: вхід 2.0/17.0/147.1 -> вихід 2.1/17.0/149.5 | ДЕКОД 0.5/2.2/5.6 мс
          ФАПЧ: фаза 4.99 -> ціль 5.73 (похибка -0.74 мс) | опит 11.51 − запас 5.77 (розкид 1.44) | затримка 12.0 мс | камера -1101 мГц | екран 59.0047 Гц | ведення
          OSD: квадів 178 | збірок 1667 по 0.28 мс | телеметрія: пакетів 3388, CRC-збоїв 0
          КРОК ЗЙОМКИ: норма 97.80% | повтор 56 | коротко 0 | пропуск 53 | розмах 10.1..149.5 мс
          КАНАЛ 2 (порт 5001): 720x480 | нових 2092, повтор 2864, дроп 1
          ЗАПИС: 33.0 МБ | файлів 2 (ротацій 0, рестартів 0) | носій вільно 99.0 ГБ | syncfs 2005/6950 мс | СКИДАЮ
          ЗАПИС 2: 22.3 МБ | файлів 2
          ЛІНК: 105674 пакетів, втрачено 268 (0.253%) | пауз 0: лінк 0 / борт 0 | найдовша 0 мс
   86.1 с | показано 5074 (58.9/с) | GPU 3.07 мс | h265 1920x1080: нових 5018, повтор 56, дроп 52 | ЗАТРИМКА 11.0 мс | ФАЗА 5.8 мс (дрейф +0.55 мс/с) | опит 12.0
          ЧАСТОТИ: камера 58.7431 | екран 59.0047 | різниця -262 мГц -> дрейф має бути +4.43 мс/с
          інтервали: вхід 2.0/17.0/147.1 -> вихід 2.1/17.0/149.5 | ДЕКОД 0.5/2.2/5.6 мс
          ФАПЧ: фаза 6.08 -> ціль 6.14 (похибка -0.06 мс) | опит 11.93 − запас 5.79 (розкид 1.45) | затримка 10.9 мс | камера -1081 мГц | екран 59.0047 Гц | ведення
          OSD: квадів 178 | збірок 1707 по 0.40 мс | телеметрія: пакетів 3480, CRC-збоїв 0
          КРОК ЗЙОМКИ: норма 97.85% | повтор 56 | коротко 0 | пропуск 53 | розмах 10.1..149.5 мс
          КАНАЛ 2 (порт 5001): 720x480 | нових 2142, повтор 2932, дроп 1
          ЗАПИС: 36.3 МБ | файлів 2 (ротацій 0, рестартів 0) | носій вільно 99.0 ГБ | syncfs 2005/6950 мс | СКИДАЮ
          ЗАПИС 2: 24.4 МБ | файлів 2
          ЛІНК: 108197 пакетів, втрачено 268 (0.247%) | пауз 0: лінк 0 / борт 0 | найдовша 0 мс
   88.1 с | показано 5192 (58.9/с) | GPU 3.25 мс | h265 1920x1080: нових 5136, повтор 56, дроп 52 | ЗАТРИМКА 11.0 мс | ФАЗА 6.1 мс (дрейф +0.04 мс/с) | опит 11.7
          ЧАСТОТИ: камера 58.7549 | екран 59.0047 | різниця -250 мГц -> дрейф має бути +4.23 мс/с
          інтервали: вхід 2.0/17.0/147.1 -> вихід 2.1/17.0/149.5 | ДЕКОД 0.5/2.2/5.6 мс
          ФАПЧ: фаза 5.89 -> ціль 5.90 (похибка -0.01 мс) | опит 11.74 − запас 5.83 (розкид 1.46) | затримка 11.1 мс | камера -1071 мГц | екран 59.0047 Гц | ЗАХОПЛЕНО
          OSD: квадів 178 | збірок 1746 по 0.41 мс | телеметрія: пакетів 3557, CRC-збоїв 0
          КРОК ЗЙОМКИ: норма 97.90% | повтор 56 | коротко 0 | пропуск 53 | розмах 10.1..149.5 мс
          КАНАЛ 2 (порт 5001): 720x480 | нових 2192, повтор 3000, дроп 1
          ЗАПИС: 39.6 МБ | файлів 2 (ротацій 0, рестартів 0) | носій вільно 99.0 ГБ | syncfs 2996/6950 мс
          ЗАПИС 2: 26.6 МБ | файлів 2
          ЛІНК: 110733 пакетів, втрачено 268 (0.241%) | пауз 0: лінк 0 / борт 0 | найдовша 0 мс
   90.1 с | показано 5311 (58.9/с) | GPU 3.28 мс | h265 1920x1080: нових 5254, повтор 56, дроп 52 | ЗАТРИМКА 10.8 мс | ФАЗА 5.9 мс (дрейф +0.11 мс/с) | опит 11.7
          ЧАСТОТИ: камера 58.7661 | екран 59.0047 | різниця -239 мГц -> дрейф має бути +4.04 мс/с
          інтервали: вхід 2.0/17.0/147.1 -> вихід 2.1/17.0/149.5 | ДЕКОД 0.5/2.2/5.6 мс
          ФАПЧ: фаза 6.23 -> ціль 6.16 (похибка +0.07 мс) | опит 12.06 − запас 5.90 (розкид 1.47) | затримка 10.7 мс | камера -1069 мГц | екран 59.0047 Гц | ЗАХОПЛЕНО
          OSD: квадів 178 | збірок 1786 по 0.39 мс | телеметрія: пакетів 3640, CRC-збоїв 0
          КРОК ЗЙОМКИ: норма 97.95% | повтор 56 | коротко 0 | пропуск 53 | розмах 10.1..149.5 мс
          КАНАЛ 2 (порт 5001): 720x480 | нових 2242, повтор 3068, дроп 1
          ЗАПИС: 42.8 МБ | файлів 2 (ротацій 0, рестартів 0) | носій вільно 99.0 ГБ | syncfs 2996/6950 мс | СКИДАЮ
          ЗАПИС 2: 28.8 МБ | файлів 2
          ЛІНК: 113237 пакетів, втрачено 268 (0.236%) | пауз 0: лінк 0 / борт 0 | найдовша 0 мс
   92.1 с | показано 5429 (58.9/с) | GPU 3.29 мс | h265 1920x1080: нових 5372, повтор 56, дроп 52 | ЗАТРИМКА 10.9 мс | ФАЗА 6.0 мс (дрейф -0.15 мс/с) | опит 11.7
          ЧАСТОТИ: камера 59.1490 | екран 59.0044 | різниця +145 мГц -> дрейф має бути -2.45 мс/с
          інтервали: вхід 2.0/17.0/147.1 -> вихід 2.1/17.0/149.5 | ДЕКОД 0.5/2.2/5.6 мс
          ФАПЧ: фаза 5.95 -> ціль 5.98 (похибка -0.03 мс) | опит 11.72 − запас 5.74 (розкид 1.44) | затримка 11.0 мс | камера -1072 мГц | екран 59.0044 Гц | ЗАХОПЛЕНО
          OSD: квадів 178 | збірок 1825 по 0.30 мс | телеметрія: пакетів 3711, CRC-збоїв 0
          КРОК ЗЙОМКИ: норма 97.99% | повтор 56 | коротко 0 | пропуск 53 | розмах 10.1..149.5 мс
          КАНАЛ 2 (порт 5001): 720x480 | нових 2292, повтор 3136, дроп 1
          ЗАПИС: 46.1 МБ | файлів 2 (ротацій 0, рестартів 0) | носій вільно 99.0 ГБ | syncfs 2996/6950 мс | СКИДАЮ
          ЗАПИС 2: 31.0 МБ | файлів 2
          ЛІНК: 115772 пакетів, втрачено 268 (0.231%) | пауз 0: лінк 0 / борт 0 | найдовша 0 мс
   94.1 с | показано 5547 (58.9/с) | GPU 3.07 мс | h265 1920x1080: нових 5490, повтор 56, дроп 52 | ЗАТРИМКА 10.9 мс | ФАЗА 5.9 мс (дрейф +0.06 мс/с) | опит 12.0
          ЧАСТОТИ: камера 59.0827 | екран 59.0045 | різниця +78 мГц -> дрейф має бути -1.33 мс/с
          інтервали: вхід 2.0/17.0/147.1 -> вихід 2.1/17.0/149.5 | ДЕКОД 0.5/2.2/5.6 мс
          ФАПЧ: фаза 5.97 -> ціль 6.14 (похибка -0.17 мс) | опит 11.88 − запас 5.74 (розкид 1.44) | затримка 11.0 мс | камера -1078 мГц | екран 59.0045 Гц | ЗАХОПЛЕНО
          OSD: квадів 178 | збірок 1865 по 0.12 мс | телеметрія: пакетів 3787, CRC-збоїв 0
          КРОК ЗЙОМКИ: норма 98.03% | повтор 56 | коротко 0 | пропуск 53 | розмах 10.1..149.5 мс
          КАНАЛ 2 (порт 5001): 720x480 | нових 2342, повтор 3204, дроп 1
          ЗАПИС: 49.4 МБ | файлів 2 (ротацій 0, рестартів 0) | носій вільно 99.0 ГБ | syncfs 3678/6950 мс | СКИДАЮ
          ЗАПИС 2: 33.2 МБ | файлів 2
          ЛІНК: 118289 пакетів, втрачено 268 (0.226%) | пауз 0: лінк 0 / борт 0 | найдовша 0 мс
   96.1 с | показано 5665 (58.9/с) | GPU 2.90 мс | h265 1920x1080: нових 5607, повтор 57, дроп 52 | ЗАТРИМКА 11.9 мс | ФАЗА 6.6 мс (дрейф +0.17 мс/с) | опит 12.2
          ЧАСТОТИ: камера 58.9435 | екран 59.0044 | різниця -61 мГц -> дрейф має бути +1.03 мс/с
          інтервали: вхід 2.0/17.0/147.1 -> вихід 2.1/17.0/149.5 | ДЕКОД 0.5/2.2/5.6 мс
          ФАПЧ: фаза 6.26 -> ціль 6.46 (похибка -0.20 мс) | опит 12.12 − запас 5.67 (розкид 1.42) | затримка 10.7 мс | камера -1078 мГц | екран 59.0046 Гц | ведення
          OSD: квадів 178 | збірок 1905 по 0.13 мс | телеметрія: пакетів 3860, CRC-збоїв 0
          КРОК ЗЙОМКИ: норма 98.04% | повтор 57 | коротко 0 | пропуск 54 | розмах 10.1..149.5 мс
          КАНАЛ 2 (порт 5001): 720x480 | нових 2391, повтор 3273, дроп 1
          ЗАПИС: 52.7 МБ | файлів 2 (ротацій 0, рестартів 0) | носій вільно 99.0 ГБ | syncfs 3678/6950 мс | СКИДАЮ
          ЗАПИС 2: 35.4 МБ | файлів 2
          ЛІНК: 120774 пакетів, втрачено 268 (0.221%) | пауз 0: лінк 0 / борт 0 | найдовша 0 мс
   98.1 с | показано 5783 (58.9/с) | GPU 3.18 мс | h265 1920x1080: нових 5717, повтор 65, дроп 53 | ЗАТРИМКА 11.3 мс | ФАЗА 5.7 мс (дрейф -0.12 мс/с) | опит 11.8
          ЧАСТОТИ: камера 58.0627 | екран 59.0047 | різниця -942 мГц -> дрейф має бути +15.97 мс/с
          інтервали: вхід 2.0/17.0/147.1 -> вихід 2.1/17.0/149.5 | ДЕКОД 0.5/2.2/5.6 мс
          ФАПЧ: фаза 5.92 -> ціль 5.63 (похибка +0.29 мс) | опит 11.69 − запас 6.06 (розкид 1.52) | затримка 11.0 мс | камера -1053 мГц | екран 59.0047 Гц | ведення
          OSD: квадів 178 | збірок 1945 по 0.06 мс | телеметрія: пакетів 3934, CRC-збоїв 0
          КРОК ЗЙОМКИ: норма 97.89% | повтор 65 | коротко 0 | пропуск 57 | розмах 10.1..149.5 мс
          КАНАЛ 2 (порт 5001): 720x480 | нових 2438, повтор 3344, дроп 1
          ЗАПИС: 55.7 МБ | файлів 2 (ротацій 0, рестартів 0) | носій вільно 99.0 ГБ | syncfs 3678/6950 мс | СКИДАЮ
          ЗАПИС 2: 37.4 МБ | файлів 2
          ЛІНК: 123242 пакетів, втрачено 365 (0.295%) | пауз 0: лінк 0 / борт 0 | найдовша 0 мс
  100.1 с | показано 5901 (58.9/с) | GPU 3.12 мс | h265 1920x1080: нових 5835, повтор 65, дроп 53 | ЗАТРИМКА 11.5 мс | ФАЗА 5.2 мс (дрейф -0.08 мс/с) | опит 11.9
          ЧАСТОТИ: камера 58.2569 | екран 59.0047 | різниця -748 мГц -> дрейф має бути +12.67 мс/с
          інтервали: вхід 2.0/17.0/147.1 -> вихід 2.1/17.0/149.5 | ДЕКОД 0.5/2.2/5.6 мс
          ФАПЧ: фаза 5.54 -> ціль 5.98 (похибка -0.43 мс) | опит 11.84 − запас 5.86 (розкид 1.47) | затримка 11.4 мс | камера -1090 мГц | екран 59.0046 Гц | ЗАХОПЛЕНО
          OSD: квадів 178 | збірок 1985 по 0.24 мс | телеметрія: пакетів 4023, CRC-збоїв 0
          КРОК ЗЙОМКИ: норма 97.93% | повтор 65 | коротко 0 | пропуск 57 | розмах 10.1..149.5 мс
          КАНАЛ 2 (порт 5001): 720x480 | нових 2488, повтор 3412, дроп 1
          ЗАПИС: 59.0 МБ | файлів 2 (ротацій 0, рестартів 0) | носій вільно 99.0 ГБ | syncfs 5718/6950 мс
          ЗАПИС 2: 39.6 МБ | файлів 2
          ЛІНК: 125744 пакетів, втрачено 365 (0.289%) | пауз 0: лінк 0 / борт 0 | найдовша 0 мс
  102.1 с | показано 6019 (58.9/с) | GPU 3.29 мс | h265 1920x1080: нових 5954, повтор 65, дроп 53 | ЗАТРИМКА 11.0 мс | ФАЗА 5.6 мс (дрейф +0.44 мс/с) | опит 11.7
          ЧАСТОТИ: камера 58.3642 | екран 59.0047 | різниця -640 мГц -> дрейф має бути +10.85 мс/с
          інтервали: вхід 2.0/17.0/147.1 -> вихід 2.1/17.0/149.5 | ДЕКОД 0.5/2.2/5.6 мс
          ФАПЧ: фаза 6.23 -> ціль 5.60 (похибка +0.63 мс) | опит 11.59 − запас 5.99 (розкид 1.50) | затримка 10.7 мс | камера -1043 мГц | екран 59.0047 Гц | ведення
          OSD: квадів 178 | збірок 2024 по 0.25 мс | телеметрія: пакетів 4106, CRC-збоїв 0
          КРОК ЗЙОМКИ: норма 97.97% | повтор 65 | коротко 0 | пропуск 57 | розмах 10.1..149.5 мс
          КАНАЛ 2 (порт 5001): 720x480 | нових 2538, повтор 3481, дроп 1
          ЗАПИС: 62.2 МБ | файлів 2 (ротацій 0, рестартів 0) | носій вільно 99.0 ГБ | syncfs 5718/6950 мс
          ЗАПИС 2: 41.8 МБ | файлів 2
          ЛІНК: 128271 пакетів, втрачено 365 (0.284%) | пауз 0: лінк 0 / борт 0 | найдовша 0 мс
  104.1 с | показано 6137 (58.9/с) | GPU 3.16 мс | h265 1920x1080: нових 6064, повтор 73, дроп 53 | ЗАТРИМКА 19.7 мс | ФАЗА 5.3 мс (дрейф -0.09 мс/с) | опит 11.8
          ЧАСТОТИ: камера 58.0502 | екран 59.0047 | різниця -954 мГц -> дрейф має бути +16.18 мс/с
          інтервали: вхід 2.0/17.0/147.1 -> вихід 2.1/17.0/149.5 | ДЕКОД 0.5/2.2/5.6 мс
          ФАПЧ: фаза 5.28 -> ціль 5.60 (похибка -0.32 мс) | опит 11.70 − запас 6.11 (розкид 1.53) | затримка 11.7 мс | камера -1081 мГц | екран 59.0047 Гц | ведення
          OSD: квадів 178 | збірок 2064 по 0.37 мс | телеметрія: пакетів 4192, CRC-збоїв 0
          КРОК ЗЙОМКИ: норма 97.85% | повтор 72 | коротко 0 | пропуск 60 | розмах 10.1..149.5 мс
          КАНАЛ 2 (порт 5001): 720x480 | нових 2584, повтор 3553, дроп 1
          ЗАПИС: 65.5 МБ | файлів 2 (ротацій 0, рестартів 0) | носій вільно 99.0 ГБ | syncfs 5718/6950 мс | СКИДАЮ
          ЗАПИС 2: 44.0 МБ | файлів 2
          ЛІНК: 130691 пакетів, втрачено 424 (0.323%) | пауз 0: лінк 0 / борт 0 | найдовша 0 мс
  106.1 с | показано 6256 (59.0/с) | GPU 2.91 мс | h265 1920x1080: нових 6181, повтор 74, дроп 54 | ЗАТРИМКА 11.6 мс | ФАЗА 5.1 мс (дрейф +0.19 мс/с) | опит 12.2
          ЧАСТОТИ: камера 58.0346 | екран 59.0047 | різниця -970 мГц -> дрейф має бути +16.44 мс/с
          інтервали: вхід 2.0/17.0/147.1 -> вихід 2.1/17.0/149.5 | ДЕКОД 0.5/2.2/5.6 мс
          ФАПЧ: фаза 5.45 -> ціль 5.82 (похибка -0.37 мс) | опит 12.13 − запас 6.31 (розкид 1.58) | затримка 11.5 мс | камера -1093 мГц | екран 59.0047 Гц | ведення
          OSD: квадів 178 | збірок 2104 по 0.40 мс | телеметрія: пакетів 4276, CRC-збоїв 0
          КРОК ЗЙОМКИ: норма 97.84% | повтор 74 | коротко 0 | пропуск 61 | розмах 10.1..149.5 мс
          КАНАЛ 2 (порт 5001): 720x480 | нових 2633, повтор 3622, дроп 1
          ЗАПИС: 68.6 МБ | файлів 2 (ротацій 0, рестартів 0) | носій вільно 99.0 ГБ | syncfs 5718/6950 мс | СКИДАЮ
          ЗАПИС 2: 46.0 МБ | файлів 2
          ЛІНК: 133236 пакетів, втрачено 439 (0.328%) | пауз 0: лінк 0 / борт 0 | найдовша 0 мс
[носій] /media/root/USB128, вільно 98.9 ГБ з 123.8
  108.1 с | показано 6374 (59.0/с) | GPU 3.25 мс | h265 1920x1080: нових 6299, повтор 74, дроп 54 | ЗАТРИМКА 11.1 мс | ФАЗА 5.8 мс (дрейф +0.29 мс/с) | опит 11.7
          ЧАСТОТИ: камера 58.1361 | екран 59.0047 | різниця -869 мГц -> дрейф має бути +14.72 мс/с
          інтервали: вхід 2.0/17.0/147.1 -> вихід 2.1/17.0/149.5 | ДЕКОД 0.5/2.2/5.6 мс
          ФАПЧ: фаза 5.79 -> ціль 5.74 (похибка +0.05 мс) | опит 11.79 − запас 6.05 (розкид 1.51) | затримка 11.2 мс | камера -1075 мГц | екран 59.0047 Гц | ЗАХОПЛЕНО
          OSD: квадів 178 | збірок 2143 по 0.27 мс | телеметрія: пакетів 4370, CRC-збоїв 0
          КРОК ЗЙОМКИ: норма 97.88% | повтор 74 | коротко 0 | пропуск 61 | розмах 10.1..149.5 мс
          КАНАЛ 2 (порт 5001): 720x480 | нових 2683, повтор 3690, дроп 1
          ЗАПИС: 71.8 МБ | файлів 2 (ротацій 0, рестартів 0) | носій вільно 98.9 ГБ | syncfs 5718/6950 мс | СКИДАЮ
          ЗАПИС 2: 48.2 МБ | файлів 2
          ЛІНК: 135752 пакетів, втрачено 439 (0.322%) | пауз 0: лінк 0 / борт 0 | найдовша 0 мс
  110.1 с | показано 6492 (58.9/с) | GPU 3.15 мс | h265 1920x1080: нових 6417, повтор 74, дроп 54 | ЗАТРИМКА 10.9 мс | ФАЗА 6.1 мс (дрейф +0.12 мс/с) | опит 11.9
          ЧАСТОТИ: камера 58.2339 | екран 59.0047 | різниця -771 мГц -> дрейф має бути +13.06 мс/с
          інтервали: вхід 2.0/17.0/147.1 -> вихід 2.1/17.0/149.5 | ДЕКОД 0.5/2.1/5.6 мс
          ФАПЧ: фаза 6.10 -> ціль 5.89 (похибка +0.21 мс) | опит 11.88 − запас 5.98 (розкид 1.50) | затримка 10.8 мс | камера -1061 мГц | екран 59.0047 Гц | ЗАХОПЛЕНО
          OSD: квадів 178 | збірок 2183 по 0.14 мс | телеметрія: пакетів 4454, CRC-збоїв 0
          КРОК ЗЙОМКИ: норма 97.92% | повтор 74 | коротко 0 | пропуск 61 | розмах 10.1..149.5 мс
          КАНАЛ 2 (порт 5001): 720x480 | нових 2733, повтор 3758, дроп 1
          ЗАПИС: 75.1 МБ | файлів 2 (ротацій 0, рестартів 0) | носій вільно 98.9 ГБ | syncfs 5718/6950 мс | СКИДАЮ
          ЗАПИС 2: 50.4 МБ | файлів 2
          ЛІНК: 138266 пакетів, втрачено 439 (0.316%) | пауз 0: лінк 0 / борт 0 | найдовша 0 мс
/home/dlof/VRX-GL/scripts/run.sh: line 89: 84762 Killed                  "$BIN" "$@"
=== станція зупинилась, код 137 ===
