[kms] vtotal 1125 -> 1144 (+19 рядків), частота 60.000 -> 59.003 Гц | рядкова 67.500 кГц і клок 148500 кГц незмінні
[kms] HDMI-A 1920x1080@59.003 | crtc=88 plane=56 | 14 форматів | колір: rgb 8 біт | бюджет кадру 16.95 мс
[gl] init: 1920x1080 fourcc=0x34325258, буферів 2
[gl] Mali-G610 | OpenGL ES 3.2 v1.g13p0-01eac0.68603db295fbf2c59ac6b927fdfb1c32
[h265] порт 5600, пайплайн[1] піднято
[pip] порт 5001, пайплайн[1] піднято
[gl] 2 буфер(и) 1920x1080, крок 7680 | період 16.95 мс | fence: є
[osd] зображення atlas.png: 2048x1400
[osd] атлас 2048x1400
[osd] гліфів 1095
[osd] зображення img/horizont_0.png: 1080x1080
[osd] зображення img/horizont_1.png: 1080x1080
[osd] зображення img/pgbar_empy.png: 1660x329
[osd] зображення img/pgbar_green.png: 1660x329
[osd] елементів layout 27
udp_listener: слухаю порт 50122
[osd] піднято: телеметрія на порту 50122, перезбирання раз на 50 мс
[фаза] петля піднята: камера 192.168.1.10, параметр video0.fpsTrimMilliHz
[носій] стежу за флешкою
[запис main] потік піднято, порт 5600
[локальні канали] піднято: опитування раз на 500 мс
[субтитри] елементів розкладки 26
[субтитри] дебажних каналів 96
[субтитри] піднято: знімок раз на 500 мс, PlayRes 1920x1080
[запис pip] потік піднято, порт 5001
[лінк main] стежу за портом 5600, поріг тиші 100 мс
[носій] /media/root/USB128, вільно 99.7 ГБ з 123.8
[gl] текстура оверлея atlas.png: 2048x1400
[gl] текстура оверлея img/horizont_0.png: 1080x1080
[gl] текстура оверлея img/horizont_1.png: 1080x1080
[gl] текстура оверлея img/pgbar_empy.png: 1660x329
[gl] текстура оверлея img/pgbar_green.png: 1660x329
[запис pip] почав: /media/root/USB128/2026-07-28/20260728_081743_pip.mkv
[запис main] почав: /media/root/USB128/2026-07-28/20260728_081743_main.mkv
[субтитри] /media/root/USB128/2026-07-28/20260728_081743_main.ass
[субтитри] /media/root/USB128/2026-07-28/20260728_081743_main.debug.ass

=== шар виводу ===
  HDMI-A 1920x1080@59.003
  розмір     1920x1080
  частота    59.003 Гц (бюджет кадру 16.948 мс)
  формат     0x34325258
  колір      RGB

arm_release_ver: g13p0-01eac0, rk_so_ver: 10
Джерел зареєстровано: 2
OSD піднято.
Працюю. Ctrl+C для виходу.
    2.0 с | показано 116 (57.9/с) | GPU 3.53 мс | h265 1920x1080: нових 110, повтор 6, дроп 11 | ЗАТРИМКА 14.5 мс | ФАЗА 1.6 мс (дрейф -15.48 мс/с) | опит 11.3
          ЧАСТОТИ: камера 60.2020 | екран 59.0049 | різниця +1197 мГц -> дрейф має бути -20.29 мс/с
          інтервали: вхід 10.4/16.6/21.7 -> вихід 9.4/16.6/23.0 | ДЕКОД 1.4/2.4/4.8 мс
          ФАПЧ: не веде (розігрів)
          OSD: квадів 176 | збірок 40 по 0.21 мс | телеметрія: пакетів 72, CRC-збоїв 0
          КРОК ЗЙОМКИ: норма 86.84% | повтор 6 | коротко 0 | пропуск 9 | розмах 12.4..37.5 мс
          КАНАЛ 2 (порт 5001): 720x480 | нових 51, повтор 66, дроп 2
          ЗАПИС: 2.5 МБ | файлів 1 (ротацій 0, рестартів 0) | носій вільно 99.7 ГБ | syncfs 0/0 мс
          ЗАПИС 2: 1.7 МБ | файлів 1
          ЛІНК: 2559 пакетів, втрачено 0 (0.000%) | пауз 0: лінк 0 / борт 0 | найдовша 0 мс
    4.0 с | показано 235 (58.7/с) | GPU 3.44 мс | h265 1920x1080: нових 224, повтор 10, дроп 17 | ЗАТРИМКА 12.5 мс | ФАЗА 4.9 мс (дрейф -16.30 мс/с) | опит 11.5
          ЧАСТОТИ: камера 60.0307 | екран 59.0046 | різниця +1026 мГц -> дрейф має бути -17.39 мс/с
          інтервали: вхід 10.4/16.7/22.6 -> вихід 9.4/16.7/23.0 | ДЕКОД 1.4/2.2/4.8 мс
          ФАПЧ: фаза 12.81 -> ціль 3.68 (похибка -7.82 мс) | опит 11.68 − запас 8.00 (розкид 2.06) | затримка 4.1 мс | камера -559 мГц | екран 59.0041 Гц | ведення
          OSD: квадів 176 | збірок 80 по 0.22 мс | телеметрія: пакетів 159, CRC-збоїв 0
          КРОК ЗЙОМКИ: норма 89.27% | повтор 10 | коротко 0 | пропуск 15 | розмах 11.9..37.5 мс
          КАНАЛ 2 (порт 5001): 720x480 | нових 101, повтор 134, дроп 2
          ЗАПИС: 5.8 МБ | файлів 1 (ротацій 0, рестартів 0) | носій вільно 99.7 ГБ | syncfs 0/0 мс
          ЗАПИС 2: 4.1 МБ | файлів 1
          ЛІНК: 5123 пакетів, втрачено 0 (0.000%) | пауз 0: лінк 0 / борт 0 | найдовша 0 мс
    6.0 с | показано 353 (58.8/с) | GPU 3.42 мс | h265 1920x1080: нових 336, повтор 16, дроп 24 | ЗАТРИМКА 16.3 мс | ФАЗА 0.5 мс (дрейф -11.43 мс/с) | опит 11.5
          ЧАСТОТИ: камера 59.8827 | екран 59.0047 | різниця +878 мГц -> дрейф має бути -14.88 мс/с
          інтервали: вхід 10.4/16.7/22.6 -> вихід 9.4/16.7/23.0 | ДЕКОД 1.4/2.2/4.8 мс
          ФАПЧ: фаза 3.41 -> ціль 4.29 (похибка -0.88 мс) | опит 11.86 − запас 7.58 (розкид 1.89) | затримка 13.5 мс | камера -626 мГц | екран 59.0047 Гц | ведення
          OSD: квадів 176 | збірок 120 по 0.25 мс | телеметрія: пакетів 237, CRC-збоїв 0
          КРОК ЗЙОМКИ: норма 89.17% | повтор 16 | коротко 0 | пропуск 22 | розмах 11.9..37.5 мс
          КАНАЛ 2 (порт 5001): 720x480 | нових 151, повтор 202, дроп 2
          ЗАПИС: 9.1 МБ | файлів 1 (ротацій 0, рестартів 0) | носій вільно 99.7 ГБ | syncfs 0/0 мс | СКИДАЮ
          ЗАПИС 2: 6.4 МБ | файлів 1
          ЛІНК: 7684 пакетів, втрачено 0 (0.000%) | пауз 0: лінк 0 / борт 0 | найдовша 0 мс
    8.0 с | показано 471 (58.8/с) | GPU 3.48 мс | h265 1920x1080: нових 435, повтор 35, дроп 44 | ЗАТРИМКА 11.8 мс | ФАЗА 6.3 мс (дрейф -5.13 мс/с) | опит 11.4
          ЧАСТОТИ: камера 59.7599 | екран 59.0047 | різниця +755 мГц -> дрейф має бути -12.80 мс/с
          інтервали: вхід 10.4/16.7/22.6 -> вихід 9.4/16.7/23.7 | ДЕКОД 1.4/2.2/4.8 мс
          ФАПЧ: фаза 8.87 -> ціль 4.47 (похибка +4.40 мс) | опит 11.50 − запас 7.03 (розкид 1.76) | затримка 8.1 мс | камера -643 мГц | екран 59.0047 Гц | ведення
          OSD: квадів 175 | збірок 160 по 0.24 мс | телеметрія: пакетів 318, CRC-збоїв 0
          КРОК ЗЙОМКИ: норма 83.58% | повтор 35 | коротко 0 | пропуск 42 | розмах 11.9..37.5 мс
          КАНАЛ 2 (порт 5001): 720x480 | нових 201, повтор 270, дроп 2
          ЗАПИС: 12.4 МБ | файлів 1 (ротацій 0, рестартів 0) | носій вільно 99.7 ГБ | syncfs 0/0 мс | СКИДАЮ
          ЗАПИС 2: 8.8 МБ | файлів 1
          ЛІНК: 10214 пакетів, втрачено 0 (0.000%) | пауз 0: лінк 0 / борт 0 | найдовша 0 мс
   10.0 с | показано 589 (58.8/с) | GPU 3.21 мс | h265 1920x1080: нових 553, повтор 35, дроп 44 | ЗАТРИМКА 16.3 мс | ФАЗА 0.7 мс (дрейф -1.80 мс/с) | опит 11.8
          ЧАСТОТИ: камера 59.6129 | екран 59.0047 | різниця +608 мГц -> дрейф має бути -10.31 мс/с
          інтервали: вхід 10.4/16.8/23.6 -> вихід 9.4/16.8/23.7 | ДЕКОД 1.4/2.2/4.8 мс
          ФАПЧ: фаза 0.17 -> ціль 5.83 (похибка -5.66 мс) | опит 11.74 − запас 5.91 (розкид 1.48) | затримка 16.8 мс | камера -1194 мГц | екран 59.0047 Гц | ведення
          OSD: квадів 175 | збірок 199 по 0.18 мс | телеметрія: пакетів 393, CRC-збоїв 0
          КРОК ЗЙОМКИ: норма 86.88% | повтор 35 | коротко 0 | пропуск 42 | розмах 11.9..37.5 мс
          КАНАЛ 2 (порт 5001): 720x480 | нових 251, повтор 338, дроп 2
          ЗАПИС: 15.7 МБ | файлів 1 (ротацій 0, рестартів 0) | носій вільно 99.7 ГБ | syncfs 4318/4318 мс
          ЗАПИС 2: 11.1 МБ | файлів 1
          ЛІНК: 12747 пакетів, втрачено 0 (0.000%) | пауз 0: лінк 0 / борт 0 | найдовша 0 мс
   12.0 с | показано 707 (58.8/с) | GPU 3.48 мс | h265 1920x1080: нових 672, повтор 35, дроп 44 | ЗАТРИМКА 12.9 мс | ФАЗА 4.3 мс (дрейф +1.95 мс/с) | опит 11.4
          ЧАСТОТИ: камера 59.4932 | екран 59.0047 | різниця +488 мГц -> дрейф має бути -8.28 мс/с
          інтервали: вхід 10.4/16.8/23.6 -> вихід 9.4/16.8/23.7 | ДЕКОД 1.4/2.2/4.8 мс
          ФАПЧ: фаза 3.95 -> ціль 5.82 (похибка -1.87 мс) | опит 11.46 − запас 5.64 (розкид 1.41) | затримка 13.0 мс | камера -1102 мГц | екран 59.0047 Гц | ведення
          OSD: квадів 176 | збірок 239 по 0.19 мс | телеметрія: пакетів 484, CRC-збоїв 0
          КРОК ЗЙОМКИ: норма 89.08% | повтор 35 | коротко 0 | пропуск 42 | розмах 11.9..37.5 мс
          КАНАЛ 2 (порт 5001): 720x480 | нових 302, повтор 406, дроп 2
          ЗАПИС: 19.0 МБ | файлів 1 (ротацій 0, рестартів 0) | носій вільно 99.7 ГБ | syncfs 1695/4318 мс
          ЗАПИС 2: 13.5 МБ | файлів 1
          ЛІНК: 15245 пакетів, втрачено 0 (0.000%) | пауз 0: лінк 0 / борт 0 | найдовша 0 мс
   14.0 с | показано 825 (58.9/с) | GPU 3.49 мс | h265 1920x1080: нових 790, повтор 35, дроп 44 | ЗАТРИМКА 12.3 мс | ФАЗА 4.1 мс (дрейф +0.06 мс/с) | опит 11.4
          ЧАСТОТИ: камера 59.4151 | екран 59.0047 | різниця +410 мГц -> дрейф має бути -6.95 мс/с
          інтервали: вхід 10.4/16.8/23.6 -> вихід 9.4/16.8/23.9 | ДЕКОД 1.4/2.2/4.8 мс
          ФАПЧ: фаза 4.57 -> ціль 5.94 (похибка -1.37 мс) | опит 11.68 − запас 5.74 (розкид 1.44) | затримка 12.4 мс | камера -1090 мГц | екран 59.0047 Гц | ведення
          OSD: квадів 176 | збірок 279 по 0.34 мс | телеметрія: пакетів 572, CRC-збоїв 0
          КРОК ЗЙОМКИ: норма 90.64% | повтор 35 | коротко 0 | пропуск 42 | розмах 11.2..37.5 мс
          КАНАЛ 2 (порт 5001): 720x480 | нових 352, повтор 474, дроп 2
          ЗАПИС: 22.3 МБ | файлів 1 (ротацій 0, рестартів 0) | носій вільно 99.7 ГБ | syncfs 1695/4318 мс
          ЗАПИС 2: 15.8 МБ | файлів 1
          ЛІНК: 17773 пакетів, втрачено 0 (0.000%) | пауз 0: лінк 0 / борт 0 | найдовша 0 мс
[cam] video0.fpsTrimMilliHz=-1103: не з'єдналося з 192.168.1.10:80
   16.0 с | показано 944 (58.9/с) | GPU 3.21 мс | h265 1920x1080: нових 900, повтор 43, дроп 44 | ЗАТРИМКА 14.0 мс | ФАЗА 4.3 мс (дрейф -0.61 мс/с) | опит 11.8
          ЧАСТОТИ: камера 58.8629 | екран 59.0047 | різниця -142 мГц -> дрейф має бути +2.40 мс/с
          інтервали: вхід 10.4/17.0/105.9 -> вихід 9.4/17.0/105.4 | ДЕКОД 0.4/2.2/4.8 мс
          ФАПЧ: фаза 4.24 -> ціль 5.69 (похибка -1.45 мс) | опит 11.79 − запас 6.10 (розкид 1.53) | затримка 12.7 мс | камера -1069 мГц | екран 59.0047 Гц | ведення | КАМЕРА НЕ ВІДПОВІДАЄ
          OSD: квадів 176 | збірок 319 по 0.22 мс | телеметрія: пакетів 652, CRC-збоїв 0
          КРОК ЗЙОМКИ: норма 90.66% | повтор 43 | коротко 0 | пропуск 45 | розмах 10.3..105.4 мс
          КАНАЛ 2 (порт 5001): 720x480 | нових 397, повтор 547, дроп 2
          ЗАПИС: 25.3 МБ | файлів 1 (ротацій 0, рестартів 0) | носій вільно 99.7 ГБ | syncfs 1695/4318 мс | СКИДАЮ
          ЗАПИС 2: 17.9 МБ | файлів 1
          ЛІНК: 20240 пакетів, втрачено 78 (0.384%) | пауз 0: лінк 0 / борт 0 | найдовша 0 мс
   18.0 с | показано 1062 (58.9/с) | GPU 3.54 мс | h265 1920x1080: нових 1018, повтор 43, дроп 44 | ЗАТРИМКА 12.0 мс | ФАЗА 5.3 мс (дрейф +0.72 мс/с) | опит 11.3
          ЧАСТОТИ: камера 58.8888 | екран 59.0047 | різниця -116 мГц -> дрейф має бути +1.97 мс/с
          інтервали: вхід 10.4/17.0/105.9 -> вихід 9.4/17.0/105.4 | ДЕКОД 0.4/2.2/4.8 мс
          ФАПЧ: фаза 4.78 -> ціль 4.95 (похибка -0.17 мс) | опит 11.32 − запас 6.37 (розкид 1.59) | затримка 12.2 мс | камера -1067 мГц | екран 59.0047 Гц | ведення
          OSD: квадів 176 | збірок 358 по 0.29 мс | телеметрія: пакетів 716, CRC-збоїв 0
          КРОК ЗЙОМКИ: норма 91.70% | повтор 43 | коротко 0 | пропуск 45 | розмах 10.3..105.4 мс
          КАНАЛ 2 (порт 5001): 720x480 | нових 447, повтор 615, дроп 2
          ЗАПИС: 28.6 МБ | файлів 1 (ротацій 0, рестартів 0) | носій вільно 99.7 ГБ | syncfs 1072/4318 мс
          ЗАПИС 2: 20.2 МБ | файлів 1
          ЛІНК: 22753 пакетів, втрачено 78 (0.342%) | пауз 0: лінк 0 / борт 0 | найдовша 0 мс
   20.0 с | показано 1180 (58.9/с) | GPU 3.44 мс | h265 1920x1080: нових 1136, повтор 43, дроп 44 | ЗАТРИМКА 12.4 мс | ФАЗА 4.6 мс (дрейф -0.08 мс/с) | опит 11.5
          ЧАСТОТИ: камера 58.9005 | екран 59.0047 | різниця -104 мГц -> дрейф має бути +1.77 мс/с
          інтервали: вхід 10.4/17.0/105.9 -> вихід 9.4/17.0/105.4 | ДЕКОД 0.4/2.2/4.8 мс
          ФАПЧ: фаза 4.60 -> ціль 5.28 (похибка -0.69 мс) | опит 11.44 − запас 6.16 (розкид 1.54) | затримка 12.4 мс | камера -1092 мГц | екран 59.0047 Гц | ведення
          OSD: квадів 176 | збірок 398 по 0.22 мс | телеметрія: пакетів 807, CRC-збоїв 0
          КРОК ЗЙОМКИ: норма 92.53% | повтор 43 | коротко 0 | пропуск 45 | розмах 10.3..105.4 мс
          КАНАЛ 2 (порт 5001): 720x480 | нових 497, повтор 683, дроп 2
          ЗАПИС: 31.9 МБ | файлів 1 (ротацій 0, рестартів 0) | носій вільно 99.7 ГБ | syncfs 1072/4318 мс
          ЗАПИС 2: 22.6 МБ | файлів 1
          ЛІНК: 25270 пакетів, втрачено 78 (0.308%) | пауз 0: лінк 0 / борт 0 | найдовша 0 мс
   22.0 с | показано 1298 (58.9/с) | GPU 3.11 мс | h265 1920x1080: нових 1254, повтор 43, дроп 44 | ЗАТРИМКА 11.2 мс | ФАЗА 5.7 мс (дрейф +0.62 мс/с) | опит 11.9
          ЧАСТОТИ: камера 58.9115 | екран 59.0047 | різниця -93 мГц -> дрейф має бути +1.58 мс/с
          інтервали: вхід 10.4/17.0/105.9 -> вихід 9.4/17.0/105.4 | ДЕКОД 0.4/2.1/4.8 мс
          ФАПЧ: фаза 5.41 -> ціль 6.15 (похибка -0.74 мс) | опит 11.86 − запас 5.71 (розкид 1.43) | затримка 11.5 мс | камера -1105 мГц | екран 59.0047 Гц | ведення
          OSD: квадів 176 | збірок 438 по 0.12 мс | телеметрія: пакетів 877, CRC-збоїв 0
          КРОК ЗЙОМКИ: норма 93.21% | повтор 43 | коротко 0 | пропуск 45 | розмах 10.3..105.4 мс
          КАНАЛ 2 (порт 5001): 720x480 | нових 547, повтор 751, дроп 2
          ЗАПИС: 35.1 МБ | файлів 1 (ротацій 0, рестартів 0) | носій вільно 99.7 ГБ | syncfs 1072/4318 мс | СКИДАЮ
          ЗАПИС 2: 24.9 МБ | файлів 1
          ЛІНК: 27783 пакетів, втрачено 78 (0.280%) | пауз 0: лінк 0 / борт 0 | найдовша 0 мс
   24.0 с | показано 1416 (58.9/с) | GPU 3.07 мс | h265 1920x1080: нових 1372, повтор 43, дроп 44 | ЗАТРИМКА 10.8 мс | ФАЗА 6.2 мс (дрейф +0.37 мс/с) | опит 12.0
          ЧАСТОТИ: камера 58.9114 | екран 59.0047 | різниця -93 мГц -> дрейф має бути +1.58 мс/с
          інтервали: вхід 10.4/17.0/105.9 -> вихід 9.4/17.0/105.4 | ДЕКОД 0.4/2.1/4.8 мс
          ФАПЧ: фаза 6.60 -> ціль 5.81 (похибка +0.78 мс) | опит 11.60 − запас 5.78 (розкид 1.45) | затримка 10.3 мс | камера -1033 мГц | екран 59.0047 Гц | ведення
          OSD: квадів 176 | збірок 478 по 0.24 мс | телеметрія: пакетів 960, CRC-збоїв 0
          КРОК ЗЙОМКИ: норма 93.78% | повтор 43 | коротко 0 | пропуск 45 | розмах 10.3..105.4 мс
          КАНАЛ 2 (порт 5001): 720x480 | нових 597, повтор 819, дроп 2
          ЗАПИС: 38.4 МБ | файлів 1 (ротацій 0, рестартів 0) | носій вільно 99.7 ГБ | syncfs 1072/4318 мс | СКИДАЮ
          ЗАПИС 2: 27.3 МБ | файлів 1
          ЛІНК: 30311 пакетів, втрачено 78 (0.257%) | пауз 0: лінк 0 / борт 0 | найдовша 0 мс
   26.0 с | показано 1534 (58.9/с) | GPU 3.00 мс | h265 1920x1080: нових 1491, повтор 43, дроп 44 | ЗАТРИМКА 10.8 мс | ФАЗА 5.8 мс (дрейф +0.01 мс/с) | опит 12.0
          ЧАСТОТИ: камера 58.9215 | екран 59.0047 | різниця -83 мГц -> дрейф має бути +1.41 мс/с
          інтервали: вхід 10.4/17.0/105.9 -> вихід 9.4/17.0/105.4 | ДЕКОД 0.4/2.1/4.8 мс
          ФАПЧ: фаза 6.09 -> ціль 6.34 (похибка -0.25 мс) | опит 11.95 − запас 5.62 (розкид 1.40) | затримка 10.9 мс | камера -1082 мГц | екран 59.0047 Гц | ЗАХОПЛЕНО
          OSD: квадів 176 | збірок 517 по 0.22 мс | телеметрія: пакетів 1022, CRC-збоїв 0
          КРОК ЗЙОМКИ: норма 94.26% | повтор 43 | коротко 0 | пропуск 45 | розмах 10.3..105.4 мс
          КАНАЛ 2 (порт 5001): 720x480 | нових 647, повтор 888, дроп 2
          ЗАПИС: 41.7 МБ | файлів 1 (ротацій 0, рестартів 0) | носій вільно 99.7 ГБ | syncfs 5281/5281 мс
          ЗАПИС 2: 29.6 МБ | файлів 1
          ЛІНК: 32830 пакетів, втрачено 78 (0.237%) | пауз 0: лінк 0 / борт 0 | найдовша 0 мс
   28.0 с | показано 1652 (58.9/с) | GPU 3.52 мс | h265 1920x1080: нових 1608, повтор 44, дроп 45 | ЗАТРИМКА 10.7 мс | ФАЗА 5.8 мс (дрейф -0.02 мс/с) | опит 11.4
          ЧАСТОТИ: камера 58.9298 | екран 59.0047 | різниця -75 мГц -> дрейф має бути +1.27 мс/с
          інтервали: вхід 10.4/17.0/105.9 -> вихід 9.4/17.0/105.4 | ДЕКОД 0.4/2.1/4.8 мс
          ФАПЧ: фаза 6.52 -> ціль 5.76 (похибка +0.76 мс) | опит 11.41 − запас 5.65 (розкид 1.41) | затримка 10.4 мс | камера -1031 мГц | екран 59.0047 Гц | ведення
          OSD: квадів 176 | збірок 557 по 0.23 мс | телеметрія: пакетів 1113, CRC-збоїв 0
          КРОК ЗЙОМКИ: норма 94.55% | повтор 44 | коротко 0 | пропуск 46 | розмах 10.3..105.4 мс
          КАНАЛ 2 (порт 5001): 720x480 | нових 697, повтор 956, дроп 2
          ЗАПИС: 45.0 МБ | файлів 1 (ротацій 0, рестартів 0) | носій вільно 99.7 ГБ | syncfs 5281/5281 мс
          ЗАПИС 2: 31.9 МБ | файлів 1
          ЛІНК: 35346 пакетів, втрачено 78 (0.220%) | пауз 0: лінк 0 / борт 0 | найдовша 0 мс
   30.0 с | показано 1771 (59.0/с) | GPU 3.51 мс | h265 1920x1080: нових 1726, повтор 44, дроп 45 | ЗАТРИМКА 11.2 мс | ФАЗА 5.5 мс (дрейф +0.00 мс/с) | опит 11.4
          ЧАСТОТИ: камера 58.9332 | екран 59.0047 | різниця -71 мГц -> дрейф має бути +1.21 мс/с
          інтервали: вхід 10.4/17.0/105.9 -> вихід 9.4/17.0/105.4 | ДЕКОД 0.4/2.1/4.8 мс
          ФАПЧ: фаза 6.12 -> ціль 5.55 (похибка +0.57 мс) | опит 11.35 − запас 5.80 (розкид 1.45) | затримка 10.8 мс | камера -1042 мГц | екран 59.0047 Гц | ведення
          OSD: квадів 176 | збірок 597 по 0.24 мс | телеметрія: пакетів 1180, CRC-збоїв 0
          КРОК ЗЙОМКИ: норма 94.91% | повтор 44 | коротко 0 | пропуск 46 | розмах 10.3..105.4 мс
          КАНАЛ 2 (порт 5001): 720x480 | нових 747, повтор 1024, дроп 2
          ЗАПИС: 48.3 МБ | файлів 1 (ротацій 0, рестартів 0) | носій вільно 99.7 ГБ | syncfs 5281/5281 мс
          ЗАПИС 2: 34.3 МБ | файлів 1
          ЛІНК: 37872 пакетів, втрачено 78 (0.206%) | пауз 0: лінк 0 / борт 0 | найдовша 0 мс
   32.0 с | показано 1889 (59.0/с) | GPU 3.02 мс | h265 1920x1080: нових 1844, повтор 44, дроп 45 | ЗАТРИМКА 11.7 мс | ФАЗА 5.4 мс (дрейф -0.08 мс/с) | опит 12.0
          ЧАСТОТИ: камера 59.0140 | екран 59.0047 | різниця +9 мГц -> дрейф має бути -0.16 мс/с
          інтервали: вхід 10.4/17.0/105.9 -> вихід 9.4/17.0/105.4 | ДЕКОД 0.4/2.1/4.8 мс
          ФАПЧ: фаза 5.30 -> ціль 6.14 (похибка -0.84 мс) | опит 11.85 − запас 5.72 (розкид 1.43) | затримка 11.6 мс | камера -1113 мГц | екран 59.0048 Гц | ведення
          OSD: квадів 176 | збірок 637 по 0.16 мс | телеметрія: пакетів 1265, CRC-збоїв 0
          КРОК ЗЙОМКИ: норма 95.23% | повтор 44 | коротко 0 | пропуск 46 | розмах 10.3..105.4 мс
          КАНАЛ 2 (порт 5001): 720x480 | нових 797, повтор 1092, дроп 2
          ЗАПИС: 51.5 МБ | файлів 1 (ротацій 0, рестартів 0) | носій вільно 99.7 ГБ | syncfs 5281/5281 мс | СКИДАЮ
          ЗАПИС 2: 36.6 МБ | файлів 1
          ЛІНК: 40401 пакетів, втрачено 78 (0.193%) | пауз 0: лінк 0 / борт 0 | найдовша 0 мс
   34.0 с | показано 2007 (59.0/с) | GPU 3.28 мс | h265 1920x1080: нових 1962, повтор 44, дроп 45 | ЗАТРИМКА 10.6 мс | ФАЗА 6.2 мс (дрейф +0.57 мс/с) | опит 11.7
          ЧАСТОТИ: камера 59.0079 | екран 59.0048 | різниця +3 мГц -> дрейф має бути -0.05 мс/с
          інтервали: вхід 10.4/17.0/105.9 -> вихід 9.4/17.0/105.4 | ДЕКОД 0.4/2.1/4.8 мс
          ФАПЧ: фаза 6.41 -> ціль 5.86 (похибка +0.56 мс) | опит 11.56 − запас 5.71 (розкид 1.43) | затримка 10.5 мс | камера -1050 мГц | екран 59.0048 Гц | ведення
          OSD: квадів 176 | збірок 676 по 0.10 мс | телеметрія: пакетів 1327, CRC-збоїв 0
          КРОК ЗЙОМКИ: норма 95.51% | повтор 44 | коротко 0 | пропуск 46 | розмах 10.3..105.4 мс
          КАНАЛ 2 (порт 5001): 720x480 | нових 847, повтор 1160, дроп 2
          ЗАПИС: 54.8 МБ | файлів 1 (ротацій 0, рестартів 0) | носій вільно 99.7 ГБ | syncfs 5281/5281 мс | СКИДАЮ
          ЗАПИС 2: 38.9 МБ | файлів 1
          ЛІНК: 42921 пакетів, втрачено 78 (0.181%) | пауз 0: лінк 0 / борт 0 | найдовша 0 мс
[носій] /media/root/USB128, вільно 99.6 ГБ з 123.8
   36.0 с | показано 2125 (59.0/с) | GPU 3.46 мс | h265 1920x1080: нових 2072, повтор 52, дроп 45 | ЗАТРИМКА 11.4 мс | ФАЗА 5.9 мс (дрейф -0.00 мс/с) | опит 11.5
          ЧАСТОТИ: камера 57.6780 | екран 59.0048 | різниця -1327 мГц -> дрейф має бути +22.49 мс/с
          інтервали: вхід 10.4/17.0/105.9 -> вихід 9.4/17.0/105.4 | ДЕКОД 0.4/2.1/4.8 мс
          ФАПЧ: фаза 5.88 -> ціль 5.54 (похибка +0.34 мс) | опит 11.45 − запас 5.91 (розкид 1.48) | затримка 11.1 мс | камера -1049 мГц | екран 59.0044 Гц | ведення
          OSD: квадів 176 | збірок 716 по 0.20 мс | телеметрія: пакетів 1412, CRC-збоїв 0
          КРОК ЗЙОМКИ: норма 95.24% | повтор 52 | коротко 0 | пропуск 49 | розмах 10.3..105.4 мс
          КАНАЛ 2 (порт 5001): 720x480 | нових 892, повтор 1233, дроп 2
          ЗАПИС: 57.9 МБ | файлів 1 (ротацій 0, рестартів 0) | носій вільно 99.6 ГБ | syncfs 5281/5281 мс | СКИДАЮ
          ЗАПИС 2: 41.0 МБ | файлів 1
          ЛІНК: 45363 пакетів, втрачено 166 (0.365%) | пауз 0: лінк 0 / борт 0 | найдовша 0 мс
   38.0 с | показано 2243 (59.0/с) | GPU 3.37 мс | h265 1920x1080: нових 2190, повтор 52, дроп 45 | ЗАТРИМКА 11.3 мс | ФАЗА 5.9 мс (дрейф +0.21 мс/с) | опит 11.6
          ЧАСТОТИ: камера 58.0259 | екран 59.0047 | різниця -979 мГц -> дрейф має бути +16.59 мс/с
          інтервали: вхід 10.4/17.0/105.9 -> вихід 9.4/17.0/105.4 | ДЕКОД 0.4/2.1/4.8 мс
          ФАПЧ: фаза 5.19 -> ціль 5.84 (похибка -0.66 мс) | опит 11.59 − запас 5.75 (розкид 1.44) | затримка 11.8 мс | камера -1102 мГц | екран 59.0048 Гц | ведення
          OSD: квадів 176 | збірок 756 по 0.27 мс | телеметрія: пакетів 1499, CRC-збоїв 0
          КРОК ЗЙОМКИ: норма 95.49% | повтор 52 | коротко 0 | пропуск 49 | розмах 10.3..105.4 мс
          КАНАЛ 2 (порт 5001): 720x480 | нових 942, повтор 1301, дроп 2
          ЗАПИС: 61.1 МБ | файлів 1 (ротацій 0, рестартів 0) | носій вільно 99.6 ГБ | syncfs 7406/7406 мс
          ЗАПИС 2: 43.4 МБ | файлів 1
          ЛІНК: 47863 пакетів, втрачено 166 (0.346%) | пауз 0: лінк 0 / борт 0 | найдовша 0 мс
   40.0 с | показано 2361 (59.0/с) | GPU 3.34 мс | h265 1920x1080: нових 2308, повтор 52, дроп 45 | ЗАТРИМКА 11.0 мс | ФАЗА 5.8 мс (дрейф +0.03 мс/с) | опит 11.6
          ЧАСТОТИ: камера 58.2086 | екран 59.0048 | різниця -796 мГц -> дрейф має бути +13.49 мс/с
          інтервали: вхід 10.4/17.0/105.9 -> вихід 9.4/17.0/105.4 | ДЕКОД 0.4/2.1/4.8 мс
          ФАПЧ: фаза 5.75 -> ціль 5.98 (похибка -0.23 мс) | опит 11.60 − запас 5.62 (розкид 1.40) | затримка 11.2 мс | камера -1080 мГц | екран 59.0047 Гц | ЗАХОПЛЕНО
          OSD: квадів 176 | збірок 796 по 0.23 мс | телеметрія: пакетів 1584, CRC-збоїв 0
          КРОК ЗЙОМКИ: норма 95.72% | повтор 52 | коротко 0 | пропуск 49 | розмах 10.3..105.4 мс
          КАНАЛ 2 (порт 5001): 720x480 | нових 992, повтор 1369, дроп 2
          ЗАПИС: 64.4 МБ | файлів 1 (ротацій 0, рестартів 0) | носій вільно 99.6 ГБ | syncfs 7406/7406 мс
          ЗАПИС 2: 45.1 МБ | файлів 1
          ЛІНК: 50399 пакетів, втрачено 166 (0.328%) | пауз 0: лінк 0 / борт 0 | найдовша 0 мс
   42.0 с | показано 2479 (59.0/с) | GPU 3.26 мс | h265 1920x1080: нових 2427, повтор 52, дроп 45 | ЗАТРИМКА 11.1 мс | ФАЗА 5.5 мс (дрейф +0.07 мс/с) | опит 11.7
          ЧАСТОТИ: камера 58.3320 | екран 59.0047 | різниця -673 мГц -> дрейф має бути +11.40 мс/с
          інтервали: вхід 10.4/17.0/105.9 -> вихід 9.4/17.0/105.4 | ДЕКОД 0.4/2.1/4.8 мс
          ФАПЧ: фаза 5.47 -> ціль 5.97 (похибка -0.51 мс) | опит 11.71 − запас 5.74 (розкид 1.43) | затримка 11.5 мс | камера -1096 мГц | екран 59.0047 Гц | ведення
          OSD: квадів 176 | збірок 835 по 0.15 мс | телеметрія: пакетів 1672, CRC-збоїв 0
          КРОК ЗЙОМКИ: норма 95.92% | повтор 52 | коротко 0 | пропуск 49 | розмах 10.3..105.4 мс
          КАНАЛ 2 (порт 5001): 720x480 | нових 1043, повтор 1437, дроп 2
          ЗАПИС: 67.7 МБ | файлів 1 (ротацій 0, рестартів 0) | носій вільно 99.6 ГБ | syncfs 7406/7406 мс | СКИДАЮ
          ЗАПИС 2: 47.0 МБ | файлів 1
          ЛІНК: 52908 пакетів, втрачено 166 (0.313%) | пауз 0: лінк 0 / борт 0 | найдовша 0 мс
   44.0 с | показано 2597 (59.0/с) | GPU 3.09 мс | h265 1920x1080: нових 2545, повтор 52, дроп 45 | ЗАТРИМКА 10.9 мс | ФАЗА 6.0 мс (дрейф +0.09 мс/с) | опит 11.9
          ЧАСТОТИ: камера 58.4457 | екран 59.0048 | різниця -559 мГц -> дрейф має бути +9.47 мс/с
          інтервали: вхід 10.4/17.0/105.9 -> вихід 9.4/17.0/105.4 | ДЕКОД 0.4/2.1/4.8 мс
          ФАПЧ: фаза 6.01 -> ціль 6.01 (похибка -0.01 мс) | опит 11.92 − запас 5.91 (розкид 1.48) | затримка 10.9 мс | камера -1075 мГц | екран 59.0047 Гц | ведення
          OSD: квадів 176 | збірок 875 по 0.14 мс | телеметрія: пакетів 1754, CRC-збоїв 0
          КРОК ЗЙОМКИ: норма 96.11% | повтор 52 | коротко 0 | пропуск 49 | розмах 10.3..105.4 мс
          КАНАЛ 2 (порт 5001): 720x480 | нових 1093, повтор 1505, дроп 2
          ЗАПИС: 70.9 МБ | файлів 1 (ротацій 0, рестартів 0) | носій вільно 99.6 ГБ | syncfs 7406/7406 мс | СКИДАЮ
          ЗАПИС 2: 48.8 МБ | файлів 1
          ЛІНК: 55407 пакетів, втрачено 166 (0.299%) | пауз 0: лінк 0 / борт 0 | найдовша 0 мс
   46.1 с | показано 2715 (59.0/с) | GPU 3.38 мс | h265 1920x1080: нових 2663, повтор 52, дроп 45 | ЗАТРИМКА 10.7 мс | ФАЗА 6.1 мс (дрейф +0.21 мс/с) | опит 11.6
          ЧАСТОТИ: камера 58.5029 | екран 59.0048 | різниця -502 мГц -> дрейф має бути +8.50 мс/с
          інтервали: вхід 10.4/17.0/105.9 -> вихід 9.4/17.0/105.4 | ДЕКОД 0.4/2.1/4.8 мс
          ФАПЧ: фаза 6.07 -> ціль 5.60 (похибка +0.48 мс) | опит 11.59 − запас 5.99 (розкид 1.50) | затримка 10.9 мс | камера -1049 мГц | екран 59.0047 Гц | ведення
          OSD: квадів 176 | збірок 915 по 0.25 мс | телеметрія: пакетів 1835, CRC-збоїв 0
          КРОК ЗЙОМКИ: норма 96.28% | повтор 52 | коротко 0 | пропуск 49 | розмах 10.3..105.4 мс
          КАНАЛ 2 (порт 5001): 720x480 | нових 1143, повтор 1573, дроп 2
          ЗАПИС: 74.2 МБ | файлів 1 (ротацій 0, рестартів 0) | носій вільно 99.6 ГБ | syncfs 485/7406 мс
          ЗАПИС 2: 50.5 МБ | файлів 1
          ЛІНК: 57930 пакетів, втрачено 166 (0.286%) | пауз 0: лінк 0 / борт 0 | найдовша 0 мс
   48.1 с | показано 2834 (59.0/с) | GPU 3.14 мс | h265 1920x1080: нових 2780, повтор 53, дроп 46 | ЗАТРИМКА 11.3 мс | ФАЗА 5.6 мс (дрейф -0.60 мс/с) | опит 11.9
          ЧАСТОТИ: камера 58.5516 | екран 59.0047 | різниця -453 мГц -> дрейф має бути +7.68 мс/с
          інтервали: вхід 10.4/17.0/105.9 -> вихід 9.4/17.0/105.4 | ДЕКОД 0.4/2.1/4.8 мс
          ФАПЧ: фаза 5.22 -> ціль 5.84 (похибка -0.62 мс) | опит 11.79 − запас 5.94 (розкид 1.49) | затримка 11.7 мс | камера -1093 мГц | екран 59.0048 Гц | ведення
          OSD: квадів 176 | збірок 955 по 0.15 мс | телеметрія: пакетів 1924, CRC-збоїв 0
          КРОК ЗЙОМКИ: норма 96.36% | повтор 53 | коротко 0 | пропуск 50 | розмах 10.3..105.4 мс
          КАНАЛ 2 (порт 5001): 720x480 | нових 1192, повтор 1642, дроп 2
          ЗАПИС: 77.5 МБ | файлів 1 (ротацій 0, рестартів 0) | носій вільно 99.6 ГБ | syncfs 485/7406 мс
          ЗАПИС 2: 52.5 МБ | файлів 1
          ЛІНК: 60457 пакетів, втрачено 166 (0.274%) | пауз 0: лінк 0 / борт 0 | найдовша 0 мс
   50.1 с | показано 2952 (59.0/с) | GPU 3.50 мс | h265 1920x1080: нових 2898, повтор 53, дроп 46 | ЗАТРИМКА 11.6 мс | ФАЗА 5.0 мс (дрейф -0.04 мс/с) | опит 11.4
          ЧАСТОТИ: камера 58.6136 | екран 59.0047 | різниця -391 мГц -> дрейф має бути +6.63 мс/с
          інтервали: вхід 10.4/17.0/105.9 -> вихід 9.4/17.0/105.4 | ДЕКОД 0.4/2.1/4.8 мс
          ФАПЧ: фаза 6.63 -> ціль 5.24 (похибка +1.40 мс) | опит 11.17 − запас 5.93 (розкид 1.48) | затримка 10.3 мс | камера -1006 мГц | екран 59.0047 Гц | ведення
          OSD: квадів 176 | збірок 995 по 0.25 мс | телеметрія: пакетів 2009, CRC-збоїв 0
          КРОК ЗЙОМКИ: норма 96.51% | повтор 53 | коротко 0 | пропуск 50 | розмах 10.3..105.4 мс
          КАНАЛ 2 (порт 5001): 720x480 | нових 1242, повтор 1710, дроп 2
          ЗАПИС: 80.8 МБ | файлів 1 (ротацій 0, рестартів 0) | носій вільно 99.6 ГБ | syncfs 485/7406 мс
          ЗАПИС 2: 54.7 МБ | файлів 1
          ЛІНК: 62985 пакетів, втрачено 166 (0.263%) | пауз 0: лінк 0 / борт 0 | найдовша 0 мс
[запис main] закрив, 86.6 МБ
[запис pip] закрив, 58.0 МБ

Підсумок: 3212 показів за 54.7 с = 58.71 к/с (екран 59.003 Гц)
          намальовано 3212, прохід GPU 3.25 мс
