[main] lightdm активний, зупиняю (тримає DRM master)
[main] lightdm зупинено
[kms] vtotal 1125 -> 1144 (+19 рядків), частота 60.000 -> 59.003 Гц | рядкова 67.500 кГц і клок 148500 кГц незмінні
[kms] HDMI-A 1920x1080@59.003 | crtc=88 plane=56 | 14 форматів | колір: rgb 8 біт | бюджет кадру 16.95 мс
[gl] init: 1920x1080 fourcc=0x34325258, буферів 2
[gl] Mali-G610 | OpenGL ES 3.2 v1.g13p0-01eac0.68603db295fbf2c59ac6b927fdfb1c32
[gl] 2 буфер(и) 1920x1080, крок 7680 | період 16.95 мс | fence: є
[h265] порт 5600, пайплайн[1] піднято
[pip] порт 5001, пайплайн[1] піднято
[osd] зображення atlas.png: 2048x1400
[osd] атлас 2048x1400
[osd] гліфів 1095
[osd] зображення img/horizont_0.png: 1080x1080
[osd] зображення img/horizont_1.png: 1080x1080
[osd] зображення img/pgbar_empy.png: 1660x329
[osd] зображення img/pgbar_green.png: 1660x329
[osd] елементів layout 27
udp_listener: слухаю порт 50122
[osd] піднято: телеметрія на порту 50122, перезбирання раз на 50 мс
[фаза] петля піднята: камера 192.168.1.10, параметр video0.fpsTrimMilliHz
[носій] стежу за флешкою
[запис main] потік піднято, порт 5600
[локальні канали] піднято: опитування раз на 500 мс
[субтитри] елементів розкладки 26
[субтитри] дебажних каналів 96
[субтитри] піднято: знімок раз на 500 мс, PlayRes 1920x1080
[запис pip] потік піднято, порт 5001
[лінк main] стежу за портом 5600, поріг тиші 100 мс
[носій] /media/root/USB128, вільно 100.6 ГБ з 123.8
[gl] текстура оверлея atlas.png: 2048x1400
[gl] текстура оверлея img/horizont_0.png: 1080x1080
[gl] текстура оверлея img/horizont_1.png: 1080x1080
[gl] текстура оверлея img/pgbar_empy.png: 1660x329
[gl] текстура оверлея img/pgbar_green.png: 1660x329
[запис pip] почав: /media/root/USB128/2026-07-28/20260728_080731_pip.mkv
[запис main] почав: /media/root/USB128/2026-07-28/20260728_080731_main.mkv
[субтитри] /media/root/USB128/2026-07-28/20260728_080731_main.ass
[субтитри] /media/root/USB128/2026-07-28/20260728_080731_main.debug.ass

=== шар виводу ===
  HDMI-A 1920x1080@59.003
  розмір     1920x1080
  частота    59.003 Гц (бюджет кадру 16.948 мс)
  формат     0x34325258
  колір      RGB

arm_release_ver: g13p0-01eac0, rk_so_ver: 10
Джерел зареєстровано: 2
OSD піднято.
Працюю. Ctrl+C для виходу.
    2.0 с | показано 119 (59.4/с) | GPU 3.28 мс | h265 1920x1080: нових 113, повтор 5, дроп 11 | ЗАТРИМКА 11.8 мс | ФАЗА 10.7 мс (дрейф -16.20 мс/с) | опит 11.7
          ЧАСТОТИ: камера 60.5299 | екран 59.0042 | різниця +1526 мГц -> дрейф має бути -25.86 мс/с
          інтервали: вхід 2.4/16.5/20.9 -> вихід 0.7/16.5/21.4 | ДЕКОД 1.4/2.2/4.5 мс
          ФАПЧ: не веде (розігрів)
          OSD: квадів 176 | збірок 40 по 0.12 мс | телеметрія: пакетів 85, CRC-збоїв 0
          КРОК ЗЙОМКИ: норма 88.03% | повтор 5 | коротко 0 | пропуск 9 | розмах 12.8..35.5 мс
          КАНАЛ 2 (порт 5001): 720x480 | нових 51, повтор 67, дроп 1
          ЗАПИС: 2.4 МБ | файлів 1 (ротацій 0, рестартів 0) | носій вільно 100.6 ГБ | syncfs 0/0 мс
          ЗАПИС 2: 1.8 МБ | файлів 1
          ЛІНК: 2558 пакетів, втрачено 0 (0.000%) | пауз 0: лінк 0 / борт 0 | найдовша 0 мс
    4.0 с | показано 237 (59.2/с) | GPU 3.77 мс | h265 1920x1080: нових 228, повтор 9, дроп 16 | ЗАТРИМКА 16.0 мс | ФАЗА 0.5 мс (дрейф -14.62 мс/с) | опит 11.0
          ЧАСТОТИ: камера 60.1858 | екран 59.0045 | різниця +1181 мГц -> дрейф має бути -20.02 мс/с
          інтервали: вхід 2.4/16.6/22.7 -> вихід 0.7/16.6/23.5 | ДЕКОД 1.4/2.3/4.7 мс
          ФАПЧ: фаза 6.60 -> ціль 3.99 (похибка +2.61 мс) | опит 11.51 − запас 7.52 (розкид 1.88) | затримка 10.3 мс | камера -79 мГц | екран 59.0044 Гц | ведення
          OSD: квадів 176 | збірок 80 по 0.36 мс | телеметрія: пакетів 176, CRC-збоїв 0
          КРОК ЗЙОМКИ: норма 90.64% | повтор 8 | коротко 0 | пропуск 14 | розмах 11.4..36.0 мс
          КАНАЛ 2 (порт 5001): 720x480 | нових 102, повтор 135, дроп 1
          ЗАПИС: 5.8 МБ | файлів 1 (ротацій 0, рестартів 0) | носій вільно 100.6 ГБ | syncfs 0/0 мс
          ЗАПИС 2: 4.1 МБ | файлів 1
          ЛІНК: 5123 пакетів, втрачено 0 (0.000%) | пауз 0: лінк 0 / борт 0 | найдовша 0 мс
    6.0 с | показано 355 (59.1/с) | GPU 3.35 мс | h265 1920x1080: нових 342, повтор 13, дроп 22 | ЗАТРИМКА 10.2 мс | ФАЗА 9.7 мс (дрейф -12.44 мс/с) | опит 11.6
          ЧАСТОТИ: камера 60.0022 | екран 59.0046 | різниця +998 мГц -> дрейф має бути -16.91 мс/с
          інтервали: вхід 2.4/16.7/22.7 -> вихід 0.7/16.7/23.5 | ДЕКОД 1.4/2.3/4.9 мс
          ФАПЧ: фаза 11.99 -> ціль 3.44 (похибка -8.40 мс) | опит 11.10 − запас 7.65 (розкид 1.91) | затримка 5.0 мс | камера -932 мГц | екран 59.0044 Гц | ведення
          OSD: квадів 176 | збірок 120 по 0.14 мс | телеметрія: пакетів 254, CRC-збоїв 0
          КРОК ЗЙОМКИ: норма 90.65% | повтор 13 | коротко 0 | пропуск 20 | розмах 11.2..36.0 мс
          КАНАЛ 2 (порт 5001): 720x480 | нових 152, повтор 203, дроп 1
          ЗАПИС: 9.1 МБ | файлів 1 (ротацій 0, рестартів 0) | носій вільно 100.6 ГБ | syncfs 0/0 мс | СКИДАЮ
          ЗАПИС 2: 6.5 МБ | файлів 1
          ЛІНК: 7649 пакетів, втрачено 0 (0.000%) | пауз 0: лінк 0 / борт 0 | найдовша 0 мс
    8.0 с | показано 473 (59.1/с) | GPU 3.28 мс | h265 1920x1080: нових 460, повтор 13, дроп 22 | ЗАТРИМКА 17.5 мс | ФАЗА 15.9 мс (дрейф -5.31 мс/с) | опит 11.7
          ЧАСТОТИ: камера 59.8127 | екран 59.0047 | різниця +808 мГц -> дрейф має бути -13.69 мс/с
          інтервали: вхід 2.4/16.7/22.7 -> вихід 0.7/16.7/23.5 | ДЕКОД 1.3/2.3/4.9 мс
          ФАПЧ: фаза 16.66 -> ціль 4.93 (похибка -5.21 мс) | опит 11.31 − запас 6.38 (розкид 1.60) | затримка 0.3 мс | камера -1028 мГц | екран 59.0045 Гц | ведення
          OSD: квадів 176 | збірок 160 по 0.10 мс | телеметрія: пакетів 324, CRC-збоїв 0
          КРОК ЗЙОМКИ: норма 92.99% | повтор 13 | коротко 0 | пропуск 20 | розмах 11.2..36.0 мс
          КАНАЛ 2 (порт 5001): 720x480 | нових 202, повтор 271, дроп 1
          ЗАПИС: 12.4 МБ | файлів 1 (ротацій 0, рестартів 0) | носій вільно 100.6 ГБ | syncfs 0/0 мс | СКИДАЮ
          ЗАПИС 2: 8.8 МБ | файлів 1
          ЛІНК: 10182 пакетів, втрачено 0 (0.000%) | пауз 0: лінк 0 / борт 0 | найдовша 0 мс
   10.0 с | показано 592 (59.1/с) | GPU 3.06 мс | h265 1920x1080: нових 578, повтор 13, дроп 22 | ЗАТРИМКА 15.8 мс | ФАЗА 1.5 мс (дрейф +1.21 мс/с) | опит 12.0
          ЧАСТОТИ: камера 59.6457 | екран 59.0047 | різниця +641 мГц -> дрейф має бути -10.86 мс/с
          інтервали: вхід 2.4/16.8/22.7 -> вихід 0.7/16.8/23.5 | ДЕКОД 1.3/2.3/4.9 мс
          ФАПЧ: фаза 0.27 -> ціль 7.03 (похибка -6.77 мс) | опит 11.89 − запас 4.86 (розкид 1.21) | затримка 16.7 мс | камера -1247 мГц | екран 59.0047 Гц | ведення
          OSD: квадів 176 | збірок 200 по 0.09 мс | телеметрія: пакетів 404, CRC-збоїв 0
          КРОК ЗЙОМКИ: норма 94.41% | повтор 13 | коротко 0 | пропуск 20 | розмах 11.2..36.0 мс
          КАНАЛ 2 (порт 5001): 720x480 | нових 252, повтор 339, дроп 1
          ЗАПИС: 15.6 МБ | файлів 1 (ротацій 0, рестартів 0) | носій вільно 100.6 ГБ | syncfs 0/0 мс | СКИДАЮ
          ЗАПИС 2: 11.2 МБ | файлів 1
          ЛІНК: 12709 пакетів, втрачено 0 (0.000%) | пауз 0: лінк 0 / борт 0 | найдовша 0 мс
   12.0 с | показано 710 (59.1/с) | GPU 3.19 мс | h265 1920x1080: нових 688, повтор 21, дроп 22 | ЗАТРИМКА 13.1 мс | ФАЗА 4.1 мс (дрейф +1.17 мс/с) | опит 11.8
          ЧАСТОТИ: камера 58.8649 | екран 59.0047 | різниця -140 мГц -> дрейф має бути +2.37 мс/с
          інтервали: вхід 2.4/17.0/77.4 -> вихід 0.7/17.0/77.6 | ДЕКОД 0.3/2.3/4.9 мс
          ФАПЧ: фаза 4.36 -> ціль 5.74 (похибка -1.38 мс) | опит 11.81 − запас 6.07 (розкид 1.52) | затримка 12.6 мс | камера -1056 мГц | екран 59.0047 Гц | ведення
          OSD: квадів 176 | збірок 240 по 0.11 мс | телеметрія: пакетів 493, CRC-збоїв 0
          КРОК ЗЙОМКИ: норма 93.79% | повтор 21 | коротко 0 | пропуск 23 | розмах 11.0..77.6 мс
          КАНАЛ 2 (порт 5001): 720x480 | нових 298, повтор 411, дроп 1
          ЗАПИС: 18.7 МБ | файлів 1 (ротацій 0, рестартів 0) | носій вільно 100.6 ГБ | syncfs 5474/5474 мс
          ЗАПИС 2: 13.4 МБ | файлів 1
          ЛІНК: 15156 пакетів, втрачено 71 (0.466%) | пауз 0: лінк 0 / борт 0 | найдовша 0 мс
   14.0 с | показано 828 (59.1/с) | GPU 3.51 мс | h265 1920x1080: нових 806, повтор 21, дроп 22 | ЗАТРИМКА 12.2 мс | ФАЗА 5.2 мс (дрейф +0.28 мс/с) | опит 11.4
          ЧАСТОТИ: камера 58.8793 | екран 59.0047 | різниця -125 мГц -> дрейф має бути +2.12 мс/с
          інтервали: вхід 2.4/17.0/77.4 -> вихід 0.7/17.0/77.6 | ДЕКОД 0.3/2.2/4.9 мс
          ФАПЧ: фаза 4.17 -> ціль 5.80 (похибка -1.63 мс) | опит 11.73 − запас 5.93 (розкид 1.48) | затримка 12.8 мс | камера -1088 мГц | екран 59.0046 Гц | ведення
          OSD: квадів 176 | збірок 280 по 0.18 мс | телеметрія: пакетів 566, CRC-збоїв 0
          КРОК ЗЙОМКИ: норма 94.67% | повтор 21 | коротко 0 | пропуск 23 | розмах 11.0..77.6 мс
          КАНАЛ 2 (порт 5001): 720x480 | нових 348, повтор 479, дроп 1
          ЗАПИС: 21.9 МБ | файлів 1 (ротацій 0, рестартів 0) | носій вільно 100.6 ГБ | syncfs 5474/5474 мс
          ЗАПИС 2: 15.7 МБ | файлів 1
          ЛІНК: 17684 пакетів, втрачено 71 (0.400%) | пауз 0: лінк 0 / борт 0 | найдовша 0 мс
   16.0 с | показано 946 (59.1/с) | GPU 3.15 мс | h265 1920x1080: нових 924, повтор 21, дроп 22 | ЗАТРИМКА 13.2 мс | ФАЗА 3.8 мс (дрейф -1.08 мс/с) | опит 11.9
          ЧАСТОТИ: камера 58.8950 | екран 59.0047 | різниця -110 мГц -> дрейф має бути +1.86 мс/с
          інтервали: вхід 2.4/17.0/77.4 -> вихід 0.7/17.0/77.6 | ДЕКОД 0.3/2.2/4.9 мс
          ФАПЧ: фаза 3.49 -> ціль 6.06 (похибка -2.57 мс) | опит 11.83 − запас 5.77 (розкид 1.44) | затримка 13.5 мс | камера -1137 мГц | екран 59.0047 Гц | ведення
          OSD: квадів 176 | збірок 319 по 0.19 мс | телеметрія: пакетів 643, CRC-збоїв 0
          КРОК ЗЙОМКИ: норма 95.34% | повтор 21 | коротко 0 | пропуск 23 | розмах 11.0..77.6 мс
          КАНАЛ 2 (порт 5001): 720x480 | нових 398, повтор 547, дроп 1
          ЗАПИС: 25.2 МБ | файлів 1 (ротацій 0, рестартів 0) | носій вільно 100.6 ГБ | syncfs 5474/5474 мс | СКИДАЮ
          ЗАПИС 2: 18.1 МБ | файлів 1
          ЛІНК: 20197 пакетів, втрачено 71 (0.350%) | пауз 0: лінк 0 / борт 0 | найдовша 0 мс
   18.0 с | показано 1064 (59.0/с) | GPU 3.67 мс | h265 1920x1080: нових 1042, повтор 21, дроп 22 | ЗАТРИМКА 11.0 мс | ФАЗА 5.8 мс (дрейф +1.32 мс/с) | опит 11.2
          ЧАСТОТИ: камера 58.8978 | екран 59.0047 | різниця -107 мГц -> дрейф має бути +1.81 мс/с
          інтервали: вхід 2.4/17.0/77.4 -> вихід 0.7/17.0/77.6 | ДЕКОД 0.3/2.2/4.9 мс
          ФАПЧ: фаза 6.23 -> ціль 5.48 (похибка +0.75 мс) | опит 11.16 − запас 5.69 (розкид 1.42) | затримка 10.7 мс | камера -1016 мГц | екран 59.0047 Гц | ведення
          OSD: квадів 176 | збірок 359 по 0.25 мс | телеметрія: пакетів 724, CRC-збоїв 0
          КРОК ЗЙОМКИ: норма 95.86% | повтор 21 | коротко 0 | пропуск 23 | розмах 11.0..77.6 мс
          КАНАЛ 2 (порт 5001): 720x480 | нових 448, повтор 615, дроп 1
          ЗАПИС: 28.5 МБ | файлів 1 (ротацій 0, рестартів 0) | носій вільно 100.6 ГБ | syncfs 1357/5474 мс
          ЗАПИС 2: 20.4 МБ | файлів 1
          ЛІНК: 22731 пакетів, втрачено 71 (0.311%) | пауз 0: лінк 0 / борт 0 | найдовша 0 мс
   20.0 с | показано 1182 (59.0/с) | GPU 3.39 мс | h265 1920x1080: нових 1160, повтор 22, дроп 23 | ЗАТРИМКА 12.1 мс | ФАЗА 5.0 мс (дрейф -0.45 мс/с) | опит 11.5
          ЧАСТОТИ: камера 58.9135 | екран 59.0047 | різниця -91 мГц -> дрейф має бути +1.55 мс/с
          інтервали: вхід 2.4/17.0/77.4 -> вихід 0.7/17.0/77.6 | ДЕКОД 0.3/2.2/4.9 мс
          ФАПЧ: фаза 4.78 -> ціль 5.83 (похибка -1.05 мс) | опит 11.48 − запас 5.65 (розкид 1.41) | затримка 12.2 мс | камера -1099 мГц | екран 59.0047 Гц | ведення
          OSD: квадів 176 | збірок 399 по 0.31 мс | телеметрія: пакетів 808, CRC-збоїв 0
          КРОК ЗЙОМКИ: норма 96.10% | повтор 22 | коротко 0 | пропуск 24 | розмах 11.0..77.6 мс
          КАНАЛ 2 (порт 5001): 720x480 | нових 498, повтор 684, дроп 1
          ЗАПИС: 31.8 МБ | файлів 1 (ротацій 0, рестартів 0) | носій вільно 100.6 ГБ | syncfs 1357/5474 мс
          ЗАПИС 2: 22.8 МБ | файлів 1
          ЛІНК: 25226 пакетів, втрачено 71 (0.281%) | пауз 0: лінк 0 / борт 0 | найдовша 0 мс
   22.0 с | показано 1300 (59.0/с) | GPU 2.98 мс | h265 1920x1080: нових 1278, повтор 22, дроп 23 | ЗАТРИМКА 11.6 мс | ФАЗА 5.1 мс (дрейф +0.26 мс/с) | опит 12.1
          ЧАСТОТИ: камера 58.9231 | екран 59.0047 | різниця -82 мГц -> дрейф має бути +1.38 мс/с
          інтервали: вхід 2.4/17.0/77.4 -> вихід 0.7/17.0/77.6 | ДЕКОД 0.3/2.2/4.9 мс
          ФАПЧ: фаза 5.55 -> ціль 5.78 (похибка -0.22 мс) | опит 12.01 − запас 6.24 (розкид 1.56) | затримка 11.4 мс | камера -1077 мГц | екран 59.0047 Гц | ведення
          OSD: квадів 176 | збірок 439 по 0.10 мс | телеметрія: пакетів 898, CRC-збоїв 0
          КРОК ЗЙОМКИ: норма 96.46% | повтор 22 | коротко 0 | пропуск 24 | розмах 11.0..77.6 мс
          КАНАЛ 2 (порт 5001): 720x480 | нових 548, повтор 752, дроп 1
          ЗАПИС: 35.1 МБ | файлів 1 (ротацій 0, рестартів 0) | носій вільно 100.6 ГБ | syncfs 1357/5474 мс | СКИДАЮ
          ЗАПИС 2: 25.2 МБ | файлів 1
          ЛІНК: 27750 пакетів, втрачено 71 (0.255%) | пауз 0: лінк 0 / борт 0 | найдовша 0 мс
   24.0 с | показано 1419 (59.1/с) | GPU 3.26 мс | h265 1920x1080: нових 1396, повтор 22, дроп 23 | ЗАТРИМКА 11.4 мс | ФАЗА 5.5 мс (дрейф +0.04 мс/с) | опит 11.7
          ЧАСТОТИ: камера 58.9291 | екран 59.0047 | різниця -76 мГц -> дрейф має бути +1.28 мс/с
          інтервали: вхід 2.4/17.0/77.4 -> вихід 0.7/17.0/77.6 | ДЕКОД 0.3/2.2/4.9 мс
          ФАПЧ: фаза 5.61 -> ціль 5.79 (похибка -0.18 мс) | опит 11.76 − запас 5.97 (розкид 1.49) | затримка 11.3 мс | камера -1076 мГц | екран 59.0047 Гц | ведення
          OSD: квадів 176 | збірок 479 по 0.12 мс | телеметрія: пакетів 980, CRC-збоїв 0
          КРОК ЗЙОМКИ: норма 96.75% | повтор 22 | коротко 0 | пропуск 24 | розмах 11.0..77.6 мс
          КАНАЛ 2 (порт 5001): 720x480 | нових 598, повтор 820, дроп 1
          ЗАПИС: 38.4 МБ | файлів 1 (ротацій 0, рестартів 0) | носій вільно 100.6 ГБ | syncfs 1357/5474 мс | СКИДАЮ
          ЗАПИС 2: 27.5 МБ | файлів 1
          ЛІНК: 30280 пакетів, втрачено 71 (0.234%) | пауз 0: лінк 0 / борт 0 | найдовша 0 мс
   26.0 с | показано 1537 (59.1/с) | GPU 3.21 мс | h265 1920x1080: нових 1514, повтор 22, дроп 23 | ЗАТРИМКА 11.2 мс | ФАЗА 5.7 мс (дрейф +0.15 мс/с) | опит 11.8
          ЧАСТОТИ: камера 58.9312 | екран 59.0047 | різниця -73 мГц -> дрейф має бути +1.25 мс/с
          інтервали: вхід 2.4/17.0/77.4 -> вихід 0.7/17.0/77.6 | ДЕКОД 0.3/2.2/4.9 мс
          ФАПЧ: фаза 5.72 -> ціль 5.88 (похибка -0.16 мс) | опит 11.66 − запас 5.78 (розкид 1.44) | затримка 11.2 мс | камера -1076 мГц | екран 59.0047 Гц | ЗАХОПЛЕНО
          OSD: квадів 176 | збірок 519 по 0.09 мс | телеметрія: пакетів 1076, CRC-збоїв 0
          КРОК ЗЙОМКИ: норма 97.00% | повтор 22 | коротко 0 | пропуск 24 | розмах 11.0..77.6 мс
          КАНАЛ 2 (порт 5001): 720x480 | нових 648, повтор 888, дроп 1
          ЗАПИС: 41.6 МБ | файлів 1 (ротацій 0, рестартів 0) | носій вільно 100.6 ГБ | syncfs 4437/5474 мс | СКИДАЮ
          ЗАПИС 2: 29.9 МБ | файлів 1
          ЛІНК: 32784 пакетів, втрачено 71 (0.216%) | пауз 0: лінк 0 / борт 0 | найдовша 0 мс
   28.0 с | показано 1655 (59.0/с) | GPU 3.17 мс | h265 1920x1080: нових 1631, повтор 23, дроп 24 | ЗАТРИМКА 11.2 мс | ФАЗА 5.7 мс (дрейф +0.09 мс/с) | опит 11.8
          ЧАСТОТИ: камера 58.9375 | екран 59.0047 | різниця -67 мГц -> дрейф має бути +1.14 мс/с
          інтервали: вхід 2.4/17.0/77.4 -> вихід 0.7/17.0/77.6 | ДЕКОД 0.3/2.2/4.9 мс
          ФАПЧ: фаза 6.23 -> ціль 6.00 (похибка +0.23 мс) | опит 11.89 − запас 5.88 (розкид 1.47) | затримка 10.7 мс | камера -1060 мГц | екран 59.0047 Гц | ЗАХОПЛЕНО
          OSD: квадів 176 | збірок 558 по 0.11 мс | телеметрія: пакетів 1145, CRC-збоїв 0
          КРОК ЗЙОМКИ: норма 97.10% | повтор 23 | коротко 0 | пропуск 25 | розмах 11.0..77.6 мс
          КАНАЛ 2 (порт 5001): 720x480 | нових 698, повтор 956, дроп 1
          ЗАПИС: 44.9 МБ | файлів 1 (ротацій 0, рестартів 0) | носій вільно 100.6 ГБ | syncfs 4437/5474 мс | СКИДАЮ
          ЗАПИС 2: 32.2 МБ | файлів 1
          ЛІНК: 35311 пакетів, втрачено 71 (0.201%) | пауз 0: лінк 0 / борт 0 | найдовша 0 мс
   30.0 с | показано 1773 (59.0/с) | GPU 3.23 мс | h265 1920x1080: нових 1749, повтор 23, дроп 24 | ЗАТРИМКА 11.1 мс | ФАЗА 5.6 мс (дрейф -0.08 мс/с) | опит 11.7
          ЧАСТОТИ: камера 58.9459 | екран 59.0047 | різниця -59 мГц -> дрейф має бути +1.00 мс/с
          інтервали: вхід 2.4/17.0/77.4 -> вихід 0.7/17.0/77.6 | ДЕКОД 0.3/2.1/4.9 мс
          ФАПЧ: фаза 5.64 -> ціль 5.98 (похибка -0.34 мс) | опит 11.77 − запас 5.80 (розкид 1.45) | затримка 11.3 мс | камера -1084 мГц | екран 59.0046 Гц | ЗАХОПЛЕНО
          OSD: квадів 176 | збірок 598 по 0.08 мс | телеметрія: пакетів 1235, CRC-збоїв 0
          КРОК ЗЙОМКИ: норма 97.29% | повтор 23 | коротко 0 | пропуск 25 | розмах 11.0..77.6 мс
          КАНАЛ 2 (порт 5001): 720x480 | нових 748, повтор 1024, дроп 1
          ЗАПИС: 48.2 МБ | файлів 1 (ротацій 0, рестартів 0) | носій вільно 100.6 ГБ | syncfs 3493/5474 мс
          ЗАПИС 2: 34.6 МБ | файлів 1
          ЛІНК: 37834 пакетів, втрачено 71 (0.187%) | пауз 0: лінк 0 / борт 0 | найдовша 0 мс
   32.0 с | показано 1891 (59.0/с) | GPU 3.38 мс | h265 1920x1080: нових 1867, повтор 23, дроп 24 | ЗАТРИМКА 11.2 мс | ФАЗА 5.9 мс (дрейф +0.01 мс/с) | опит 11.5
          ЧАСТОТИ: камера 58.9039 | екран 59.0048 | різниця -101 мГц -> дрейф має бути +1.71 мс/с
          інтервали: вхід 2.4/17.0/77.4 -> вихід 0.7/17.0/77.6 | ДЕКОД 0.3/2.1/4.9 мс
          ФАПЧ: фаза 5.91 -> ціль 5.62 (похибка +0.29 мс) | опит 11.53 − запас 5.92 (розкид 1.48) | затримка 11.0 мс | камера -1054 мГц | екран 59.0037 Гц | ведення
          OSD: квадів 176 | збірок 638 по 0.08 мс | телеметрія: пакетів 1328, CRC-збоїв 0
          КРОК ЗЙОМКИ: норма 97.46% | повтор 23 | коротко 0 | пропуск 25 | розмах 11.0..77.6 мс
          КАНАЛ 2 (порт 5001): 720x480 | нових 798, повтор 1092, дроп 1
          ЗАПИС: 51.5 МБ | файлів 1 (ротацій 0, рестартів 0) | носій вільно 100.6 ГБ | syncfs 829/5474 мс
          ЗАПИС 2: 37.0 МБ | файлів 1
          ЛІНК: 40367 пакетів, втрачено 71 (0.176%) | пауз 0: лінк 0 / борт 0 | найдовша 0 мс
[носій] /media/root/USB128, вільно 100.5 ГБ з 123.8
   34.0 с | показано 2009 (59.0/с) | GPU 3.90 мс | h265 1920x1080: нових 1985, повтор 24, дроп 25 | ЗАТРИМКА 11.4 мс | ФАЗА 5.5 мс (дрейф +0.11 мс/с) | опит 10.9
          ЧАСТОТИ: камера 59.0126 | екран 59.0046 | різниця +8 мГц -> дрейф має бути -0.14 мс/с
          інтервали: вхід 2.4/17.0/77.4 -> вихід 0.7/17.0/77.6 | ДЕКОД 0.3/2.1/4.9 мс
          ФАПЧ: фаза 5.46 -> ціль 4.77 (похибка +0.69 мс) | опит 10.86 − запас 6.09 (розкид 1.52) | затримка 11.5 мс | камера -1032 мГц | екран 59.0046 Гц | ведення
          OSD: квадів 176 | збірок 678 по 0.21 мс | телеметрія: пакетів 1393, CRC-збоїв 0
          КРОК ЗЙОМКИ: норма 97.51% | повтор 24 | коротко 0 | пропуск 26 | розмах 11.0..77.6 мс
          КАНАЛ 2 (порт 5001): 720x480 | нових 849, повтор 1160, дроп 1
          ЗАПИС: 54.8 МБ | файлів 1 (ротацій 0, рестартів 0) | носій вільно 100.5 ГБ | syncfs 829/5474 мс
          ЗАПИС 2: 39.3 МБ | файлів 1
          ЛІНК: 42878 пакетів, втрачено 71 (0.165%) | пауз 0: лінк 0 / борт 0 | найдовша 0 мс
   36.0 с | показано 2127 (59.0/с) | GPU 3.40 мс | h265 1920x1080: нових 2103, повтор 24, дроп 25 | ЗАТРИМКА 12.6 мс | ФАЗА 4.2 мс (дрейф -0.60 мс/с) | опит 11.5
          ЧАСТОТИ: камера 59.0097 | екран 59.0047 | різниця +5 мГц -> дрейф має бути -0.09 мс/с
          інтервали: вхід 2.4/17.0/77.4 -> вихід 0.7/17.0/77.6 | ДЕКОД 0.3/2.1/4.9 мс
          ФАПЧ: фаза 4.75 -> ціль 5.22 (похибка -0.47 мс) | опит 11.34 − запас 6.12 (розкид 1.53) | затримка 12.2 мс | камера -1082 мГц | екран 59.0047 Гц | ЗАХОПЛЕНО
          OSD: квадів 176 | збірок 718 по 0.23 мс | телеметрія: пакетів 1482, CRC-збоїв 0
          КРОК ЗЙОМКИ: норма 97.65% | повтор 24 | коротко 0 | пропуск 26 | розмах 10.9..77.6 мс
          КАНАЛ 2 (порт 5001): 720x480 | нових 899, повтор 1228, дроп 1
          ЗАПИС: 58.0 МБ | файлів 1 (ротацій 0, рестартів 0) | носій вільно 100.5 ГБ | syncfs 829/5474 мс | СКИДАЮ
          ЗАПИС 2: 41.7 МБ | файлів 1
          ЛІНК: 45400 пакетів, втрачено 71 (0.156%) | пауз 0: лінк 0 / борт 0 | найдовша 0 мс
   38.0 с | показано 2246 (59.0/с) | GPU 3.19 мс | h265 1920x1080: нових 2221, повтор 24, дроп 25 | ЗАТРИМКА 11.4 мс | ФАЗА 5.2 мс (дрейф +0.64 мс/с) | опит 11.8
          ЧАСТОТИ: камера 58.9803 | екран 59.0047 | різниця -24 мГц -> дрейф має бути +0.41 мс/с
          інтервали: вхід 2.4/17.0/77.4 -> вихід 0.7/17.0/77.6 | ДЕКОД 0.3/2.1/4.9 мс
          ФАПЧ: фаза 5.21 -> ціль 5.57 (похибка -0.36 мс) | опит 11.69 − запас 6.12 (розкид 1.53) | затримка 11.7 мс | камера -1095 мГц | екран 59.0047 Гц | ведення
          OSD: квадів 176 | збірок 758 по 0.21 мс | телеметрія: пакетів 1561, CRC-збоїв 0
          КРОК ЗЙОМКИ: норма 97.77% | повтор 24 | коротко 0 | пропуск 26 | розмах 10.9..77.6 мс
          КАНАЛ 2 (порт 5001): 720x480 | нових 949, повтор 1296, дроп 1
          ЗАПИС: 61.3 МБ | файлів 1 (ротацій 0, рестартів 0) | носій вільно 100.5 ГБ | syncfs 829/5474 мс | СКИДАЮ
          ЗАПИС 2: 44.0 МБ | файлів 1
          ЛІНК: 47937 пакетів, втрачено 71 (0.148%) | пауз 0: лінк 0 / борт 0 | найдовша 0 мс
   40.0 с | показано 2364 (59.0/с) | GPU 3.07 мс | h265 1920x1080: нових 2339, повтор 24, дроп 25 | ЗАТРИМКА 11.0 мс | ФАЗА 5.7 мс (дрейф -0.03 мс/с) | опит 12.0
          ЧАСТОТИ: камера 58.9850 | екран 59.0047 | різниця -20 мГц -> дрейф має бути +0.33 мс/с
          інтервали: вхід 2.4/17.0/77.4 -> вихід 0.7/17.0/77.6 | ДЕКОД 0.3/2.1/4.9 мс
          ФАПЧ: фаза 5.54 -> ціль 6.00 (похибка -0.46 мс) | опит 11.98 − запас 5.99 (розкид 1.50) | затримка 11.4 мс | камера -1090 мГц | екран 59.0047 Гц | ЗАХОПЛЕНО
          OSD: квадів 176 | збірок 797 по 0.31 мс | телеметрія: пакетів 1639, CRC-збоїв 0
          КРОК ЗЙОМКИ: норма 97.88% | повтор 24 | коротко 0 | пропуск 26 | розмах 10.9..77.6 мс
          КАНАЛ 2 (порт 5001): 720x480 | нових 999, повтор 1364, дроп 1
          ЗАПИС: 64.6 МБ | файлів 1 (ротацій 0, рестартів 0) | носій вільно 100.5 ГБ | syncfs 829/5474 мс | СКИДАЮ
          ЗАПИС 2: 46.4 МБ | файлів 1
          ЛІНК: 50468 пакетів, втрачено 71 (0.140%) | пауз 0: лінк 0 / борт 0 | найдовша 0 мс
   42.0 с | показано 2482 (59.0/с) | GPU 3.24 мс | h265 1920x1080: нових 2456, повтор 25, дроп 26 | ЗАТРИМКА 11.2 мс | ФАЗА 5.9 мс (дрейф +0.14 мс/с) | опит 11.7
          ЧАСТОТИ: камера 58.9890 | екран 59.0047 | різниця -16 мГц -> дрейф має бути +0.27 мс/с
          інтервали: вхід 2.4/17.0/77.4 -> вихід 0.7/17.0/77.6 | ДЕКОД 0.3/2.1/4.9 мс
          ФАПЧ: фаза 6.45 -> ціль 5.61 (похибка +0.83 мс) | опит 11.76 − запас 6.15 (розкид 1.54) | затримка 10.5 мс | камера -1034 мГц | екран 59.0047 Гц | ведення
          OSD: квадів 176 | збірок 837 по 0.19 мс | телеметрія: пакетів 1726, CRC-збоїв 0
          КРОК ЗЙОМКИ: норма 97.86% | повтор 25 | коротко 0 | пропуск 28 | розмах 10.8..77.6 мс
          КАНАЛ 2 (порт 5001): 720x480 | нових 1049, повтор 1432, дроп 1
          ЗАПИС: 67.9 МБ | файлів 1 (ротацій 0, рестартів 0) | носій вільно 100.5 ГБ | syncfs 829/5474 мс | СКИДАЮ
          ЗАПИС 2: 48.7 МБ | файлів 1
          ЛІНК: 52985 пакетів, втрачено 71 (0.134%) | пауз 0: лінк 0 / борт 0 | найдовша 0 мс
   44.0 с | показано 2600 (59.0/с) | GPU 2.94 мс | h265 1920x1080: нових 2574, повтор 25, дроп 26 | ЗАТРИМКА 11.3 мс | ФАЗА 5.2 мс (дрейф -0.48 мс/с) | опит 12.1
          ЧАСТОТИ: камера 59.0022 | екран 59.0047 | різниця -2 мГц -> дрейф має бути +0.04 мс/с
          інтервали: вхід 2.4/17.0/77.4 -> вихід 0.7/17.0/77.6 | ДЕКОД 0.3/2.1/4.9 мс
          ФАПЧ: фаза 5.43 -> ціль 5.86 (похибка -0.43 мс) | опит 11.99 − запас 6.12 (розкид 1.53) | затримка 11.5 мс | камера -1091 мГц | екран 59.0047 Гц | ведення
          OSD: квадів 176 | збірок 877 по 0.10 мс | телеметрія: пакетів 1796, CRC-збоїв 0
          КРОК ЗЙОМКИ: норма 97.96% | повтор 25 | коротко 0 | пропуск 28 | розмах 10.8..77.6 мс
          КАНАЛ 2 (порт 5001): 720x480 | нових 1099, повтор 1500, дроп 1
          ЗАПИС: 71.2 МБ | файлів 1 (ротацій 0, рестартів 0) | носій вільно 100.5 ГБ | syncfs 829/5474 мс | СКИДАЮ
          ЗАПИС 2: 51.1 МБ | файлів 1
          ЛІНК: 55499 пакетів, втрачено 71 (0.128%) | пауз 0: лінк 0 / борт 0 | найдовша 0 мс
   46.0 с | показано 2718 (59.0/с) | GPU 3.16 мс | h265 1920x1080: нових 2692, повтор 25, дроп 26 | ЗАТРИМКА 11.2 мс | ФАЗА 5.7 мс (дрейф -0.10 мс/с) | опит 11.8
          ЧАСТОТИ: камера 58.9917 | екран 59.0047 | різниця -13 мГц -> дрейф має бути +0.22 мс/с
          інтервали: вхід 2.4/17.0/77.4 -> вихід 0.7/17.0/77.6 | ДЕКОД 0.3/2.1/4.9 мс
          ФАПЧ: фаза 5.73 -> ціль 5.54 (похибка +0.20 мс) | опит 11.78 − запас 6.24 (розкид 1.56) | затримка 11.2 мс | камера -1062 мГц | екран 59.0047 Гц | ЗАХОПЛЕНО
          OSD: квадів 176 | збірок 917 по 0.12 мс | телеметрія: пакетів 1876, CRC-збоїв 0
          КРОК ЗЙОМКИ: норма 98.05% | повтор 25 | коротко 0 | пропуск 28 | розмах 10.8..77.6 мс
          КАНАЛ 2 (порт 5001): 720x480 | нових 1149, повтор 1568, дроп 1
          ЗАПИС: 74.4 МБ | файлів 1 (ротацій 0, рестартів 0) | носій вільно 100.5 ГБ | syncfs 214/9529 мс
          ЗАПИС 2: 53.5 МБ | файлів 1
          ЛІНК: 58032 пакетів, втрачено 71 (0.122%) | пауз 0: лінк 0 / борт 0 | найдовша 0 мс
   48.1 с | показано 2836 (59.0/с) | GPU 2.96 мс | h265 1920x1080: нових 2804, повтор 31, дроп 26 | ЗАТРИМКА 11.9 мс | ФАЗА 5.1 мс (дрейф -0.36 мс/с) | опит 12.1
          ЧАСТОТИ: камера 58.6686 | екран 59.0047 | різниця -336 мГц -> дрейф має бути +5.70 мс/с
          інтервали: вхід 2.4/17.0/77.4 -> вихід 0.7/17.0/77.6 | ДЕКОД 0.3/2.1/4.9 мс
          ФАПЧ: фаза 5.45 -> ціль 5.41 (похибка +0.04 мс) | опит 12.07 − запас 6.66 (розкид 1.66) | затримка 11.5 мс | камера -1068 мГц | екран 59.0047 Гц | ведення
          OSD: квадів 176 | збірок 956 по 0.30 мс | телеметрія: пакетів 1954, CRC-збоїв 0
          КРОК ЗЙОМКИ: норма 97.78% | повтор 31 | коротко 0 | пропуск 32 | розмах 10.8..77.6 мс
          КАНАЛ 2 (порт 5001): 720x480 | нових 1195, повтор 1640, дроп 1
          ЗАПИС: 77.5 МБ | файлів 1 (ротацій 0, рестартів 0) | носій вільно 100.5 ГБ | syncfs 214/9529 мс
          ЗАПИС 2: 55.6 МБ | файлів 1
          ЛІНК: 60483 пакетів, втрачено 126 (0.208%) | пауз 0: лінк 0 / борт 0 | найдовша 0 мс
   50.1 с | показано 2954 (59.0/с) | GPU 3.77 мс | h265 1920x1080: нових 2923, повтор 31, дроп 26 | ЗАТРИМКА 11.2 мс | ФАЗА 5.8 мс (дрейф +0.28 мс/с) | опит 11.1
          ЧАСТОТИ: камера 58.7063 | екран 59.0047 | різниця -298 мГц -> дрейф має бути +5.06 мс/с
          інтервали: вхід 2.4/17.0/77.4 -> вихід 0.7/17.0/77.6 | ДЕКОД 0.3/2.1/4.9 мс
          ФАПЧ: фаза 5.57 -> ціль 4.78 (похибка +0.79 мс) | опит 10.98 − запас 6.20 (розкид 1.55) | затримка 11.4 мс | камера -1028 мГц | екран 59.0047 Гц | ведення
          OSD: квадів 176 | збірок 996 по 0.40 мс | телеметрія: пакетів 2027, CRC-збоїв 0
          КРОК ЗЙОМКИ: норма 97.87% | повтор 31 | коротко 0 | пропуск 32 | розмах 10.8..77.6 мс
          КАНАЛ 2 (порт 5001): 720x480 | нових 1245, повтор 1709, дроп 1
          ЗАПИС: 80.8 МБ | файлів 1 (ротацій 0, рестартів 0) | носій вільно 100.5 ГБ | syncfs 214/9529 мс
          ЗАПИС 2: 58.0 МБ | файлів 1
          ЛІНК: 63005 пакетів, втрачено 126 (0.200%) | пауз 0: лінк 0 / борт 0 | найдовша 0 мс
   52.1 с | показано 3072 (59.0/с) | GPU 3.47 мс | h265 1920x1080: нових 3041, повтор 31, дроп 26 | ЗАТРИМКА 12.6 мс | ФАЗА 4.5 мс (дрейф -0.95 мс/с) | опит 11.4
          ЧАСТОТИ: камера 58.7287 | екран 59.0047 | різниця -276 мГц -> дрейф має бути +4.68 мс/с
          інтервали: вхід 2.4/17.0/77.4 -> вихід 0.7/17.0/77.6 | ДЕКОД 0.3/2.1/4.9 мс
          ФАПЧ: фаза 3.78 -> ціль 5.08 (похибка -1.30 мс) | опит 11.42 − запас 6.34 (розкид 1.58) | затримка 13.2 мс | камера -1120 мГц | екран 59.0047 Гц | ведення
          OSD: квадів 176 | збірок 1036 по 0.23 мс | телеметрія: пакетів 2105, CRC-збоїв 0
          КРОК ЗЙОМКИ: норма 97.95% | повтор 31 | коротко 0 | пропуск 32 | розмах 10.8..77.6 мс
          КАНАЛ 2 (порт 5001): 720x480 | нових 1295, повтор 1777, дроп 1
          ЗАПИС: 84.1 МБ | файлів 1 (ротацій 0, рестартів 0) | носій вільно 100.5 ГБ | syncfs 214/9529 мс | СКИДАЮ
          ЗАПИС 2: 60.4 МБ | файлів 1
          ЛІНК: 65520 пакетів, втрачено 126 (0.192%) | пауз 0: лінк 0 / борт 0 | найдовша 0 мс
   54.1 с | показано 3191 (59.0/с) | GPU 3.74 мс | h265 1920x1080: нових 3159, повтор 31, дроп 26 | ЗАТРИМКА 11.4 мс | ФАЗА 5.7 мс (дрейф +0.69 мс/с) | опит 11.1
          ЧАСТОТИ: камера 58.7514 | екран 59.0047 | різниця -253 мГц -> дрейф має бути +4.29 мс/с
          інтервали: вхід 2.4/17.0/77.4 -> вихід 0.7/17.0/77.6 | ДЕКОД 0.3/2.1/4.9 мс
          ФАПЧ: фаза 5.74 -> ціль 4.87 (похибка +0.87 мс) | опит 10.92 − запас 6.05 (розкид 1.51) | затримка 11.2 мс | камера -1031 мГц | екран 59.0047 Гц | ведення
          OSD: квадів 176 | збірок 1075 по 0.38 мс | телеметрія: пакетів 2184, CRC-збоїв 0
          КРОК ЗЙОМКИ: норма 98.02% | повтор 31 | коротко 0 | пропуск 32 | розмах 10.8..77.6 мс
          КАНАЛ 2 (порт 5001): 720x480 | нових 1345, повтор 1845, дроп 1
          ЗАПИС: 87.4 МБ | файлів 1 (ротацій 0, рестартів 0) | носій вільно 100.5 ГБ | syncfs 2413/9529 мс
          ЗАПИС 2: 62.7 МБ | файлів 1
          ЛІНК: 68056 пакетів, втрачено 126 (0.185%) | пауз 0: лінк 0 / борт 0 | найдовша 0 мс
   56.1 с | показано 3309 (59.0/с) | GPU 3.47 мс | h265 1920x1080: нових 3277, повтор 31, дроп 26 | ЗАТРИМКА 12.4 мс | ФАЗА 4.5 мс (дрейф -0.59 мс/с) | опит 11.4
          ЧАСТОТИ: камера 58.7775 | екран 59.0047 | різниця -227 мГц -> дрейф має бути +3.85 мс/с
          інтервали: вхід 2.4/17.0/77.4 -> вихід 0.7/17.0/77.6 | ДЕКОД 0.3/2.1/4.9 мс
          ФАПЧ: фаза 4.09 -> ціль 5.35 (похибка -1.26 мс) | опит 11.36 − запас 6.01 (розкид 1.50) | затримка 12.9 мс | камера -1121 мГц | екран 59.0047 Гц | ведення
          OSD: квадів 176 | збірок 1115 по 0.25 мс | телеметрія: пакетів 2262, CRC-збоїв 0
          КРОК ЗЙОМКИ: норма 98.09% | повтор 31 | коротко 0 | пропуск 32 | розмах 10.8..77.6 мс
          КАНАЛ 2 (порт 5001): 720x480 | нових 1395, повтор 1913, дроп 1
          ЗАПИС: 90.7 МБ | файлів 1 (ротацій 0, рестартів 0) | носій вільно 100.5 ГБ | syncfs 2413/9529 мс | СКИДАЮ
          ЗАПИС 2: 65.1 МБ | файлів 1
          ЛІНК: 70584 пакетів, втрачено 126 (0.178%) | пауз 0: лінк 0 / борт 0 | найдовша 0 мс
   58.1 с | показано 3427 (59.0/с) | GPU 3.18 мс | h265 1920x1080: нових 3395, повтор 31, дроп 26 | ЗАТРИМКА 11.4 мс | ФАЗА 5.3 мс (дрейф +0.50 мс/с) | опит 11.8
          ЧАСТОТИ: камера 58.7866 | екран 59.0047 | різниця -218 мГц -> дрейф має бути +3.70 мс/с
          інтервали: вхід 2.4/17.0/77.4 -> вихід 0.7/17.0/77.6 | ДЕКОД 0.3/2.1/4.9 мс
          ФАПЧ: фаза 5.34 -> ціль 5.94 (похибка -0.59 мс) | опит 11.83 − запас 5.89 (розкид 1.47) | затримка 11.6 мс | камера -1108 мГц | екран 59.0046 Гц | ведення
          OSD: квадів 176 | збірок 1155 по 0.23 мс | телеметрія: пакетів 2344, CRC-збоїв 0
          КРОК ЗЙОМКИ: норма 98.16% | повтор 31 | коротко 0 | пропуск 32 | розмах 10.8..77.6 мс
          КАНАЛ 2 (порт 5001): 720x480 | нових 1445, повтор 1981, дроп 1
          ЗАПИС: 93.9 МБ | файлів 1 (ротацій 0, рестартів 0) | носій вільно 100.5 ГБ | syncfs 2413/9529 мс | СКИДАЮ
          ЗАПИС 2: 67.5 МБ | файлів 1
          ЛІНК: 73107 пакетів, втрачено 126 (0.172%) | пауз 0: лінк 0 / борт 0 | найдовша 0 мс
   60.1 с | показано 3544 (59.0/с) | GPU 3.24 мс | h265 1920x1080: нових 3512, повтор 31, дроп 27 | ЗАТРИМКА 10.8 мс | ФАЗА 6.1 мс (дрейф +0.07 мс/с) | опит 11.7
          ЧАСТОТИ: камера 58.7966 | екран 59.0047 | різниця -208 мГц -> дрейф має бути +3.53 мс/с
          інтервали: вхід 2.4/17.0/77.4 -> вихід 0.7/17.0/77.6 | ДЕКОД 0.3/2.1/4.9 мс
          ФАПЧ: фаза 6.09 -> ціль 5.98 (похибка +0.11 мс) | опит 11.76 − запас 5.78 (розкид 1.44) | затримка 10.9 мс | камера -1065 мГц | екран 59.0047 Гц | ведення
          OSD: квадів 176 | збірок 1195 по 0.20 мс | телеметрія: пакетів 2406, CRC-збоїв 0
          КРОК ЗЙОМКИ: норма 98.19% | повтор 31 | коротко 0 | пропуск 33 | розмах 10.8..77.6 мс
          КАНАЛ 2 (порт 5001): 720x480 | нових 1495, повтор 2048, дроп 1
          ЗАПИС: 97.2 МБ | файлів 1 (ротацій 0, рестартів 0) | носій вільно 100.5 ГБ | syncfs 2413/9529 мс | СКИДАЮ
          ЗАПИС 2: 69.8 МБ | файлів 1
          ЛІНК: 75620 пакетів, втрачено 126 (0.166%) | пауз 0: лінк 0 / борт 0 | найдовша 0 мс
   62.1 с | показано 3662 (59.0/с) | GPU 3.28 мс | h265 1920x1080: нових 3630, повтор 31, дроп 27 | ЗАТРИМКА 10.8 мс | ФАЗА 6.1 мс (дрейф +0.04 мс/с) | опит 11.7
          ЧАСТОТИ: камера 59.1164 | екран 59.0048 | різниця +112 мГц -> дрейф має бути -1.89 мс/с
          інтервали: вхід 2.4/17.0/77.4 -> вихід 0.7/17.0/77.6 | ДЕКОД 0.3/2.1/4.9 мс
          ФАПЧ: фаза 6.14 -> ціль 5.98 (похибка +0.15 мс) | опит 11.72 − запас 5.74 (розкид 1.44) | затримка 10.8 мс | камера -1063 мГц | екран 59.0044 Гц | ЗАХОПЛЕНО
          OSD: квадів 176 | збірок 1234 по 0.12 мс | телеметрія: пакетів 2499, CRC-збоїв 0
          КРОК ЗЙОМКИ: норма 98.25% | повтор 31 | коротко 0 | пропуск 33 | розмах 10.8..77.6 мс
          КАНАЛ 2 (порт 5001): 720x480 | нових 1545, повтор 2116, дроп 1
          ЗАПИС: 100.5 МБ | файлів 1 (ротацій 0, рестартів 0) | носій вільно 100.5 ГБ | syncfs 5270/9529 мс
          ЗАПИС 2: 72.2 МБ | файлів 1
          ЛІНК: 78144 пакетів, втрачено 126 (0.161%) | пауз 0: лінк 0 / борт 0 | найдовша 0 мс
   64.1 с | показано 3780 (59.0/с) | GPU 3.47 мс | h265 1920x1080: нових 3748, повтор 32, дроп 28 | ЗАТРИМКА 11.2 мс | ФАЗА 5.5 мс (дрейф -0.31 мс/с) | опит 11.4
          ЧАСТОТИ: камера 59.0354 | екран 59.0046 | різниця +31 мГц -> дрейф має бути -0.52 мс/с
          інтервали: вхід 2.4/17.0/77.4 -> вихід 0.7/17.0/77.6 | ДЕКОД 0.3/2.1/4.9 мс
          ФАПЧ: фаза 5.46 -> ціль 5.62 (похибка -0.16 мс) | опит 11.40 − запас 5.78 (розкид 1.45) | затримка 11.5 мс | камера -1069 мГц | екран 59.0046 Гц | ведення
          OSD: квадів 176 | збірок 1274 по 0.25 мс | телеметрія: пакетів 2570, CRC-збоїв 0
          КРОК ЗЙОМКИ: норма 98.25% | повтор 32 | коротко 0 | пропуск 34 | розмах 10.8..77.6 мс
          КАНАЛ 2 (порт 5001): 720x480 | нових 1595, повтор 2185, дроп 1
          ЗАПИС: 103.8 МБ | файлів 1 (ротацій 0, рестартів 0) | носій вільно 100.5 ГБ | syncfs 5270/9529 мс
          ЗАПИС 2: 74.5 МБ | файлів 1
          ЛІНК: 80676 пакетів, втрачено 126 (0.156%) | пауз 0: лінк 0 / борт 0 | найдовша 0 мс
   66.1 с | показано 3898 (59.0/с) | GPU 3.41 мс | h265 1920x1080: нових 3866, повтор 32, дроп 28 | ЗАТРИМКА 11.1 мс | ФАЗА 6.0 мс (дрейф +0.22 мс/с) | опит 11.5
          ЧАСТОТИ: камера 59.0483 | екран 59.0046 | різниця +44 мГц -> дрейф має бути -0.74 мс/с
          інтервали: вхід 2.4/17.0/77.4 -> вихід 0.7/17.0/77.6 | ДЕКОД 0.3/2.1/4.9 мс
          ФАПЧ: фаза 5.60 -> ціль 5.80 (похибка -0.20 мс) | опит 11.50 − запас 5.70 (розкид 1.42) | затримка 11.3 мс | камера -1082 мГц | екран 59.0046 Гц | ЗАХОПЛЕНО
          OSD: квадів 176 | збірок 1314 по 0.29 мс | телеметрія: пакетів 2657, CRC-збоїв 0
          КРОК ЗЙОМКИ: норма 98.31% | повтор 32 | коротко 0 | пропуск 34 | розмах 10.8..77.6 мс
          КАНАЛ 2 (порт 5001): 720x480 | нових 1645, повтор 2253, дроп 1
          ЗАПИС: 107.1 МБ | файлів 1 (ротацій 0, рестартів 0) | носій вільно 100.5 ГБ | syncfs 5270/9529 мс | СКИДАЮ
          ЗАПИС 2: 76.9 МБ | файлів 1
          ЛІНК: 83192 пакетів, втрачено 126 (0.151%) | пауз 0: лінк 0 / борт 0 | найдовша 0 мс
   68.1 с | показано 4016 (59.0/с) | GPU 3.41 мс | h265 1920x1080: нових 3984, повтор 32, дроп 28 | ЗАТРИМКА 11.2 мс | ФАЗА 5.6 мс (дрейф -0.31 мс/с) | опит 11.5
          ЧАСТОТИ: камера 59.0187 | екран 59.0047 | різниця +14 мГц -> дрейф має бути -0.24 мс/с
          інтервали: вхід 2.4/17.0/77.4 -> вихід 0.7/17.0/77.6 | ДЕКОД 0.3/2.1/4.9 мс
          ФАПЧ: фаза 5.63 -> ціль 5.53 (похибка +0.11 мс) | опит 11.50 − запас 5.97 (розкид 1.49) | затримка 11.3 мс | камера -1070 мГц | екран 59.0047 Гц | ЗАХОПЛЕНО
          OSD: квадів 174 | збірок 1354 по 0.24 мс | телеметрія: пакетів 2744, CRC-збоїв 0
          КРОК ЗЙОМКИ: норма 98.36% | повтор 32 | коротко 0 | пропуск 34 | розмах 10.8..77.6 мс
          КАНАЛ 2 (порт 5001): 720x480 | нових 1695, повтор 2321, дроп 1
          ЗАПИС: 110.3 МБ | файлів 1 (ротацій 0, рестартів 0) | носій вільно 100.5 ГБ | syncfs 5270/9529 мс | СКИДАЮ
          ЗАПИС 2: 79.3 МБ | файлів 1
          ЛІНК: 85713 пакетів, втрачено 126 (0.147%) | пауз 0: лінк 0 / борт 0 | найдовша 0 мс
[носій] /media/root/USB128, вільно 100.4 ГБ з 123.8
   70.1 с | показано 4135 (59.0/с) | GPU 3.23 мс | h265 1920x1080: нових 4102, повтор 32, дроп 28 | ЗАТРИМКА 11.0 мс | ФАЗА 6.0 мс (дрейф +0.05 мс/с) | опит 11.7
          ЧАСТОТИ: камера 59.0090 | екран 59.0047 | різниця +4 мГц -> дрейф має бути -0.07 мс/с
          інтервали: вхід 2.4/17.0/77.4 -> вихід 0.7/17.0/77.6 | ДЕКОД 0.3/2.1/4.9 мс
          ФАПЧ: фаза 5.59 -> ціль 5.91 (похибка -0.32 мс) | опит 11.78 − запас 5.87 (розкид 1.47) | затримка 11.4 мс | камера -1088 мГц | екран 59.0047 Гц | ЗАХОПЛЕНО
          OSD: квадів 176 | збірок 1393 по 0.23 мс | телеметрія: пакетів 2817, CRC-збоїв 0
          КРОК ЗЙОМКИ: норма 98.40% | повтор 32 | коротко 0 | пропуск 34 | розмах 10.8..77.6 мс
          КАНАЛ 2 (порт 5001): 720x480 | нових 1745, повтор 2389, дроп 1
          ЗАПИС: 113.6 МБ | файлів 1 (ротацій 0, рестартів 0) | носій вільно 100.4 ГБ | syncfs 5270/9529 мс | СКИДАЮ
          ЗАПИС 2: 81.6 МБ | файлів 1
          ЛІНК: 88239 пакетів, втрачено 126 (0.143%) | пауз 0: лінк 0 / борт 0 | найдовша 0 мс
   72.1 с | показано 4253 (59.0/с) | GPU 3.03 мс | h265 1920x1080: нових 4220, повтор 32, дроп 28 | ЗАТРИМКА 11.0 мс | ФАЗА 5.9 мс (дрейф +0.15 мс/с) | опит 12.0
          ЧАСТОТИ: камера 59.0230 | екран 59.0047 | різниця +18 мГц -> дрейф має бути -0.31 мс/с
          інтервали: вхід 2.4/17.0/77.4 -> вихід 0.7/17.0/77.6 | ДЕКОД 0.3/2.1/4.9 мс
          ФАПЧ: фаза 6.01 -> ціль 6.16 (похибка -0.15 мс) | опит 11.99 − запас 5.83 (розкид 1.46) | затримка 10.9 мс | камера -1080 мГц | екран 59.0047 Гц | ЗАХОПЛЕНО
          OSD: квадів 176 | збірок 1433 по 0.10 мс | телеметрія: пакетів 2883, CRC-збоїв 0
          КРОК ЗЙОМКИ: норма 98.45% | повтор 32 | коротко 0 | пропуск 34 | розмах 10.8..77.6 мс
          КАНАЛ 2 (порт 5001): 720x480 | нових 1795, повтор 2457, дроп 1
          ЗАПИС: 116.9 МБ | файлів 1 (ротацій 0, рестартів 0) | носій вільно 100.4 ГБ | syncfs 6119/9529 мс
          ЗАПИС 2: 84.0 МБ | файлів 1
          ЛІНК: 90756 пакетів, втрачено 126 (0.139%) | пауз 0: лінк 0 / борт 0 | найдовша 0 мс
   74.1 с | показано 4371 (59.0/с) | GPU 3.22 мс | h265 1920x1080: нових 4329, повтор 41, дроп 29 | ЗАТРИМКА 11.8 мс | ФАЗА 6.2 мс (дрейф +0.40 мс/с) | опит 11.8
          ЧАСТОТИ: камера 58.4461 | екран 59.0047 | різниця -559 мГц -> дрейф має бути +9.47 мс/с
          інтервали: вхід 2.4/17.0/86.7 -> вихід 0.7/17.0/85.1 | ДЕКОД 0.3/2.1/4.9 мс
          ФАПЧ: фаза 6.29 -> ціль 5.41 (похибка +0.88 мс) | опит 11.70 − запас 6.29 (розкид 1.57) | затримка 10.7 мс | камера -1032 мГц | екран 59.0047 Гц | ведення
          OSD: квадів 176 | збірок 1473 по 0.10 мс | телеметрія: пакетів 2963, CRC-збоїв 0
          КРОК ЗЙОМКИ: норма 98.19% | повтор 41 | коротко 0 | пропуск 38 | розмах 10.8..85.1 мс
          КАНАЛ 2 (порт 5001): 720x480 | нових 1840, повтор 2530, дроп 1
          ЗАПИС: 119.9 МБ | файлів 1 (ротацій 0, рестартів 0) | носій вільно 100.4 ГБ | syncfs 6119/9529 мс
          ЗАПИС 2: 86.1 МБ | файлів 1
          ЛІНК: 93209 пакетів, втрачено 208 (0.223%) | пауз 0: лінк 0 / борт 0 | найдовша 0 мс
   76.1 с | показано 4489 (59.0/с) | GPU 3.16 мс | h265 1920x1080: нових 4447, повтор 41, дроп 29 | ЗАТРИМКА 12.1 мс | ФАЗА 4.6 мс (дрейф -0.96 мс/с) | опит 11.8
          ЧАСТОТИ: камера 58.5226 | екран 59.0047 | різниця -482 мГц -> дрейф має бути +8.17 мс/с
          інтервали: вхід 2.4/17.0/86.7 -> вихід 0.7/17.0/85.1 | ДЕКОД 0.3/2.1/4.9 мс
          ФАПЧ: фаза 4.71 -> ціль 5.38 (похибка -0.67 мс) | опит 11.52 − запас 6.14 (розкид 1.54) | затримка 12.2 мс | камера -1088 мГц | екран 59.0047 Гц | ведення
          OSD: квадів 176 | збірок 1513 по 0.14 мс | телеметрія: пакетів 3037, CRC-збоїв 0
          КРОК ЗЙОМКИ: норма 98.24% | повтор 41 | коротко 0 | пропуск 38 | розмах 10.8..85.1 мс
          КАНАЛ 2 (порт 5001): 720x480 | нових 1890, повтор 2598, дроп 1
          ЗАПИС: 123.2 МБ | файлів 1 (ротацій 0, рестартів 0) | носій вільно 100.4 ГБ | syncfs 6119/9529 мс | СКИДАЮ
          ЗАПИС 2: 88.5 МБ | файлів 1
          ЛІНК: 95731 пакетів, втрачено 208 (0.217%) | пауз 0: лінк 0 / борт 0 | найдовша 0 мс
   78.1 с | показано 4607 (59.0/с) | GPU 3.38 мс | h265 1920x1080: нових 4565, повтор 41, дроп 29 | ЗАТРИМКА 11.6 мс | ФАЗА 5.4 мс (дрейф +0.30 мс/с) | опит 11.6
          ЧАСТОТИ: камера 58.5673 | екран 59.0047 | різниця -437 мГц -> дрейф має бути +7.41 мс/с
          інтервали: вхід 2.4/17.0/86.7 -> вихід 0.7/17.0/85.1 | ДЕКОД 0.3/2.1/4.9 мс
          ФАПЧ: фаза 5.14 -> ціль 5.75 (похибка -0.61 мс) | опит 11.56 − запас 5.81 (розкид 1.45) | затримка 11.8 мс | камера -1105 мГц | екран 59.0047 Гц | ведення
          OSD: квадів 176 | збірок 1553 по 0.11 мс | телеметрія: пакетів 3121, CRC-збоїв 0
          КРОК ЗЙОМКИ: норма 98.28% | повтор 41 | коротко 0 | пропуск 38 | розмах 10.1..85.1 мс
          КАНАЛ 2 (порт 5001): 720x480 | нових 1940, повтор 2666, дроп 1
          ЗАПИС: 126.5 МБ | файлів 1 (ротацій 0, рестартів 0) | носій вільно 100.4 ГБ | syncfs 6119/9529 мс | СКИДАЮ
          ЗАПИС 2: 90.8 МБ | файлів 1
          ЛІНК: 98245 пакетів, втрачено 208 (0.211%) | пауз 0: лінк 0 / борт 0 | найдовша 0 мс
   80.1 с | показано 4725 (59.0/с) | GPU 3.08 мс | h265 1920x1080: нових 4683, повтор 41, дроп 29 | ЗАТРИМКА 11.0 мс | ФАЗА 5.8 мс (дрейф +0.20 мс/с) | опит 11.9
          ЧАСТОТИ: камера 58.6134 | екран 59.0047 | різниця -391 мГц -> дрейф має бути +6.63 мс/с
          інтервали: вхід 2.4/17.0/86.7 -> вихід 0.7/17.0/85.1 | ДЕКОД 0.3/2.1/4.9 мс
          ФАПЧ: фаза 5.87 -> ціль 5.84 (похибка +0.04 мс) | опит 11.88 − запас 6.04 (розкид 1.51) | затримка 11.1 мс | камера -1068 мГц | екран 59.0047 Гц | ЗАХОПЛЕНО
          OSD: квадів 176 | збірок 1593 по 0.09 мс | телеметрія: пакетів 3190, CRC-збоїв 0
          КРОК ЗЙОМКИ: норма 98.33% | повтор 41 | коротко 0 | пропуск 38 | розмах 10.1..85.1 мс
          КАНАЛ 2 (порт 5001): 720x480 | нових 1990, повтор 2734, дроп 1
          ЗАПИС: 129.7 МБ | файлів 1 (ротацій 0, рестартів 0) | носій вільно 100.4 ГБ | syncfs 6119/9529 мс | СКИДАЮ
          ЗАПИС 2: 93.2 МБ | файлів 1
          ЛІНК: 100762 пакетів, втрачено 208 (0.206%) | пауз 0: лінк 0 / борт 0 | найдовша 0 мс
   82.1 с | показано 4843 (59.0/с) | GPU 3.28 мс | h265 1920x1080: нових 4801, повтор 41, дроп 29 | ЗАТРИМКА 11.4 мс | ФАЗА 5.2 мс (дрейф -0.22 мс/с) | опит 11.7
          ЧАСТОТИ: камера 58.6505 | екран 59.0047 | різниця -354 мГц -> дрейф має бути +6.00 мс/с
          інтервали: вхід 2.4/17.0/86.7 -> вихід 0.7/17.0/85.1 | ДЕКОД 0.3/2.1/4.9 мс
          ФАПЧ: фаза 5.74 -> ціль 5.76 (похибка -0.02 мс) | опит 11.69 − запас 5.92 (розкид 1.48) | затримка 11.2 мс | камера -1072 мГц | екран 59.0046 Гц | ЗАХОПЛЕНО
          OSD: квадів 176 | збірок 1633 по 0.10 мс | телеметрія: пакетів 3273, CRC-збоїв 0
          КРОК ЗЙОМКИ: норма 98.37% | повтор 41 | коротко 0 | пропуск 38 | розмах 10.1..85.1 мс
          КАНАЛ 2 (порт 5001): 720x480 | нових 2040, повтор 2802, дроп 1
          ЗАПИС: 133.0 МБ | файлів 1 (ротацій 0, рестартів 0) | носій вільно 100.4 ГБ | syncfs 340/9529 мс
          ЗАПИС 2: 95.5 МБ | файлів 1
          ЛІНК: 103277 пакетів, втрачено 208 (0.201%) | пауз 0: лінк 0 / борт 0 | найдовша 0 мс
   84.1 с | показано 4961 (59.0/с) | GPU 3.60 мс | h265 1920x1080: нових 4919, повтор 42, дроп 30 | ЗАТРИМКА 11.0 мс | ФАЗА 6.6 мс (дрейф +0.57 мс/с) | опит 11.3
          ЧАСТОТИ: камера 58.6720 | екран 59.0047 | різниця -333 мГц -> дрейф має бути +5.64 мс/с
          інтервали: вхід 2.4/17.0/86.7 -> вихід 0.7/17.0/85.1 | ДЕКОД 0.3/2.1/4.9 мс
          ФАПЧ: фаза 6.30 -> ціль 5.68 (похибка +0.62 мс) | опит 11.41 − запас 5.73 (розкид 1.43) | затримка 10.6 мс | камера -1045 мГц | екран 59.0047 Гц | ведення
          OSD: квадів 176 | збірок 1672 по 0.17 мс | телеметрія: пакетів 3348, CRC-збоїв 0
          КРОК ЗЙОМКИ: норма 98.37% | повтор 42 | коротко 0 | пропуск 39 | розмах 10.1..85.1 мс
          КАНАЛ 2 (порт 5001): 720x480 | нових 2091, повтор 2870, дроп 1
          ЗАПИС: 136.3 МБ | файлів 1 (ротацій 0, рестартів 0) | носій вільно 100.4 ГБ | syncfs 340/9529 мс
          ЗАПИС 2: 97.9 МБ | файлів 1
          ЛІНК: 105795 пакетів, втрачено 208 (0.196%) | пауз 0: лінк 0 / борт 0 | найдовша 0 мс
   86.1 с | показано 5079 (59.0/с) | GPU 3.39 мс | h265 1920x1080: нових 5037, повтор 42, дроп 30 | ЗАТРИМКА 11.8 мс | ФАЗА 4.9 мс (дрейф -1.07 мс/с) | опит 11.5
          ЧАСТОТИ: камера 58.7047 | екран 59.0047 | різниця -300 мГц -> дрейф має бути +5.08 мс/с
          інтервали: вхід 2.4/17.0/86.7 -> вихід 0.7/17.0/85.1 | ДЕКОД 0.3/2.1/4.9 мс
          ФАПЧ: фаза 4.92 -> ціль 6.01 (похибка -1.08 мс) | опит 11.56 − запас 5.55 (розкид 1.39) | затримка 12.0 мс | камера -1110 мГц | екран 59.0047 Гц | ведення
          OSD: квадів 176 | збірок 1712 по 0.14 мс | телеметрія: пакетів 3433, CRC-збоїв 0
          КРОК ЗЙОМКИ: норма 98.40% | повтор 42 | коротко 0 | пропуск 39 | розмах 10.1..85.1 мс
          КАНАЛ 2 (порт 5001): 720x480 | нових 2141, повтор 2938, дроп 1
          ЗАПИС: 139.6 МБ | файлів 1 (ротацій 0, рестартів 0) | носій вільно 100.4 ГБ | syncfs 340/9529 мс | СКИДАЮ
          ЗАПИС 2: 100.3 МБ | файлів 1
          ЛІНК: 108316 пакетів, втрачено 208 (0.192%) | пауз 0: лінк 0 / борт 0 | найдовша 0 мс
   88.1 с | показано 5198 (59.0/с) | GPU 3.01 мс | h265 1920x1080: нових 5155, повтор 42, дроп 30 | ЗАТРИМКА 11.0 мс | ФАЗА 6.1 мс (дрейф +0.55 мс/с) | опит 12.0
          ЧАСТОТИ: камера 58.7272 | екран 59.0047 | різниця -278 мГц -> дрейф має бути +4.70 мс/с
          інтервали: вхід 2.4/17.0/86.7 -> вихід 0.7/17.0/85.1 | ДЕКОД 0.3/2.1/4.9 мс
          ФАПЧ: фаза 5.87 -> ціль 6.37 (похибка -0.49 мс) | опит 12.03 − запас 5.66 (розкид 1.42) | затримка 11.1 мс | камера -1102 мГц | екран 59.0047 Гц | ведення
          OSD: квадів 176 | збірок 1752 по 0.11 мс | телеметрія: пакетів 3507, CRC-збоїв 0
          КРОК ЗЙОМКИ: норма 98.44% | повтор 42 | коротко 0 | пропуск 39 | розмах 10.1..85.1 мс
          КАНАЛ 2 (порт 5001): 720x480 | нових 2191, повтор 3006, дроп 1
          ЗАПИС: 142.9 МБ | файлів 1 (ротацій 0, рестартів 0) | носій вільно 100.4 ГБ | syncfs 340/9529 мс | СКИДАЮ
          ЗАПИС 2: 102.6 МБ | файлів 1
          ЛІНК: 110836 пакетів, втрачено 208 (0.187%) | пауз 0: лінк 0 / борт 0 | найдовша 0 мс
   90.1 с | показано 5316 (59.0/с) | GPU 3.05 мс | h265 1920x1080: нових 5273, повтор 42, дроп 30 | ЗАТРИМКА 10.5 мс | ФАЗА 6.6 мс (дрейф +0.20 мс/с) | опит 12.0
          ЧАСТОТИ: камера 58.7382 | екран 59.0047 | різниця -267 мГц -> дрейф має бути +4.52 мс/с
          інтервали: вхід 2.4/17.0/86.7 -> вихід 0.7/17.0/85.1 | ДЕКОД 0.3/2.1/4.9 мс
          ФАПЧ: фаза 6.64 -> ціль 6.06 (похибка +0.58 мс) | опит 11.98 − запас 5.93 (розкид 1.48) | затримка 10.3 мс | камера -1046 мГц | екран 59.0047 Гц | ведення
          OSD: квадів 176 | збірок 1792 по 0.16 мс | телеметрія: пакетів 3579, CRC-збоїв 0
          КРОК ЗЙОМКИ: норма 98.48% | повтор 42 | коротко 0 | пропуск 39 | розмах 10.1..85.1 мс
          КАНАЛ 2 (порт 5001): 720x480 | нових 2241, повтор 3074, дроп 1
          ЗАПИС: 146.2 МБ | файлів 1 (ротацій 0, рестартів 0) | носій вільно 100.4 ГБ | syncfs 340/9529 мс | СКИДАЮ
          ЗАПИС 2: 105.0 МБ | файлів 1
          ЛІНК: 113374 пакетів, втрачено 208 (0.183%) | пауз 0: лінк 0 / борт 0 | найдовша 0 мс
   92.1 с | показано 5434 (59.0/с) | GPU 3.26 мс | h265 1920x1080: нових 5391, повтор 42, дроп 30 | ЗАТРИМКА 10.6 мс | ФАЗА 6.3 мс (дрейф -0.04 мс/с) | опит 11.7
          ЧАСТОТИ: камера 59.0774 | екран 59.0046 | різниця +73 мГц -> дрейф має бути -1.23 мс/с
          інтервали: вхід 2.4/17.0/86.7 -> вихід 0.7/17.0/85.1 | ДЕКОД 0.3/2.1/4.9 мс
          ФАПЧ: фаза 6.44 -> ціль 5.86 (похибка +0.58 мс) | опит 11.75 − запас 5.90 (розкид 1.47) | затримка 10.5 мс | камера -1043 мГц | екран 59.0047 Гц | ведення
          OSD: квадів 176 | збірок 1832 по 0.24 мс | телеметрія: пакетів 3666, CRC-збоїв 0
          КРОК ЗЙОМКИ: норма 98.51% | повтор 42 | коротко 0 | пропуск 39 | розмах 10.1..85.1 мс
          КАНАЛ 2 (порт 5001): 720x480 | нових 2291, повтор 3142, дроп 1
          ЗАПИС: 149.4 МБ | файлів 1 (ротацій 0, рестартів 0) | носій вільно 100.4 ГБ | syncfs 6600/9529 мс
          ЗАПИС 2: 107.4 МБ | файлів 1
          ЛІНК: 115884 пакетів, втрачено 208 (0.179%) | пауз 0: лінк 0 / борт 0 | найдовша 0 мс
   94.1 с | показано 5552 (59.0/с) | GPU 3.83 мс | h265 1920x1080: нових 5510, повтор 42, дроп 30 | ЗАТРИМКА 10.6 мс | ФАЗА 6.5 мс (дрейф -0.09 мс/с) | опит 11.0
          ЧАСТОТИ: камера 59.0180 | екран 59.0044 | різниця +14 мГц -> дрейф має бути -0.23 мс/с
          інтервали: вхід 2.4/17.0/86.7 -> вихід 0.7/17.0/85.1 | ДЕКОД 0.3/2.1/4.9 мс
          ФАПЧ: фаза 6.47 -> ціль 5.15 (похибка +1.33 мс) | опит 10.97 − запас 5.82 (розкид 1.45) | затримка 10.5 мс | камера -1007 мГц | екран 59.0046 Гц | ведення
          OSD: квадів 176 | збірок 1871 по 0.34 мс | телеметрія: пакетів 3755, CRC-збоїв 0
          КРОК ЗЙОМКИ: норма 98.54% | повтор 42 | коротко 0 | пропуск 39 | розмах 10.1..85.1 мс
          КАНАЛ 2 (порт 5001): 720x480 | нових 2341, повтор 3211, дроп 1
          ЗАПИС: 152.7 МБ | файлів 1 (ротацій 0, рестартів 0) | носій вільно 100.4 ГБ | syncfs 6600/9529 мс
          ЗАПИС 2: 109.7 МБ | файлів 1
          ЛІНК: 118404 пакетів, втрачено 208 (0.175%) | пауз 0: лінк 0 / борт 0 | найдовша 0 мс
   96.1 с | показано 5670 (59.0/с) | GPU 3.44 мс | h265 1920x1080: нових 5628, повтор 42, дроп 30 | ЗАТРИМКА 12.2 мс | ФАЗА 4.5 мс (дрейф -1.01 мс/с) | опит 11.5
          ЧАСТОТИ: камера 59.0338 | екран 59.0047 | різниця +29 мГц -> дрейф має бути -0.49 мс/с
          інтервали: вхід 2.4/17.0/86.7 -> вихід 0.7/17.0/85.1 | ДЕКОД 0.3/2.1/4.9 мс
          ФАПЧ: фаза 4.50 -> ціль 5.75 (похибка -1.25 мс) | опит 11.48 − запас 5.73 (розкид 1.43) | затримка 12.5 мс | камера -1119 мГц | екран 59.0047 Гц | ведення
          OSD: квадів 176 | збірок 1911 по 0.22 мс | телеметрія: пакетів 3839, CRC-збоїв 0
          КРОК ЗЙОМКИ: норма 98.57% | повтор 42 | коротко 0 | пропуск 39 | розмах 10.1..85.1 мс
          КАНАЛ 2 (порт 5001): 720x480 | нових 2391, повтор 3279, дроп 1
          ЗАПИС: 156.0 МБ | файлів 1 (ротацій 0, рестартів 0) | носій вільно 100.4 ГБ | syncfs 6600/9529 мс | СКИДАЮ
          ЗАПИС 2: 112.1 МБ | файлів 1
          ЛІНК: 120929 пакетів, втрачено 208 (0.172%) | пауз 0: лінк 0 / борт 0 | найдовша 0 мс
   98.1 с | показано 5789 (59.0/с) | GPU 3.09 мс | h265 1920x1080: нових 5746, повтор 42, дроп 30 | ЗАТРИМКА 11.3 мс | ФАЗА 5.8 мс (дрейф +0.64 мс/с) | опит 11.9
          ЧАСТОТИ: камера 59.0340 | екран 59.0047 | різниця +29 мГц -> дрейф має бути -0.50 мс/с
          інтервали: вхід 2.4/17.0/86.7 -> вихід 0.7/17.0/85.1 | ДЕКОД 0.3/2.1/4.9 мс
          ФАПЧ: фаза 5.81 -> ціль 6.18 (похибка -0.38 мс) | опит 11.94 − запас 5.75 (розкид 1.44) | затримка 11.1 мс | камера -1095 мГц | екран 59.0047 Гц | ведення
          OSD: квадів 176 | збірок 1951 по 0.20 мс | телеметрія: пакетів 3914, CRC-збоїв 0
          КРОК ЗЙОМКИ: норма 98.60% | повтор 42 | коротко 0 | пропуск 39 | розмах 10.1..85.1 мс
          КАНАЛ 2 (порт 5001): 720x480 | нових 2441, повтор 3347, дроп 1
          ЗАПИС: 159.3 МБ | файлів 1 (ротацій 0, рестартів 0) | носій вільно 100.4 ГБ | syncfs 6600/9529 мс | СКИДАЮ
          ЗАПИС 2: 114.5 МБ | файлів 1
          ЛІНК: 123441 пакетів, втрачено 208 (0.168%) | пауз 0: лінк 0 / борт 0 | найдовша 0 мс
  100.1 с | показано 5907 (59.0/с) | GPU 3.19 мс | h265 1920x1080: нових 5864, повтор 42, дроп 30 | ЗАТРИМКА 11.1 мс | ФАЗА 6.0 мс (дрейф +0.07 мс/с) | опит 11.8
          ЧАСТОТИ: камера 59.0323 | екран 59.0047 | різниця +28 мГц -> дрейф має бути -0.47 мс/с
          інтервали: вхід 2.4/17.0/86.7 -> вихід 0.7/17.0/85.1 | ДЕКОД 0.3/2.1/4.9 мс
          ФАПЧ: фаза 5.89 -> ціль 5.97 (похибка -0.08 мс) | опит 11.74 − запас 5.77 (розкид 1.44) | затримка 11.1 мс | камера -1078 мГц | екран 59.0047 Гц | ЗАХОПЛЕНО
          OSD: квадів 176 | збірок 1991 по 0.11 мс | телеметрія: пакетів 3993, CRC-збоїв 0
          КРОК ЗЙОМКИ: норма 98.63% | повтор 42 | коротко 0 | пропуск 39 | розмах 10.1..85.1 мс
          КАНАЛ 2 (порт 5001): 720x480 | нових 2491, повтор 3415, дроп 1
          ЗАПИС: 162.6 МБ | файлів 1 (ротацій 0, рестартів 0) | носій вільно 100.4 ГБ | syncfs 6600/9529 мс | СКИДАЮ
          ЗАПИС 2: 116.8 МБ | файлів 1
          ЛІНК: 125958 пакетів, втрачено 208 (0.165%) | пауз 0: лінк 0 / борт 0 | найдовша 0 мс
  102.1 с | показано 6025 (59.0/с) | GPU 3.22 мс | h265 1920x1080: нових 5982, повтор 42, дроп 30 | ЗАТРИМКА 10.8 мс | ФАЗА 6.2 мс (дрейф +0.07 мс/с) | опит 11.8
          ЧАСТОТИ: камера 59.0083 | екран 59.0047 | різниця +4 мГц -> дрейф має бути -0.06 мс/с
          інтервали: вхід 2.4/17.0/86.7 -> вихід 0.7/17.0/85.1 | ДЕКОД 0.3/2.1/4.9 мс
          ФАПЧ: фаза 6.20 -> ціль 6.03 (похибка +0.17 мс) | опит 11.75 − запас 5.72 (розкид 1.43) | затримка 10.8 мс | камера -1064 мГц | екран 59.0048 Гц | ЗАХОПЛЕНО
          OSD: квадів 176 | збірок 2031 по 0.09 мс | телеметрія: пакетів 4087, CRC-збоїв 0
          КРОК ЗЙОМКИ: норма 98.66% | повтор 42 | коротко 0 | пропуск 39 | розмах 10.1..85.1 мс
          КАНАЛ 2 (порт 5001): 720x480 | нових 2541, повтор 3483, дроп 1
          ЗАПИС: 165.8 МБ | файлів 1 (ротацій 0, рестартів 0) | носій вільно 100.4 ГБ | syncfs 6600/9529 мс | СКИДАЮ
          ЗАПИС 2: 119.2 МБ | файлів 1
          ЛІНК: 128508 пакетів, втрачено 208 (0.162%) | пауз 0: лінк 0 / борт 0 | найдовша 0 мс
  104.1 с | показано 6143 (59.0/с) | GPU 3.13 мс | h265 1920x1080: нових 6100, повтор 42, дроп 30 | ЗАТРИМКА 10.9 мс | ФАЗА 6.0 мс (дрейф +0.07 мс/с) | опит 11.9
          ЧАСТОТИ: камера 59.0158 | екран 59.0046 | різниця +11 мГц -> дрейф має бути -0.19 мс/с
          інтервали: вхід 2.4/17.0/86.7 -> вихід 0.7/17.0/85.1 | ДЕКОД 0.3/2.1/4.9 мс
          ФАПЧ: фаза 5.89 -> ціль 6.00 (похибка -0.12 мс) | опит 11.72 − запас 5.72 (розкид 1.43) | затримка 11.1 мс | камера -1077 мГц | екран 59.0048 Гц | ЗАХОПЛЕНО
          OSD: квадів 176 | збірок 2070 по 0.35 мс | телеметрія: пакетів 4149, CRC-збоїв 0
          КРОК ЗЙОМКИ: норма 98.68% | повтор 42 | коротко 0 | пропуск 39 | розмах 10.1..85.1 мс
          КАНАЛ 2 (порт 5001): 720x480 | нових 2591, повтор 3551, дроп 1
          ЗАПИС: 169.1 МБ | файлів 1 (ротацій 0, рестартів 0) | носій вільно 100.4 ГБ | syncfs 7025/9529 мс
          ЗАПИС 2: 121.6 МБ | файлів 1
          ЛІНК: 131026 пакетів, втрачено 208 (0.158%) | пауз 0: лінк 0 / борт 0 | найдовша 0 мс
[носій] /media/root/USB128, вільно 100.3 ГБ з 123.8
  106.1 с | показано 6261 (59.0/с) | GPU 3.41 мс | h265 1920x1080: нових 6218, повтор 42, дроп 30 | ЗАТРИМКА 10.4 мс | ФАЗА 6.9 мс (дрейф +0.50 мс/с) | опит 11.5
          ЧАСТОТИ: камера 59.0036 | екран 59.0047 | різниця -1 мГц -> дрейф має бути +0.02 мс/с
          інтервали: вхід 2.4/17.0/86.7 -> вихід 0.7/17.0/85.1 | ДЕКОД 0.3/2.1/4.9 мс
          ФАПЧ: фаза 6.70 -> ціль 5.65 (похибка +1.05 мс) | опит 11.36 − запас 5.71 (розкид 1.43) | затримка 10.2 мс | камера -1024 мГц | екран 59.0047 Гц | ведення
          OSD: квадів 176 | збірок 2110 по 0.30 мс | телеметрія: пакетів 4239, CRC-збоїв 0
          КРОК ЗЙОМКИ: норма 98.71% | повтор 42 | коротко 0 | пропуск 39 | розмах 10.1..85.1 мс
          КАНАЛ 2 (порт 5001): 720x480 | нових 2641, повтор 3619, дроп 1
          ЗАПИС: 172.4 МБ | файлів 1 (ротацій 0, рестартів 0) | носій вільно 100.3 ГБ | syncfs 7025/9529 мс | СКИДАЮ
          ЗАПИС 2: 123.9 МБ | файлів 1
          ЛІНК: 133539 пакетів, втрачено 208 (0.156%) | пауз 0: лінк 0 / борт 0 | найдовша 0 мс
  108.1 с | показано 6379 (59.0/с) | GPU 3.11 мс | h265 1920x1080: нових 6337, повтор 42, дроп 30 | ЗАТРИМКА 11.4 мс | ФАЗА 5.3 мс (дрейф -0.63 мс/с) | опит 11.9
          ЧАСТОТИ: камера 59.0149 | екран 59.0047 | різниця +10 мГц -> дрейф має бути -0.17 мс/с
          інтервали: вхід 2.4/17.0/86.7 -> вихід 0.7/17.0/85.1 | ДЕКОД 0.3/2.1/4.9 мс
          ФАПЧ: фаза 5.56 -> ціль 6.18 (похибка -0.63 мс) | опит 11.88 − запас 5.70 (розкид 1.43) | затримка 11.4 мс | камера -1093 мГц | екран 59.0047 Гц | ведення
          OSD: квадів 176 | збірок 2150 по 0.31 мс | телеметрія: пакетів 4305, CRC-збоїв 0
          КРОК ЗЙОМКИ: норма 98.73% | повтор 42 | коротко 0 | пропуск 39 | розмах 10.1..85.1 мс
          КАНАЛ 2 (порт 5001): 720x480 | нових 2692, повтор 3687, дроп 1
          ЗАПИС: 175.7 МБ | файлів 1 (ротацій 0, рестартів 0) | носій вільно 100.3 ГБ | syncfs 1565/9529 мс
          ЗАПИС 2: 126.3 МБ | файлів 1
          ЛІНК: 136064 пакетів, втрачено 208 (0.153%) | пауз 0: лінк 0 / борт 0 | найдовша 0 мс
  110.1 с | показано 6497 (59.0/с) | GPU 3.40 мс | h265 1920x1080: нових 6455, повтор 42, дроп 30 | ЗАТРИМКА 11.0 мс | ФАЗА 5.7 мс (дрейф +0.40 мс/с) | опит 11.5
          ЧАСТОТИ: камера 59.0086 | екран 59.0047 | різниця +4 мГц -> дрейф має бути -0.07 мс/с
          інтервали: вхід 2.4/17.0/86.7 -> вихід 0.7/17.0/85.1 | ДЕКОД 0.3/2.1/4.9 мс
          ФАПЧ: фаза 6.20 -> ціль 5.84 (похибка +0.35 мс) | опит 11.60 − запас 5.76 (розкид 1.44) | затримка 10.7 мс | камера -1054 мГц | екран 59.0047 Гц | ведення
          OSD: квадів 176 | збірок 2190 по 0.31 мс | телеметрія: пакетів 4397, CRC-збоїв 0
          КРОК ЗЙОМКИ: норма 98.75% | повтор 42 | коротко 0 | пропуск 39 | розмах 10.1..85.1 мс
          КАНАЛ 2 (порт 5001): 720x480 | нових 2742, повтор 3755, дроп 1
          ЗАПИС: 179.0 МБ | файлів 1 (ротацій 0, рестартів 0) | носій вільно 100.3 ГБ | syncfs 1565/9529 мс
          ЗАПИС 2: 128.6 МБ | файлів 1
          ЛІНК: 138586 пакетів, втрачено 208 (0.150%) | пауз 0: лінк 0 / борт 0 | найдовша 0 мс
  112.1 с | показано 6616 (59.0/с) | GPU 2.99 мс | h265 1920x1080: нових 6573, повтор 42, дроп 30 | ЗАТРИМКА 11.0 мс | ФАЗА 5.7 мс (дрейф -0.22 мс/с) | опит 12.1
          ЧАСТОТИ: камера 59.0006 | екран 59.0047 | різниця -4 мГц -> дрейф має бути +0.07 мс/с
          інтервали: вхід 2.4/17.0/86.7 -> вихід 0.7/17.0/85.1 | ДЕКОД 0.3/2.1/4.9 мс
          ФАПЧ: фаза 5.23 -> ціль 6.16 (похибка -0.93 мс) | опит 11.95 − запас 5.79 (розкид 1.45) | затримка 11.7 мс | камера -1114 мГц | екран 59.0047 Гц | ведення
          OSD: квадів 176 | збірок 2229 по 0.27 мс | телеметрія: пакетів 4478, CRC-збоїв 0
          КРОК ЗЙОМКИ: норма 98.78% | повтор 42 | коротко 0 | пропуск 39 | розмах 9.7..85.1 мс
          КАНАЛ 2 (порт 5001): 720x480 | нових 2792, повтор 3823, дроп 1
          ЗАПИС: 182.2 МБ | файлів 1 (ротацій 0, рестартів 0) | носій вільно 100.3 ГБ | syncfs 1565/9529 мс | СКИДАЮ
          ЗАПИС 2: 131.0 МБ | файлів 1
          ЛІНК: 141100 пакетів, втрачено 208 (0.147%) | пауз 0: лінк 0 / борт 0 | найдовша 0 мс
  114.1 с | показано 6734 (59.0/с) | GPU 3.24 мс | h265 1920x1080: нових 6691, повтор 42, дроп 30 | ЗАТРИМКА 10.8 мс | ФАЗА 6.1 мс (дрейф +0.16 мс/с) | опит 11.7
          ЧАСТОТИ: камера 59.0101 | екран 59.0047 | різниця +5 мГц -> дрейф має бути -0.09 мс/с
          інтервали: вхід 2.4/17.0/86.7 -> вихід 0.7/17.0/85.1 | ДЕКОД 0.3/2.1/4.9 мс
          ФАПЧ: фаза 6.40 -> ціль 5.91 (похибка +0.49 мс) | опит 11.83 − запас 5.92 (розкид 1.48) | затримка 10.6 мс | камера -1050 мГц | екран 59.0047 Гц | ЗАХОПЛЕНО
          OSD: квадів 176 | збірок 2269 по 0.10 мс | телеметрія: пакетів 4566, CRC-збоїв 0
          КРОК ЗЙОМКИ: норма 98.80% | повтор 42 | коротко 0 | пропуск 39 | розмах 9.7..85.1 мс
          КАНАЛ 2 (порт 5001): 720x480 | нових 2842, повтор 3891, дроп 1
          ЗАПИС: 185.5 МБ | файлів 1 (ротацій 0, рестартів 0) | носій вільно 100.3 ГБ | syncfs 1565/9529 мс | СКИДАЮ
          ЗАПИС 2: 133.4 МБ | файлів 1
          ЛІНК: 143636 пакетів, втрачено 208 (0.145%) | пауз 0: лінк 0 / борт 0 | найдовша 0 мс
  116.1 с | показано 6852 (59.0/с) | GPU 3.21 мс | h265 1920x1080: нових 6809, повтор 42, дроп 30 | ЗАТРИМКА 11.0 мс | ФАЗА 5.9 мс (дрейф -0.09 мс/с) | опит 11.8
          ЧАСТОТИ: камера 59.0052 | екран 59.0047 | різниця +1 мГц -> дрейф має бути -0.01 мс/с
          інтервали: вхід 2.4/17.0/86.7 -> вихід 0.7/17.0/85.1 | ДЕКОД 0.3/2.0/4.9 мс
          ФАПЧ: фаза 5.97 -> ціль 6.12 (похибка -0.15 мс) | опит 11.82 − запас 5.70 (розкид 1.43) | затримка 11.0 мс | камера -1078 мГц | екран 59.0047 Гц | ЗАХОПЛЕНО
          OSD: квадів 176 | збірок 2309 по 0.11 мс | телеметрія: пакетів 4645, CRC-збоїв 0
          КРОК ЗЙОМКИ: норма 98.82% | повтор 42 | коротко 0 | пропуск 39 | розмах 9.7..85.1 мс
          КАНАЛ 2 (порт 5001): 720x480 | нових 2892, повтор 3959, дроп 1
          ЗАПИС: 188.8 МБ | файлів 1 (ротацій 0, рестартів 0) | носій вільно 100.3 ГБ | syncfs 1565/9529 мс | СКИДАЮ
          ЗАПИС 2: 135.7 МБ | файлів 1
          ЛІНК: 146164 пакетів, втрачено 208 (0.142%) | пауз 0: лінк 0 / борт 0 | найдовша 0 мс
  118.1 с | показано 6970 (59.0/с) | GPU 3.26 мс | h265 1920x1080: нових 6927, повтор 42, дроп 30 | ЗАТРИМКА 10.9 мс | ФАЗА 6.1 мс (дрейф -0.03 мс/с) | опит 11.7
          ЧАСТОТИ: камера 59.0127 | екран 59.0047 | різниця +8 мГц -> дрейф має бути -0.14 мс/с
          інтервали: вхід 2.4/17.0/86.7 -> вихід 0.7/17.0/85.1 | ДЕКОД 0.3/2.0/4.9 мс
          ФАПЧ: фаза 5.90 -> ціль 5.89 (похибка +0.01 мс) | опит 11.70 − запас 5.81 (розкид 1.45) | затримка 11.0 мс | камера -1072 мГц | екран 59.0047 Гц | ЗАХОПЛЕНО
          OSD: квадів 176 | збірок 2349 по 0.17 мс | телеметрія: пакетів 4731, CRC-збоїв 0
          КРОК ЗЙОМКИ: норма 98.84% | повтор 42 | коротко 0 | пропуск 39 | розмах 9.7..85.1 мс
          КАНАЛ 2 (порт 5001): 720x480 | нових 2942, повтор 4027, дроп 1
          ЗАПИС: 192.1 МБ | файлів 1 (ротацій 0, рестартів 0) | носій вільно 100.3 ГБ | syncfs 1565/9529 мс | СКИДАЮ
          ЗАПИС 2: 138.1 МБ | файлів 1
          ЛІНК: 148669 пакетів, втрачено 208 (0.140%) | пауз 0: лінк 0 / борт 0 | найдовша 0 мс
  120.1 с | показано 7088 (59.0/с) | GPU 3.15 мс | h265 1920x1080: нових 7045, повтор 42, дроп 30 | ЗАТРИМКА 11.1 мс | ФАЗА 5.8 мс (дрейф -0.28 мс/с) | опит 11.8
          ЧАСТОТИ: камера 59.0106 | екран 59.0047 | різниця +6 мГц -> дрейф має бути -0.10 мс/с
          інтервали: вхід 2.4/17.0/86.7 -> вихід 0.7/17.0/85.1 | ДЕКОД 0.3/2.0/4.9 мс
          ФАПЧ: фаза 5.34 -> ціль 6.08 (похибка -0.73 мс) | опит 11.82 − запас 5.74 (розкид 1.43) | затримка 11.6 мс | камера -1104 мГц | екран 59.0047 Гц | ведення
          OSD: квадів 175 | збірок 2389 по 0.29 мс | телеметрія: пакетів 4796, CRC-збоїв 0
          КРОК ЗЙОМКИ: норма 98.86% | повтор 42 | коротко 0 | пропуск 39 | розмах 9.7..85.1 мс
          КАНАЛ 2 (порт 5001): 720x480 | нових 2992, повтор 4095, дроп 1
          ЗАПИС: 195.3 МБ | файлів 1 (ротацій 0, рестартів 0) | носій вільно 100.3 ГБ | syncfs 1565/9529 мс | СКИДАЮ
          ЗАПИС 2: 140.4 МБ | файлів 1
          ЛІНК: 151190 пакетів, втрачено 208 (0.137%) | пауз 0: лінк 0 / борт 0 | найдовша 0 мс
  122.1 с | показано 7206 (59.0/с) | GPU 3.09 мс | h265 1920x1080: нових 7162, повтор 43, дроп 31 | ЗАТРИМКА 10.6 мс | ФАЗА 6.4 мс (дрейф +0.33 мс/с) | опит 11.9
          ЧАСТОТИ: камера 58.8751 | екран 59.0048 | різниця -130 мГц -> дрейф має бути +2.20 мс/с
          інтервали: вхід 2.4/17.0/86.7 -> вихід 0.7/17.0/85.1 | ДЕКОД 0.3/2.0/4.9 мс
          ФАПЧ: фаза 6.60 -> ціль 6.47 (похибка +0.13 мс) | опит 12.14 − запас 5.66 (розкид 1.42) | затримка 10.3 мс | камера -1070 мГц | екран 59.0047 Гц | ЗАХОПЛЕНО
          OSD: квадів 176 | збірок 2428 по 0.36 мс | телеметрія: пакетів 4881, CRC-збоїв 0
          КРОК ЗЙОМКИ: норма 98.85% | повтор 43 | коротко 0 | пропуск 40 | розмах 9.7..85.1 мс
          КАНАЛ 2 (порт 5001): 720x480 | нових 3042, повтор 4163, дроп 1
          ЗАПИС: 198.6 МБ | файлів 1 (ротацій 0, рестартів 0) | носій вільно 100.3 ГБ | syncfs 10179/10179 мс
          ЗАПИС 2: 142.8 МБ | файлів 1
          ЛІНК: 153719 пакетів, втрачено 208 (0.135%) | пауз 0: лінк 0 / борт 0 | найдовша 0 мс
  124.1 с | показано 7324 (59.0/с) | GPU 3.67 мс | h265 1920x1080: нових 7281, повтор 43, дроп 31 | ЗАТРИМКА 10.4 мс | ФАЗА 6.3 мс (дрейф +0.08 мс/с) | опит 11.2
          ЧАСТОТИ: камера 59.0139 | екран 59.0046 | різниця +9 мГц -> дрейф має бути -0.16 мс/с
          інтервали: вхід 2.4/17.0/86.7 -> вихід 0.7/17.0/85.1 | ДЕКОД 0.3/2.0/4.9 мс
          ФАПЧ: фаза 6.48 -> ціль 5.38 (похибка +1.10 мс) | опит 11.09 − запас 5.71 (розкид 1.43) | затримка 10.5 мс | камера -1012 мГц | екран 59.0046 Гц | ведення
          OSD: квадів 176 | збірок 2468 по 0.34 мс | телеметрія: пакетів 4959, CRC-збоїв 0
          КРОК ЗЙОМКИ: норма 98.87% | повтор 43 | коротко 0 | пропуск 40 | розмах 9.7..85.1 мс
          КАНАЛ 2 (порт 5001): 720x480 | нових 3092, повтор 4232, дроп 1
          ЗАПИС: 201.9 МБ | файлів 1 (ротацій 0, рестартів 0) | носій вільно 100.3 ГБ | syncfs 10179/10179 мс
          ЗАПИС 2: 145.2 МБ | файлів 1
          ЛІНК: 156220 пакетів, втрачено 208 (0.133%) | пауз 0: лінк 0 / борт 0 | найдовша 0 мс
  126.1 с | показано 7441 (59.0/с) | GPU 3.50 мс | h265 1920x1080: нових 7398, повтор 43, дроп 32 | ЗАТРИМКА 12.5 мс | ФАЗА 4.5 мс (дрейф -1.09 мс/с) | опит 11.4
          ЧАСТОТИ: камера 59.0159 | екран 59.0047 | різниця +11 мГц -> дрейф має бути -0.19 мс/с
          інтервали: вхід 2.4/17.0/86.7 -> вихід 0.7/17.0/85.1 | ДЕКОД 0.3/2.1/4.9 мс
          ФАПЧ: фаза 4.34 -> ціль 5.70 (похибка -1.35 мс) | опит 11.38 − запас 5.68 (розкид 1.42) | затримка 12.6 мс | камера -1125 мГц | екран 59.0047 Гц | ведення
          OSD: квадів 176 | збірок 2508 по 0.26 мс | телеметрія: пакетів 5046, CRC-збоїв 0
          КРОК ЗЙОМКИ: норма 98.87% | повтор 43 | коротко 0 | пропуск 41 | розмах 9.7..85.1 мс
          КАНАЛ 2 (порт 5001): 720x480 | нових 3142, повтор 4299, дроп 1
          ЗАПИС: 205.2 МБ | файлів 1 (ротацій 0, рестартів 0) | носій вільно 100.3 ГБ | syncfs 10179/10179 мс | СКИДАЮ
          ЗАПИС 2: 147.5 МБ | файлів 1
          ЛІНК: 158742 пакетів, втрачено 208 (0.131%) | пауз 0: лінк 0 / борт 0 | найдовша 0 мс
  128.1 с | показано 7560 (59.0/с) | GPU 3.09 мс | h265 1920x1080: нових 7516, повтор 43, дроп 32 | ЗАТРИМКА 11.1 мс | ФАЗА 5.9 мс (дрейф +0.78 мс/с) | опит 11.9
          ЧАСТОТИ: камера 58.9896 | екран 59.0047 | різниця -15 мГц -> дрейф має бути +0.26 мс/с
          інтервали: вхід 2.4/17.0/86.7 -> вихід 0.7/17.0/85.1 | ДЕКОД 0.3/2.1/4.9 мс
          ФАПЧ: фаза 5.91 -> ціль 6.28 (похибка -0.36 мс) | опит 11.90 − запас 5.62 (розкид 1.41) | затримка 11.0 мс | камера -1101 мГц | екран 59.0047 Гц | ведення
          OSD: квадів 176 | збірок 2548 по 0.10 мс | телеметрія: пакетів 5128, CRC-збоїв 0
          КРОК ЗЙОМКИ: норма 98.89% | повтор 43 | коротко 0 | пропуск 41 | розмах 9.7..85.1 мс
          КАНАЛ 2 (порт 5001): 720x480 | нових 3192, повтор 4367, дроп 1
          ЗАПИС: 208.5 МБ | файлів 1 (ротацій 0, рестартів 0) | носій вільно 100.3 ГБ | syncfs 10179/10179 мс | СКИДАЮ
          ЗАПИС 2: 149.9 МБ | файлів 1
          ЛІНК: 161270 пакетів, втрачено 208 (0.129%) | пауз 0: лінк 0 / борт 0 | найдовша 0 мс
  130.1 с | показано 7678 (59.0/с) | GPU 3.11 мс | h265 1920x1080: нових 7634, повтор 43, дроп 32 | ЗАТРИМКА 10.6 мс | ФАЗА 6.4 мс (дрейф +0.04 мс/с) | опит 11.9
          ЧАСТОТИ: камера 59.0051 | екран 59.0047 | різниця +0 мГц -> дрейф має бути -0.01 мс/с
          інтервали: вхід 2.4/17.0/86.7 -> вихід 0.7/17.0/85.1 | ДЕКОД 0.3/2.1/4.9 мс
          ФАПЧ: фаза 6.04 -> ціль 6.26 (похибка -0.21 мс) | опит 11.80 − запас 5.55 (розкид 1.39) | затримка 10.9 мс | камера -1084 мГц | екран 59.0047 Гц | ЗАХОПЛЕНО
          OSD: квадів 176 | збірок 2588 по 0.15 мс | телеметрія: пакетів 5200, CRC-збоїв 0
          КРОК ЗЙОМКИ: норма 98.91% | повтор 43 | коротко 0 | пропуск 41 | розмах 9.7..85.1 мс
          КАНАЛ 2 (порт 5001): 720x480 | нових 3242, повтор 4435, дроп 1
          ЗАПИС: 211.7 МБ | файлів 1 (ротацій 0, рестартів 0) | носій вільно 100.3 ГБ | syncfs 10179/10179 мс | СКИДАЮ
          ЗАПИС 2: 152.3 МБ | файлів 1
          ЛІНК: 163789 пакетів, втрачено 208 (0.127%) | пауз 0: лінк 0 / борт 0 | найдовша 0 мс
  132.1 с | показано 7796 (59.0/с) | GPU 3.34 мс | h265 1920x1080: нових 7745, повтор 50, дроп 32 | ЗАТРИМКА 11.6 мс | ФАЗА 5.8 мс (дрейф -0.24 мс/с) | опит 11.6
          ЧАСТОТИ: камера 58.4268 | екран 59.0047 | різниця -578 мГц -> дрейф має бути +9.80 мс/с
          інтервали: вхід 2.4/17.0/86.7 -> вихід 0.7/17.0/85.1 | ДЕКОД 0.3/2.1/4.9 мс
          ФАПЧ: фаза 5.85 -> ціль 5.28 (похибка +0.57 мс) | опит 11.60 − запас 6.32 (розкид 1.58) | затримка 11.1 мс | камера -1039 мГц | екран 59.0047 Гц | ведення
          OSD: квадів 176 | збірок 2627 по 0.27 мс | телеметрія: пакетів 5282, CRC-збоїв 0
          КРОК ЗЙОМКИ: норма 98.78% | повтор 50 | коротко 1 | пропуск 44 | розмах 6.7..85.1 мс
          КАНАЛ 2 (порт 5001): 720x480 | нових 3289, повтор 4506, дроп 1
          ЗАПИС: 214.8 МБ | файлів 1 (ротацій 0, рестартів 0) | носій вільно 100.3 ГБ | syncfs 10179/10179 мс | СКИДАЮ
          ЗАПИС 2: 154.5 МБ | файлів 1
          ЛІНК: 166234 пакетів, втрачено 295 (0.177%) | пауз 0: лінк 0 / борт 0 | найдовша 0 мс
  134.1 с | показано 7914 (59.0/с) | GPU 3.30 мс | h265 1920x1080: нових 7863, повтор 50, дроп 32 | ЗАТРИМКА 12.3 мс | ФАЗА 4.9 мс (дрейф -0.43 мс/с) | опит 11.7
          ЧАСТОТИ: камера 58.5064 | екран 59.0047 | різниця -498 мГц -> дрейф має бути +8.45 мс/с
          інтервали: вхід 2.4/17.0/86.7 -> вихід 0.7/17.0/85.1 | ДЕКОД 0.3/2.0/4.9 мс
          ФАПЧ: фаза 4.93 -> ціль 5.64 (похибка -0.71 мс) | опит 11.61 − запас 5.97 (розкид 1.49) | затримка 12.0 мс | камера -1108 мГц | екран 59.0048 Гц | ведення
          OSD: квадів 176 | збірок 2667 по 0.45 мс | телеметрія: пакетів 5354, CRC-збоїв 0
          КРОК ЗЙОМКИ: норма 98.80% | повтор 50 | коротко 1 | пропуск 44 | розмах 6.7..85.1 мс
          КАНАЛ 2 (порт 5001): 720x480 | нових 3339, повтор 4574, дроп 1
          ЗАПИС: 218.1 МБ | файлів 1 (ротацій 0, рестартів 0) | носій вільно 100.3 ГБ | syncfs 8527/10179 мс
          ЗАПИС 2: 156.9 МБ | файлів 1
          ЛІНК: 168759 пакетів, втрачено 295 (0.175%) | пауз 0: лінк 0 / борт 0 | найдовша 0 мс
  136.1 с | показано 8031 (59.0/с) | GPU 3.05 мс | h265 1920x1080: нових 7979, повтор 51, дроп 34 | ЗАТРИМКА 11.9 мс | ФАЗА 6.2 мс (дрейф +0.89 мс/с) | опит 12.0
          ЧАСТОТИ: камера 58.5612 | екран 59.0047 | різниця -443 мГц -> дрейф має бути +7.52 мс/с
          інтервали: вхід 2.4/17.0/86.7 -> вихід 0.7/17.0/85.1 | ДЕКОД 0.3/2.0/7.1 мс
          ФАПЧ: фаза 5.68 -> ціль 5.95 (похибка -0.27 мс) | опит 11.70 − запас 5.75 (розкид 1.44) | затримка 11.3 мс | камера -1093 мГц | екран 59.0047 Гц | ведення
          OSD: квадів 176 | збірок 2707 по 0.10 мс | телеметрія: пакетів 5447, CRC-збоїв 0
          КРОК ЗЙОМКИ: норма 98.78% | повтор 51 | коротко 1 | пропуск 46 | розмах 6.7..85.1 мс
          КАНАЛ 2 (порт 5001): 720x480 | нових 3389, повтор 4641, дроп 1
          ЗАПИС: 221.4 МБ | файлів 1 (ротацій 0, рестартів 0) | носій вільно 100.3 ГБ | syncfs 8527/10179 мс | СКИДАЮ
          ЗАПИС 2: 159.2 МБ | файлів 1
          ЛІНК: 171275 пакетів, втрачено 295 (0.172%) | пауз 0: лінк 0 / борт 0 | найдовша 0 мс
  138.1 с | показано 8149 (59.0/с) | GPU 2.94 мс | h265 1920x1080: нових 8097, повтор 51, дроп 34 | ЗАТРИМКА 11.1 мс | ФАЗА 6.0 мс (дрейф -0.26 мс/с) | опит 12.1
          ЧАСТОТИ: камера 58.6213 | екран 59.0047 | різниця -383 мГц -> дрейф має бути +6.50 мс/с
          інтервали: вхід 2.4/17.0/86.7 -> вихід 0.7/17.0/85.1 | ДЕКОД 0.3/2.0/7.1 мс
          ФАПЧ: фаза 5.89 -> ціль 6.13 (похибка -0.24 мс) | опит 12.11 − запас 5.98 (розкид 1.49) | затримка 11.1 мс | камера -1080 мГц | екран 59.0046 Гц | ведення
          OSD: квадів 176 | збірок 2747 по 0.08 мс | телеметрія: пакетів 5511, CRC-збоїв 0
          КРОК ЗЙОМКИ: норма 98.80% | повтор 51 | коротко 1 | пропуск 46 | розмах 6.7..85.1 мс
          КАНАЛ 2 (порт 5001): 720x480 | нових 3439, повтор 4709, дроп 1
          ЗАПИС: 224.6 МБ | файлів 1 (ротацій 0, рестартів 0) | носій вільно 100.3 ГБ | syncfs 8527/10179 мс | СКИДАЮ
          ЗАПИС 2: 161.6 МБ | файлів 1
          ЛІНК: 173789 пакетів, втрачено 295 (0.169%) | пауз 0: лінк 0 / борт 0 | найдовша 0 мс
[носій] /media/root/USB128, вільно 100.2 ГБ з 123.8
[запис main] закрив, 227.1 МБ
[запис pip] закрив, 163.9 МБ

Підсумок: 8261 показів за 140.4 с = 58.86 к/с (екран 59.003 Гц)
          намальовано 8261, прохід GPU 3.29 мс
