[kms] vtotal 1125 -> 1144 (+19 рядків), частота 60.000 -> 59.003 Гц | рядкова 67.500 кГц і клок 148500 кГц незмінні
[kms] HDMI-A 1920x1080@59.003 | crtc=88 plane=56 | 14 форматів | колір: rgb 8 біт | бюджет кадру 16.95 мс
[gl] init: 1920x1080 fourcc=0x34325258, буферів 2
[gl] Mali-G610 | OpenGL ES 3.2 v1.g13p0-01eac0.68603db295fbf2c59ac6b927fdfb1c32
[h265] порт 5600, пайплайн[1] піднято
[pip] порт 5001, пайплайн[1] піднято
[gl] 2 буфер(и) 1920x1080, крок 7680 | період 16.95 мс | fence: є
[osd] зображення atlas.png: 2048x1400
[osd] атлас 2048x1400
[osd] гліфів 1095
[osd] зображення img/horizont_0.png: 1080x1080
[osd] зображення img/horizont_1.png: 1080x1080
[osd] зображення img/pgbar_empy.png: 1660x329
[osd] зображення img/pgbar_green.png: 1660x329
[osd] елементів layout 27
udp_listener: слухаю порт 50122
[osd] піднято: телеметрія на порту 50122, перезбирання раз на 50 мс
[фаза] петля піднята: камера 192.168.1.10, параметр video0.fpsTrimMilliHz
[носій] стежу за флешкою
[запис main] потік піднято, порт 5600
[локальні канали] піднято: опитування раз на 500 мс
[субтитри] елементів розкладки 26
[субтитри] дебажних каналів 96
[субтитри] піднято: знімок раз на 500 мс, PlayRes 1920x1080
[запис pip] потік піднято, порт 5001
[лінк main] стежу за портом 5600, поріг тиші 100 мс
[носій] /media/root/USB128, вільно 100.7 ГБ з 123.8
[gl] текстура оверлея atlas.png: 2048x1400
[gl] текстура оверлея img/horizont_0.png: 1080x1080
[gl] текстура оверлея img/horizont_1.png: 1080x1080
[gl] текстура оверлея img/pgbar_empy.png: 1660x329
[gl] текстура оверлея img/pgbar_green.png: 1660x329
[запис pip] почав: /media/root/USB128/2026-07-28/20260728_080639_pip.mkv
[запис main] почав: /media/root/USB128/2026-07-28/20260728_080639_main.mkv
[субтитри] /media/root/USB128/2026-07-28/20260728_080639_main.ass
[субтитри] /media/root/USB128/2026-07-28/20260728_080639_main.debug.ass

=== шар виводу ===
  HDMI-A 1920x1080@59.003
  розмір     1920x1080
  частота    59.003 Гц (бюджет кадру 16.948 мс)
  формат     0x34325258
  колір      RGB

arm_release_ver: g13p0-01eac0, rk_so_ver: 10
Джерел зареєстровано: 2
OSD піднято.
Працюю. Ctrl+C для виходу.
    2.0 с | показано 115 (57.4/с) | GPU 3.59 мс | h265 1920x1080: нових 109, повтор 6, дроп 15 | ЗАТРИМКА 14.8 мс | ФАЗА 0.8 мс (дрейф -15.86 мс/с) | опит 11.3
          ЧАСТОТИ: камера 60.0615 | екран 59.0055 | різниця +1056 мГц -> дрейф має бути -17.90 мс/с
          інтервали: вхід 10.5/16.6/20.8 -> вихід 9.6/16.6/21.8 | ДЕКОД 1.6/2.4/5.7 мс
          ФАПЧ: не веде (розігрів)
          OSD: квадів 176 | збірок 40 по 0.29 мс | телеметрія: пакетів 76, CRC-збоїв 0
          КРОК ЗЙОМКИ: норма 86.73% | повтор 6 | коротко 0 | пропуск 9 | розмах 11.2..34.8 мс
          КАНАЛ 2 (порт 5001): 720x480 | нових 50, повтор 65, дроп 3
          ЗАПИС: 2.4 МБ | файлів 1 (ротацій 0, рестартів 0) | носій вільно 100.7 ГБ | syncfs 0/0 мс
          ЗАПИС 2: 1.8 МБ | файлів 1
          ЛІНК: 2569 пакетів, втрачено 0 (0.000%) | пауз 0: лінк 0 / борт 0 | найдовша 0 мс
    4.0 с | показано 233 (58.2/с) | GPU 3.80 мс | h265 1920x1080: нових 219, повтор 14, дроп 25 | ЗАТРИМКА 12.1 мс | ФАЗА 5.4 мс (дрейф -15.87 мс/с) | опит 11.0
          ЧАСТОТИ: камера 59.9934 | екран 59.0051 | різниця +988 мГц -> дрейф має бути -16.75 мс/с
          інтервали: вхід 10.5/16.7/21.0 -> вихід 9.6/16.7/21.8 | ДЕКОД 1.6/2.5/5.7 мс
          ФАПЧ: фаза 12.76 -> ціль 3.36 (похибка -7.54 мс) | опит 11.36 − запас 8.00 (розкид 2.20) | затримка 4.2 мс | камера -542 мГц | екран 59.0054 Гц | ведення
          OSD: квадів 176 | збірок 80 по 0.23 мс | телеметрія: пакетів 146, CRC-збоїв 0
          КРОК ЗЙОМКИ: норма 85.71% | повтор 14 | коротко 0 | пропуск 19 | розмах 11.2..34.8 мс
          КАНАЛ 2 (порт 5001): 720x480 | нових 100, повтор 133, дроп 3
          ЗАПИС: 5.7 МБ | файлів 1 (ротацій 0, рестартів 0) | носій вільно 100.7 ГБ | syncfs 0/0 мс
          ЗАПИС 2: 4.1 МБ | файлів 1
          ЛІНК: 5129 пакетів, втрачено 0 (0.000%) | пауз 0: лінк 0 / борт 0 | найдовша 0 мс
    6.0 с | показано 352 (58.6/с) | GPU 3.27 мс | h265 1920x1080: нових 324, повтор 27, дроп 32 | ЗАТРИМКА 22.7 мс | ФАЗА 0.1 мс (дрейф -12.26 мс/с) | опит 11.7
          ЧАСТОТИ: камера 58.7196 | екран 59.0050 | різниця -285 мГц -> дрейф має бути +4.84 мс/с
          інтервали: вхід 10.5/17.0/82.2 -> вихід 9.6/17.0/82.3 | ДЕКОД 0.9/2.5/5.7 мс
          ФАПЧ: фаза 2.53 -> ціль 3.30 (похибка -0.77 мс) | опит 11.23 − запас 7.93 (розкид 1.98) | затримка 14.4 мс | камера -604 мГц | екран 59.0048 Гц | ведення
          OSD: квадів 176 | збірок 120 по 0.19 мс | телеметрія: пакетів 236, CRC-збоїв 0
          КРОК ЗЙОМКИ: норма 84.00% | повтор 27 | коротко 0 | пропуск 29 | розмах 11.2..82.3 мс
          КАНАЛ 2 (порт 5001): 720x480 | нових 146, повтор 205, дроп 3
          ЗАПИС: 8.9 МБ | файлів 1 (ротацій 0, рестартів 0) | носій вільно 100.7 ГБ | syncfs 0/0 мс | СКИДАЮ
          ЗАПИС 2: 6.4 МБ | файлів 1
          ЛІНК: 7619 пакетів, втрачено 61 (0.794%) | пауз 0: лінк 0 / борт 0 | найдовша 0 мс
    8.0 с | показано 470 (58.7/с) | GPU 3.15 мс | h265 1920x1080: нових 434, повтор 35, дроп 41 | ЗАТРИМКА 16.5 мс | ФАЗА 16.5 мс (дрейф -8.11 мс/с) | опит 11.8
          ЧАСТОТИ: камера 58.9160 | екран 59.0050 | різниця -89 мГц -> дрейф має бути +1.51 мс/с
          інтервали: вхід 10.5/17.0/82.2 -> вихід 9.6/17.0/82.3 | ДЕКОД 0.9/2.4/5.7 мс
          ФАПЧ: фаза 2.25 -> ціль 3.89 (похибка -1.64 мс) | опит 11.77 − запас 7.88 (розкид 1.97) | затримка 14.7 мс | камера -865 мГц | екран 59.0050 Гц | ведення
          OSD: квадів 176 | збірок 160 по 0.20 мс | телеметрія: пакетів 321, CRC-збоїв 0
          КРОК ЗЙОМКИ: норма 84.40% | повтор 35 | коротко 0 | пропуск 38 | розмах 11.2..82.3 мс
          КАНАЛ 2 (порт 5001): 720x480 | нових 196, повтор 273, дроп 3
          ЗАПИС: 12.2 МБ | файлів 1 (ротацій 0, рестартів 0) | носій вільно 100.7 ГБ | syncfs 0/0 мс | СКИДАЮ
          ЗАПИС 2: 8.6 МБ | файлів 1
          ЛІНК: 10143 пакетів, втрачено 61 (0.598%) | пауз 0: лінк 0 / борт 0 | найдовша 0 мс
   10.0 с | показано 588 (58.7/с) | GPU 3.21 мс | h265 1920x1080: нових 552, повтор 35, дроп 41 | ЗАТРИМКА 16.9 мс | ФАЗА 16.9 мс (дрейф +0.42 мс/с) | опит 11.8
          ЧАСТОТИ: камера 58.9328 | екран 59.0049 | різниця -72 мГц -> дрейф має бути +1.22 мс/с
          інтервали: вхід 10.5/17.0/82.2 -> вихід 9.6/17.0/82.3 | ДЕКОД 0.9/2.5/5.7 мс
          ФАПЧ: фаза 16.27 -> ціль 4.87 (похибка -5.55 мс) | опит 11.47 − запас 6.60 (розкид 1.65) | затримка 0.7 мс | камера -1192 мГц | екран 59.0048 Гц | ведення
          OSD: квадів 176 | збірок 199 по 0.24 мс | телеметрія: пакетів 401, CRC-збоїв 0
          КРОК ЗЙОМКИ: норма 87.54% | повтор 35 | коротко 0 | пропуск 38 | розмах 11.2..82.3 мс
          КАНАЛ 2 (порт 5001): 720x480 | нових 246, повтор 341, дроп 3
          ЗАПИС: 15.4 МБ | файлів 1 (ротацій 0, рестартів 0) | носій вільно 100.7 ГБ | syncfs 0/0 мс | СКИДАЮ
          ЗАПИС 2: 11.0 МБ | файлів 1
          ЛІНК: 12672 пакетів, втрачено 61 (0.479%) | пауз 0: лінк 0 / борт 0 | найдовша 0 мс
   12.0 с | показано 706 (58.8/с) | GPU 3.34 мс | h265 1920x1080: нових 670, повтор 35, дроп 41 | ЗАТРИМКА 12.8 мс | ФАЗА 4.2 мс (дрейф +2.29 мс/с) | опит 11.6
          ЧАСТОТИ: камера 58.9262 | екран 59.0048 | різниця -79 мГц -> дрейф має бути +1.33 мс/с
          інтервали: вхід 10.5/17.0/82.2 -> вихід 9.6/17.0/82.3 | ДЕКОД 0.9/2.4/5.7 мс
          ФАПЧ: фаза 3.64 -> ціль 6.04 (похибка -2.40 мс) | опит 11.87 − запас 5.83 (розкид 1.46) | затримка 13.3 мс | камера -1124 мГц | екран 59.0049 Гц | ведення
          OSD: квадів 176 | збірок 239 по 0.21 мс | телеметрія: пакетів 490, CRC-збоїв 0
          КРОК ЗЙОМКИ: норма 89.63% | повтор 35 | коротко 0 | пропуск 38 | розмах 10.9..82.3 мс
          КАНАЛ 2 (порт 5001): 720x480 | нових 296, повтор 409, дроп 3
          ЗАПИС: 18.7 МБ | файлів 1 (ротацій 0, рестартів 0) | носій вільно 100.7 ГБ | syncfs 6610/6610 мс
          ЗАПИС 2: 13.4 МБ | файлів 1
          ЛІНК: 15183 пакетів, втрачено 61 (0.400%) | пауз 0: лінк 0 / борт 0 | найдовша 0 мс
   14.0 с | показано 824 (58.8/с) | GPU 3.75 мс | h265 1920x1080: нових 788, повтор 35, дроп 41 | ЗАТРИМКА 12.1 мс | ФАЗА 4.8 мс (дрейф +0.16 мс/с) | опит 11.1
          ЧАСТОТИ: камера 58.9301 | екран 59.0048 | різниця -75 мГц -> дрейф має бути +1.27 мс/с
          інтервали: вхід 10.5/17.0/82.2 -> вихід 9.6/17.0/82.3 | ДЕКОД 0.9/2.4/5.7 мс
          ФАПЧ: фаза 4.85 -> ціль 5.37 (похибка -0.51 мс) | опит 11.17 − запас 5.80 (розкид 1.45) | затримка 12.1 мс | камера -1041 мГц | екран 59.0048 Гц | ведення
          OSD: квадів 176 | збірок 278 по 0.59 мс | телеметрія: пакетів 562, CRC-збоїв 0
          КРОК ЗЙОМКИ: норма 91.12% | повтор 35 | коротко 0 | пропуск 38 | розмах 10.9..82.3 мс
          КАНАЛ 2 (порт 5001): 720x480 | нових 346, повтор 478, дроп 3
          ЗАПИС: 22.0 МБ | файлів 1 (ротацій 0, рестартів 0) | носій вільно 100.7 ГБ | syncfs 6610/6610 мс
          ЗАПИС 2: 15.7 МБ | файлів 1
          ЛІНК: 17710 пакетів, втрачено 61 (0.343%) | пауз 0: лінк 0 / борт 0 | найдовша 0 мс
   16.0 с | показано 942 (58.8/с) | GPU 3.46 мс | h265 1920x1080: нових 907, повтор 35, дроп 41 | ЗАТРИМКА 13.5 мс | ФАЗА 3.5 мс (дрейф -0.78 мс/с) | опит 11.4
          ЧАСТОТИ: камера 58.9465 | екран 59.0048 | різниця -58 мГц -> дрейф має бути +0.99 мс/с
          інтервали: вхід 10.5/17.0/82.2 -> вихід 9.6/17.0/82.3 | ДЕКОД 0.9/2.4/5.7 мс
          ФАПЧ: фаза 3.48 -> ціль 5.32 (похибка -1.84 мс) | опит 11.43 − запас 6.11 (розкид 1.53) | затримка 13.5 мс | камера -1123 мГц | екран 59.0048 Гц | ведення
          OSD: квадів 176 | збірок 318 по 0.26 мс | телеметрія: пакетів 652, CRC-збоїв 0
          КРОК ЗЙОМКИ: норма 92.23% | повтор 35 | коротко 0 | пропуск 38 | розмах 10.7..82.3 мс
          КАНАЛ 2 (порт 5001): 720x480 | нових 396, повтор 546, дроп 3
          ЗАПИС: 25.3 МБ | файлів 1 (ротацій 0, рестартів 0) | носій вільно 100.7 ГБ | syncfs 6610/6610 мс | СКИДАЮ
          ЗАПИС 2: 18.1 МБ | файлів 1
          ЛІНК: 20231 пакетів, втрачено 61 (0.301%) | пауз 0: лінк 0 / борт 0 | найдовша 0 мс
   18.0 с | показано 1061 (58.9/с) | GPU 3.53 мс | h265 1920x1080: нових 1025, повтор 35, дроп 41 | ЗАТРИМКА 12.2 мс | ФАЗА 4.4 мс (дрейф +0.64 мс/с) | опит 11.4
          ЧАСТОТИ: камера 58.9537 | екран 59.0048 | різниця -51 мГц -> дрейф має бути +0.87 мс/с
          інтервали: вхід 10.5/17.0/82.2 -> вихід 9.6/17.0/82.3 | ДЕКОД 0.9/2.3/5.7 мс
          ФАПЧ: фаза 4.35 -> ціль 5.36 (похибка -1.00 мс) | опит 11.40 − запас 6.04 (розкид 1.51) | затримка 12.6 мс | камера -1102 мГц | екран 59.0048 Гц | ведення
          OSD: квадів 176 | збірок 358 по 0.25 мс | телеметрія: пакетів 725, CRC-збоїв 0
          КРОК ЗЙОМКИ: норма 93.11% | повтор 35 | коротко 0 | пропуск 38 | розмах 10.7..82.3 мс
          КАНАЛ 2 (порт 5001): 720x480 | нових 446, повтор 614, дроп 3
          ЗАПИС: 28.5 МБ | файлів 1 (ротацій 0, рестартів 0) | носій вільно 100.7 ГБ | syncfs 6610/6610 мс | СКИДАЮ
          ЗАПИС 2: 20.4 МБ | файлів 1
          ЛІНК: 22743 пакетів, втрачено 61 (0.267%) | пауз 0: лінк 0 / борт 0 | найдовша 0 мс
   20.0 с | показано 1179 (58.9/с) | GPU 3.21 мс | h265 1920x1080: нових 1136, повтор 42, дроп 41 | ЗАТРИМКА 11.7 мс | ФАЗА 5.5 мс (дрейф +0.14 мс/с) | опит 11.8
          ЧАСТОТИ: камера 58.5985 | екран 59.0048 | різниця -406 мГц -> дрейф має бути +6.89 мс/с
          інтервали: вхід 10.5/17.1/82.2 -> вихід 9.6/17.1/82.3 | ДЕКОД 0.6/2.3/5.7 мс
          ФАПЧ: фаза 5.05 -> ціль 5.70 (похибка -0.64 мс) | опит 11.79 − запас 6.09 (розкид 1.52) | затримка 11.9 мс | камера -1090 мГц | екран 59.0048 Гц | ведення
          OSD: квадів 176 | збірок 397 по 0.21 мс | телеметрія: пакетів 803, CRC-збоїв 0
          КРОК ЗЙОМКИ: норма 92.86% | повтор 42 | коротко 0 | пропуск 42 | розмах 10.7..82.3 мс
          КАНАЛ 2 (порт 5001): 720x480 | нових 492, повтор 686, дроп 3
          ЗАПИС: 31.6 МБ | файлів 1 (ротацій 0, рестартів 0) | носій вільно 100.7 ГБ | syncfs 6610/6610 мс | СКИДАЮ
          ЗАПИС 2: 22.6 МБ | файлів 1
          ЛІНК: 25182 пакетів, втрачено 140 (0.553%) | пауз 0: лінк 0 / борт 0 | найдовша 0 мс
   22.0 с | показано 1297 (58.9/с) | GPU 2.92 мс | h265 1920x1080: нових 1254, повтор 42, дроп 41 | ЗАТРИМКА 11.7 мс | ФАЗА 5.1 мс (дрейф -0.26 мс/с) | опит 12.2
          ЧАСТОТИ: камера 58.6393 | екран 59.0048 | різниця -366 мГц -> дрейф має бути +6.19 мс/с
          інтервали: вхід 10.5/17.1/82.2 -> вихід 9.6/17.1/82.3 | ДЕКОД 0.6/2.3/5.7 мс
          ФАПЧ: фаза 4.96 -> ціль 6.14 (похибка -1.18 мс) | опит 12.03 − запас 5.89 (розкид 1.47) | затримка 12.0 мс | камера -1116 мГц | екран 59.0048 Гц | ведення
          OSD: квадів 176 | збірок 437 по 0.23 мс | телеметрія: пакетів 890, CRC-збоїв 0
          КРОК ЗЙОМКИ: норма 93.51% | повтор 42 | коротко 0 | пропуск 42 | розмах 10.7..82.3 мс
          КАНАЛ 2 (порт 5001): 720x480 | нових 542, повтор 754, дроп 3
          ЗАПИС: 34.9 МБ | файлів 1 (ротацій 0, рестартів 0) | носій вільно 100.7 ГБ | syncfs 6610/6610 мс | СКИДАЮ
          ЗАПИС 2: 24.9 МБ | файлів 1
          ЛІНК: 27709 пакетів, втрачено 140 (0.503%) | пауз 0: лінк 0 / борт 0 | найдовша 0 мс
   24.0 с | показано 1415 (58.9/с) | GPU 3.26 мс | h265 1920x1080: нових 1372, повтор 42, дроп 41 | ЗАТРИМКА 10.5 мс | ФАЗА 6.7 мс (дрейф +0.72 мс/с) | опит 11.7
          ЧАСТОТИ: камера 58.6665 | екран 59.0048 | різниця -338 мГц -> дрейф має бути +5.73 мс/с
          інтервали: вхід 10.5/17.0/82.2 -> вихід 9.6/17.0/82.3 | ДЕКОД 0.6/2.2/5.7 мс
          ФАПЧ: фаза 6.08 -> ціль 6.14 (похибка -0.07 мс) | опит 11.71 − запас 5.57 (розкид 1.39) | затримка 10.9 мс | камера -1077 мГц | екран 59.0048 Гц | ведення
          OSD: квадів 176 | збірок 477 по 0.21 мс | телеметрія: пакетів 971, CRC-збоїв 0
          КРОК ЗЙОМКИ: норма 94.06% | повтор 42 | коротко 0 | пропуск 42 | розмах 10.7..82.3 мс
          КАНАЛ 2 (порт 5001): 720x480 | нових 592, повтор 822, дроп 3
          ЗАПИС: 38.2 МБ | файлів 1 (ротацій 0, рестартів 0) | носій вільно 100.7 ГБ | syncfs 7291/7291 мс
          ЗАПИС 2: 27.3 МБ | файлів 1
          ЛІНК: 30231 пакетів, втрачено 140 (0.461%) | пауз 0: лінк 0 / борт 0 | найдовша 0 мс
   26.0 с | показано 1533 (58.9/с) | GPU 3.29 мс | h265 1920x1080: нових 1489, повтор 43, дроп 42 | ЗАТРИМКА 11.5 мс | ФАЗА 5.8 мс (дрейф -0.46 мс/с) | опит 11.7
          ЧАСТОТИ: камера 58.6974 | екран 59.0048 | різниця -307 мГц -> дрейф має бути +5.21 мс/с
          інтервали: вхід 6.1/17.0/82.2 -> вихід 4.0/17.0/82.3 | ДЕКОД 0.6/2.2/5.7 мс
          ФАПЧ: фаза 6.27 -> ціль 5.61 (похибка +0.66 мс) | опит 11.14 − запас 5.53 (розкид 1.38) | затримка 10.7 мс | камера -1031 мГц | екран 59.0048 Гц | ведення
          OSD: квадів 176 | збірок 517 по 0.22 мс | телеметрія: пакетів 1055, CRC-збоїв 0
          КРОК ЗЙОМКИ: норма 94.45% | повтор 43 | коротко 0 | пропуск 42 | розмах 10.7..82.3 мс
          КАНАЛ 2 (порт 5001): 720x480 | нових 641, повтор 891, дроп 3
          ЗАПИС: 41.4 МБ | файлів 1 (ротацій 0, рестартів 0) | носій вільно 100.7 ГБ | syncfs 7291/7291 мс | СКИДАЮ
          ЗАПИС 2: 29.6 МБ | файлів 1
          ЛІНК: 32758 пакетів, втрачено 140 (0.426%) | пауз 0: лінк 0 / борт 0 | найдовша 0 мс
   28.0 с | показано 1651 (58.9/с) | GPU 3.30 мс | h265 1920x1080: нових 1607, повтор 43, дроп 42 | ЗАТРИМКА 11.6 мс | ФАЗА 5.1 мс (дрейф -0.16 мс/с) | опит 11.7
          ЧАСТОТИ: камера 58.7149 | екран 59.0048 | різниця -290 мГц -> дрейф має бути +4.91 мс/с
          інтервали: вхід 6.1/17.0/82.2 -> вихід 4.0/17.0/82.3 | ДЕКОД 0.6/2.2/5.7 мс
          ФАПЧ: фаза 5.28 -> ціль 5.59 (похибка -0.31 мс) | опит 11.67 − запас 6.08 (розкид 1.52) | затримка 11.7 мс | камера -1083 мГц | екран 59.0047 Гц | ЗАХОПЛЕНО
          OSD: квадів 176 | збірок 556 по 0.21 мс | телеметрія: пакетів 1122, CRC-збоїв 0
          КРОК ЗЙОМКИ: норма 94.85% | повтор 43 | коротко 0 | пропуск 42 | розмах 10.7..82.3 мс
          КАНАЛ 2 (порт 5001): 720x480 | нових 691, повтор 959, дроп 3
          ЗАПИС: 44.7 МБ | файлів 1 (ротацій 0, рестартів 0) | носій вільно 100.7 ГБ | syncfs 7291/7291 мс | СКИДАЮ
          ЗАПИС 2: 32.0 МБ | файлів 1
          ЛІНК: 35265 пакетів, втрачено 140 (0.395%) | пауз 0: лінк 0 / борт 0 | найдовша 0 мс
[носій] /media/root/USB128, вільно 100.6 ГБ з 123.8
[запис main] закрив, 48.8 МБ
[запис pip] закрив, 40.5 МБ

Підсумок: 2089 показів за 35.7 с = 58.54 к/с (екран 59.003 Гц)
          намальовано 2089, прохід GPU 3.18 мс
