[kms] vtotal 1125 -> 1144 (+19 рядків), частота 60.000 -> 59.003 Гц | рядкова 67.500 кГц і клок 148500 кГц незмінні
[kms] HDMI-A 1920x1080@59.003 | crtc=88 plane=56 | 14 форматів | колір: rgb 8 біт | бюджет кадру 16.95 мс
[gl] init: 1920x1080 fourcc=0x34325258, буферів 2
[gl] Mali-G610 | OpenGL ES 3.2 v1.g13p0-01eac0.68603db295fbf2c59ac6b927fdfb1c32
[h265] порт 5600, пайплайн[1] піднято
[pip] порт 5001, пайплайн[1] піднято
[gl] 2 буфер(и) 1920x1080, крок 7680 | період 16.95 мс | fence: є
[osd] зображення atlas.png: 2048x1400
[osd] атлас 2048x1400
[osd] гліфів 1095
[osd] зображення img/horizont_0.png: 1080x1080
[osd] зображення img/horizont_1.png: 1080x1080
[osd] зображення img/pgbar_empy.png: 1660x329
[osd] зображення img/pgbar_green.png: 1660x329
[osd] елементів layout 27
udp_listener: слухаю порт 50122
[osd] піднято: телеметрія на порту 50122, перезбирання раз на 50 мс
[фаза] петля піднята: камера 192.168.1.10, параметр video0.fpsTrimMilliHz
[носій] стежу за флешкою
[запис main] потік піднято, порт 5600
[локальні канали] піднято: опитування раз на 500 мс
[субтитри] елементів розкладки 26
[субтитри] дебажних каналів 96
[субтитри] піднято: знімок раз на 500 мс, PlayRes 1920x1080
[запис pip] потік піднято, порт 5001
[лінк main] стежу за портом 5600, поріг тиші 100 мс
[носій] /media/root/USB128, вільно 99.6 ГБ з 123.8
[gl] текстура оверлея atlas.png: 2048x1400
[gl] текстура оверлея img/horizont_0.png: 1080x1080
[gl] текстура оверлея img/horizont_1.png: 1080x1080
[gl] текстура оверлея img/pgbar_empy.png: 1660x329
[gl] текстура оверлея img/pgbar_green.png: 1660x329
[запис main] почав: /media/root/USB128/2026-07-28/20260728_081841_main.mkv
[запис pip] почав: /media/root/USB128/2026-07-28/20260728_081841_pip.mkv
[субтитри] /media/root/USB128/2026-07-28/20260728_081841_main.ass
[субтитри] /media/root/USB128/2026-07-28/20260728_081841_main.debug.ass

=== шар виводу ===
  HDMI-A 1920x1080@59.003
  розмір     1920x1080
  частота    59.003 Гц (бюджет кадру 16.948 мс)
  формат     0x34325258
  колір      RGB

arm_release_ver: g13p0-01eac0, rk_so_ver: 10
Джерел зареєстровано: 2
OSD піднято.
Працюю. Ctrl+C для виходу.
    2.0 с | показано 119 (59.4/с) | GPU 3.45 мс | h265 1920x1080: нових 114, повтор 4, дроп 10 | ЗАТРИМКА 11.7 мс | ФАЗА 8.8 мс (дрейф -17.93 мс/с) | опит 11.5
          ЧАСТОТИ: камера 60.2226 | екран 59.0076 | різниця +1215 мГц -> дрейф має бути -20.59 мс/с
          інтервали: вхід 13.2/16.6/21.9 -> вихід 11.7/16.6/21.9 | ДЕКОД 1.2/2.4/5.5 мс
          ФАПЧ: не веде (розігрів)
          OSD: квадів 178 | збірок 40 по 0.39 мс | телеметрія: пакетів 89, CRC-збоїв 0
          КРОК ЗЙОМКИ: норма 88.89% | повтор 4 | коротко 0 | пропуск 9 | розмах 13.4..33.8 мс
          КАНАЛ 2 (порт 5001): 720x480 | нових 52, повтор 66, дроп 2
          ЗАПИС: 2.4 МБ | файлів 1 (ротацій 0, рестартів 0) | носій вільно 99.6 ГБ | syncfs 0/0 мс
          ЗАПИС 2: 1.4 МБ | файлів 1
          ЛІНК: 2575 пакетів, втрачено 0 (0.000%) | пауз 0: лінк 0 / борт 0 | найдовша 0 мс
    4.0 с | показано 235 (58.7/с) | GPU 3.47 мс | h265 1920x1080: нових 227, повтор 7, дроп 17 | ЗАТРИМКА 11.2 мс | ФАЗА 8.7 мс (дрейф -17.44 мс/с) | опит 11.4
          ЧАСТОТИ: камера 60.1176 | екран 59.0062 | різниця +1111 мГц -> дрейф має бути -18.84 мс/с
          інтервали: вхід 11.8/16.6/21.9 -> вихід 11.7/16.6/22.4 | ДЕКОД 1.2/2.5/5.5 мс
          ФАПЧ: фаза 1.73 -> ціль 3.30 (похибка -1.57 мс) | опит 11.08 − запас 7.78 (розкид 1.95) | затримка 15.2 мс | камера -298 мГц | екран 59.0062 Гц | ведення
          OSD: квадів 179 | збірок 80 по 0.44 мс | телеметрія: пакетів 171, CRC-збоїв 0
          КРОК ЗЙОМКИ: норма 90.13% | повтор 7 | коротко 0 | пропуск 16 | розмах 12.8..37.6 мс
          КАНАЛ 2 (порт 5001): 720x480 | нових 102, повтор 132, дроп 2
          ЗАПИС: 5.7 МБ | файлів 1 (ротацій 0, рестартів 0) | носій вільно 99.6 ГБ | syncfs 0/0 мс
          ЗАПИС 2: 3.4 МБ | файлів 1
          ЛІНК: 5149 пакетів, втрачено 0 (0.000%) | пауз 0: лінк 0 / борт 0 | найдовша 0 мс
    6.0 с | показано 352 (58.6/с) | GPU 3.33 мс | h265 1920x1080: нових 340, повтор 11, дроп 23 | ЗАТРИМКА 16.4 мс | ФАЗА 0.2 мс (дрейф -13.07 мс/с) | опит 11.6
          ЧАСТОТИ: камера 59.9729 | екран 59.0058 | різниця +967 мГц -> дрейф має бути -16.39 мс/с
          інтервали: вхід 11.8/16.7/21.9 -> вихід 11.7/16.7/22.4 | ДЕКОД 1.2/2.6/5.5 мс
          ФАПЧ: фаза 4.31 -> ціль 3.40 (похибка +0.91 мс) | опит 11.03 − запас 7.63 (розкид 1.91) | затримка 12.6 мс | камера -561 мГц | екран 59.0057 Гц | ведення
          OSD: квадів 175 | збірок 120 по 0.26 мс | телеметрія: пакетів 246, CRC-збоїв 0
          КРОК ЗЙОМКИ: норма 90.57% | повтор 11 | коротко 0 | пропуск 22 | розмах 12.6..37.6 мс
          КАНАЛ 2 (порт 5001): 720x480 | нових 152, повтор 199, дроп 2
          ЗАПИС: 9.0 МБ | файлів 1 (ротацій 0, рестартів 0) | носій вільно 99.6 ГБ | syncfs 0/0 мс | СКИДАЮ
          ЗАПИС 2: 5.4 МБ | файлів 1
          ЛІНК: 7684 пакетів, втрачено 0 (0.000%) | пауз 0: лінк 0 / борт 0 | найдовша 0 мс
    8.0 с | показано 470 (58.7/с) | GPU 3.31 мс | h265 1920x1080: нових 451, повтор 18, дроп 31 | ЗАТРИМКА 15.6 мс | ФАЗА 0.4 мс (дрейф -7.99 мс/с) | опит 11.6
          ЧАСТОТИ: камера 59.8534 | екран 59.0055 | різниця +848 мГц -> дрейф має бути -14.37 мс/с
          інтервали: вхід 11.8/16.7/21.9 -> вихід 11.7/16.7/22.4 | ДЕКОД 1.2/2.5/5.5 мс
          ФАПЧ: фаза 3.51 -> ціль 5.01 (похибка -1.50 мс) | опит 11.75 − запас 6.74 (розкид 1.69) | затримка 13.4 мс | камера -895 мГц | екран 59.0054 Гц | ведення
          OSD: квадів 176 | збірок 159 по 0.23 мс | телеметрія: пакетів 316, CRC-збоїв 0
          КРОК ЗЙОМКИ: норма 89.74% | повтор 18 | коротко 0 | пропуск 30 | розмах 12.6..37.6 мс
          КАНАЛ 2 (порт 5001): 720x480 | нових 201, повтор 268, дроп 2
          ЗАПИС: 12.3 МБ | файлів 1 (ротацій 0, рестартів 0) | носій вільно 99.6 ГБ | syncfs 0/0 мс | СКИДАЮ
          ЗАПИС 2: 7.4 МБ | файлів 1
          ЛІНК: 10214 пакетів, втрачено 0 (0.000%) | пауз 0: лінк 0 / борт 0 | найдовша 0 мс
   10.0 с | показано 588 (58.7/с) | GPU 3.16 мс | h265 1920x1080: нових 569, повтор 18, дроп 31 | ЗАТРИМКА 15.3 мс | ФАЗА 1.5 мс (дрейф +0.64 мс/с) | опит 11.8
          ЧАСТОТИ: камера 59.6708 | екран 59.0053 | різниця +665 мГц -> дрейф має бути -11.28 мс/с
          інтервали: вхід 11.8/16.8/22.5 -> вихід 11.7/16.8/22.4 | ДЕКОД 1.2/2.5/5.5 мс
          ФАПЧ: фаза 1.34 -> ціль 6.32 (похибка -4.98 мс) | опит 11.62 − запас 5.30 (розкид 1.33) | затримка 15.6 мс | камера -1193 мГц | екран 59.0053 Гц | ведення
          OSD: квадів 178 | збірок 199 по 0.16 мс | телеметрія: пакетів 401, CRC-збоїв 0
          КРОК ЗЙОМКИ: норма 91.81% | повтор 18 | коротко 0 | пропуск 30 | розмах 12.6..37.6 мс
          КАНАЛ 2 (порт 5001): 720x480 | нових 251, повтор 336, дроп 2
          ЗАПИС: 15.6 МБ | файлів 1 (ротацій 0, рестартів 0) | носій вільно 99.6 ГБ | syncfs 0/0 мс | СКИДАЮ
          ЗАПИС 2: 9.6 МБ | файлів 1
          ЛІНК: 12748 пакетів, втрачено 0 (0.000%) | пауз 0: лінк 0 / борт 0 | найдовша 0 мс
   12.0 с | показано 706 (58.8/с) | GPU 3.19 мс | h265 1920x1080: нових 687, повтор 18, дроп 31 | ЗАТРИМКА 12.1 мс | ФАЗА 5.1 мс (дрейф +1.55 мс/с) | опит 11.8
          ЧАСТОТИ: камера 59.5495 | екран 59.0052 | різниця +544 мГц -> дрейф має бути -9.22 мс/с
          інтервали: вхід 11.2/16.8/22.5 -> вихід 11.3/16.8/22.4 | ДЕКОД 1.2/2.4/5.5 мс
          ФАПЧ: фаза 4.31 -> ціль 6.30 (похибка -1.99 мс) | опит 11.77 − запас 5.47 (розкид 1.37) | затримка 12.6 мс | камера -1108 мГц | екран 59.0052 Гц | ведення
          OSD: квадів 178 | збірок 239 по 0.13 мс | телеметрія: пакетів 487, CRC-збоїв 0
          КРОК ЗЙОМКИ: норма 93.18% | повтор 18 | коротко 0 | пропуск 30 | розмах 11.3..37.6 мс
          КАНАЛ 2 (порт 5001): 720x480 | нових 302, повтор 403, дроп 2
          ЗАПИС: 18.9 МБ | файлів 1 (ротацій 0, рестартів 0) | носій вільно 99.6 ГБ | syncfs 0/0 мс | СКИДАЮ
          ЗАПИС 2: 11.7 МБ | файлів 1
          ЛІНК: 15251 пакетів, втрачено 0 (0.000%) | пауз 0: лінк 0 / борт 0 | найдовша 0 мс
   14.0 с | показано 824 (58.8/с) | GPU 3.21 мс | h265 1920x1080: нових 799, повтор 25, дроп 31 | ЗАТРИМКА 17.9 мс | ФАЗА 4.2 мс (дрейф -0.40 мс/с) | опит 11.8
          ЧАСТОТИ: камера 58.9712 | екран 59.0052 | різниця -34 мГц -> дрейф має бути +0.57 мс/с
          інтервали: вхід 9.7/17.0/76.1 -> вихід 9.2/17.0/74.6 | ДЕКОД 0.5/2.4/5.5 мс
          ФАПЧ: фаза 4.87 -> ціль 6.51 (похибка -1.64 мс) | опит 12.05 − запас 5.54 (розкид 1.38) | затримка 12.1 мс | камера -1100 мГц | екран 59.0051 Гц | ведення
          OSD: квадів 178 | збірок 279 по 0.15 мс | телеметрія: пакетів 568, CRC-збоїв 0
          КРОК ЗЙОМКИ: норма 92.82% | повтор 25 | коротко 0 | пропуск 34 | розмах 9.2..74.6 мс
          КАНАЛ 2 (порт 5001): 720x480 | нових 348, повтор 476, дроп 2
          ЗАПИС: 22.0 МБ | файлів 1 (ротацій 0, рестартів 0) | носій вільно 99.6 ГБ | syncfs 8270/8270 мс
          ЗАПИС 2: 13.7 МБ | файлів 1
          ЛІНК: 17660 пакетів, втрачено 96 (0.541%) | пауз 0: лінк 0 / борт 0 | найдовша 0 мс
   16.0 с | показано 942 (58.8/с) | GPU 3.40 мс | h265 1920x1080: нових 917, повтор 25, дроп 31 | ЗАТРИМКА 11.4 мс | ФАЗА 5.8 мс (дрейф +0.55 мс/с) | опит 11.5
          ЧАСТОТИ: камера 58.9815 | екран 59.0051 | різниця -24 мГц -> дрейф має бути +0.40 мс/с
          інтервали: вхід 9.7/17.0/76.1 -> вихід 9.2/17.0/74.6 | ДЕКОД 0.5/2.4/5.5 мс
          ФАПЧ: фаза 5.13 -> ціль 5.72 (похибка -0.59 мс) | опит 11.59 − запас 5.87 (розкид 1.47) | затримка 11.8 мс | камера -1074 мГц | екран 59.0051 Гц | ведення
          OSD: квадів 178 | збірок 319 по 0.15 мс | телеметрія: пакетів 633, CRC-збоїв 0
          КРОК ЗЙОМКИ: норма 93.72% | повтор 25 | коротко 0 | пропуск 34 | розмах 9.2..74.6 мс
          КАНАЛ 2 (порт 5001): 720x480 | нових 398, повтор 544, дроп 2
          ЗАПИС: 25.2 МБ | файлів 1 (ротацій 0, рестартів 0) | носій вільно 99.6 ГБ | syncfs 8270/8270 мс | СКИДАЮ
          ЗАПИС 2: 15.6 МБ | файлів 1
          ЛІНК: 20184 пакетів, втрачено 96 (0.473%) | пауз 0: лінк 0 / борт 0 | найдовша 0 мс
   18.0 с | показано 1060 (58.8/с) | GPU 3.17 мс | h265 1920x1080: нових 1035, повтор 25, дроп 31 | ЗАТРИМКА 11.7 мс | ФАЗА 5.0 мс (дрейф -0.09 мс/с) | опит 11.8
          ЧАСТОТИ: камера 58.9769 | екран 59.0051 | різниця -28 мГц -> дрейф має бути +0.48 мс/с
          інтервали: вхід 9.7/17.0/76.1 -> вихід 9.2/17.0/74.6 | ДЕКОД 0.5/2.3/5.5 мс
          ФАПЧ: фаза 5.32 -> ціль 5.80 (похибка -0.48 мс) | опит 11.62 − запас 5.82 (розкид 1.45) | затримка 11.6 мс | камера -1078 мГц | екран 59.0050 Гц | ведення
          OSD: квадів 179 | збірок 359 по 0.17 мс | телеметрія: пакетів 716, CRC-збоїв 0
          КРОК ЗЙОМКИ: норма 94.42% | повтор 25 | коротко 0 | пропуск 34 | розмах 9.2..74.6 мс
          КАНАЛ 2 (порт 5001): 720x480 | нових 448, повтор 612, дроп 2
          ЗАПИС: 28.5 МБ | файлів 1 (ротацій 0, рестартів 0) | носій вільно 99.6 ГБ | syncfs 1075/8270 мс
          ЗАПИС 2: 17.4 МБ | файлів 1
          ЛІНК: 22705 пакетів, втрачено 96 (0.421%) | пауз 0: лінк 0 / борт 0 | найдовша 0 мс
   20.0 с | показано 1179 (58.9/с) | GPU 3.49 мс | h265 1920x1080: нових 1153, повтор 25, дроп 31 | ЗАТРИМКА 10.5 мс | ФАЗА 6.3 мс (дрейф +0.65 мс/с) | опит 11.4
          ЧАСТОТИ: камера 58.9723 | екран 59.0050 | різниця -33 мГц -> дрейф має бути +0.55 мс/с
          інтервали: вхід 9.7/17.0/76.1 -> вихід 9.2/17.0/74.6 | ДЕКОД 0.5/2.3/5.5 мс
          ФАПЧ: фаза 5.90 -> ціль 5.62 (похибка +0.28 мс) | опит 11.67 − запас 6.05 (розкид 1.51) | затримка 11.0 мс | камера -1054 мГц | екран 59.0050 Гц | ведення
          OSD: квадів 178 | збірок 398 по 0.29 мс | телеметрія: пакетів 791, CRC-збоїв 0
          КРОК ЗЙОМКИ: норма 94.99% | повтор 25 | коротко 0 | пропуск 34 | розмах 9.2..74.6 мс
          КАНАЛ 2 (порт 5001): 720x480 | нових 498, повтор 680, дроп 2
          ЗАПИС: 31.8 МБ | файлів 1 (ротацій 0, рестартів 0) | носій вільно 99.6 ГБ | syncfs 1075/8270 мс
          ЗАПИС 2: 19.3 МБ | файлів 1
          ЛІНК: 25219 пакетів, втрачено 96 (0.379%) | пауз 0: лінк 0 / борт 0 | найдовша 0 мс
[носій] /media/root/USB128, вільно 99.5 ГБ з 123.8
   22.0 с | показано 1297 (58.9/с) | GPU 3.11 мс | h265 1920x1080: нових 1271, повтор 25, дроп 31 | ЗАТРИМКА 12.5 мс | ФАЗА 4.5 мс (дрейф -1.40 мс/с) | опит 11.9
          ЧАСТОТИ: камера 58.9919 | екран 59.0050 | різниця -13 мГц -> дрейф має бути +0.22 мс/с
          інтервали: вхід 9.7/17.0/76.1 -> вихід 9.2/17.0/74.6 | ДЕКОД 0.5/2.3/5.5 мс
          ФАПЧ: фаза 4.26 -> ціль 5.67 (похибка -1.41 мс) | опит 11.95 − запас 6.28 (розкид 1.57) | затримка 12.7 мс | камера -1121 мГц | екран 59.0050 Гц | ведення
          OSD: квадів 178 | збірок 438 по 0.11 мс | телеметрія: пакетів 882, CRC-збоїв 0
          КРОК ЗЙОМКИ: норма 95.44% | повтор 25 | коротко 0 | пропуск 34 | розмах 9.2..74.6 мс
          КАНАЛ 2 (порт 5001): 720x480 | нових 548, повтор 748, дроп 2
          ЗАПИС: 35.1 МБ | файлів 1 (ротацій 0, рестартів 0) | носій вільно 99.5 ГБ | syncfs 1075/8270 мс | СКИДАЮ
          ЗАПИС 2: 21.3 МБ | файлів 1
          ЛІНК: 27748 пакетів, втрачено 96 (0.345%) | пауз 0: лінк 0 / борт 0 | найдовша 0 мс
   24.0 с | показано 1415 (58.9/с) | GPU 3.24 мс | h265 1920x1080: нових 1389, повтор 25, дроп 31 | ЗАТРИМКА 11.2 мс | ФАЗА 5.8 мс (дрейф +0.59 мс/с) | опит 11.7
          ЧАСТОТИ: камера 58.9857 | екран 59.0050 | різниця -19 мГц -> дрейф має бути +0.33 мс/с
          інтервали: вхід 9.7/17.0/76.1 -> вихід 9.2/17.0/74.6 | ДЕКОД 0.5/2.2/5.5 мс
          ФАПЧ: фаза 5.50 -> ціль 5.51 (похибка -0.01 мс) | опит 11.81 − запас 6.30 (розкид 1.57) | затримка 11.4 мс | камера -1077 мГц | екран 59.0050 Гц | ведення
          OSD: квадів 178 | збірок 478 по 0.13 мс | телеметрія: пакетів 968, CRC-збоїв 0
          КРОК ЗЙОМКИ: норма 95.82% | повтор 25 | коротко 0 | пропуск 34 | розмах 9.2..74.6 мс
          КАНАЛ 2 (порт 5001): 720x480 | нових 598, повтор 816, дроп 2
          ЗАПИС: 38.3 МБ | файлів 1 (ротацій 0, рестартів 0) | носій вільно 99.5 ГБ | syncfs 2480/8270 мс
          ЗАПИС 2: 23.3 МБ | файлів 1
          ЛІНК: 30286 пакетів, втрачено 96 (0.316%) | пауз 0: лінк 0 / борт 0 | найдовша 0 мс
   26.0 с | показано 1533 (58.9/с) | GPU 3.38 мс | h265 1920x1080: нових 1507, повтор 25, дроп 31 | ЗАТРИМКА 11.9 мс | ФАЗА 5.0 мс (дрейф -0.36 мс/с) | опит 11.5
          ЧАСТОТИ: камера 58.9877 | екран 59.0050 | різниця -17 мГц -> дрейф має бути +0.29 мс/с
          інтервали: вхід 9.7/17.0/76.1 -> вихід 9.2/17.0/74.6 | ДЕКОД 0.5/2.3/5.5 мс
          ФАПЧ: фаза 5.21 -> ціль 5.21 (похибка +0.00 мс) | опит 11.49 − запас 6.27 (розкид 1.57) | затримка 11.7 мс | камера -1059 мГц | екран 59.0050 Гц | ведення
          OSD: квадів 178 | збірок 518 по 0.24 мс | телеметрія: пакетів 1061, CRC-збоїв 0
          КРОК ЗЙОМКИ: норма 96.15% | повтор 25 | коротко 0 | пропуск 34 | розмах 9.2..74.6 мс
          КАНАЛ 2 (порт 5001): 720x480 | нових 648, повтор 884, дроп 2
          ЗАПИС: 41.6 МБ | файлів 1 (ротацій 0, рестартів 0) | носій вільно 99.5 ГБ | syncfs 2480/8270 мс | СКИДАЮ
          ЗАПИС 2: 25.3 МБ | файлів 1
          ЛІНК: 32806 пакетів, втрачено 96 (0.292%) | пауз 0: лінк 0 / борт 0 | найдовша 0 мс
   28.0 с | показано 1651 (58.9/с) | GPU 3.26 мс | h265 1920x1080: нових 1625, повтор 25, дроп 31 | ЗАТРИМКА 12.2 мс | ФАЗА 4.9 мс (дрейф -0.15 мс/с) | опит 11.7
          ЧАСТОТИ: камера 58.9922 | екран 59.0049 | різниця -13 мГц -> дрейф має бути +0.22 мс/с
          інтервали: вхід 9.7/17.0/76.1 -> вихід 9.2/17.0/74.6 | ДЕКОД 0.5/2.2/5.5 мс
          ФАПЧ: фаза 4.87 -> ціль 5.48 (похибка -0.61 мс) | опит 11.70 − запас 6.22 (розкид 1.55) | затримка 12.1 мс | камера -1100 мГц | екран 59.0049 Гц | ведення
          OSD: квадів 178 | збірок 558 по 0.30 мс | телеметрія: пакетів 1138, CRC-збоїв 0
          КРОК ЗЙОМКИ: норма 96.42% | повтор 25 | коротко 0 | пропуск 34 | розмах 9.2..74.6 мс
          КАНАЛ 2 (порт 5001): 720x480 | нових 698, повтор 952, дроп 2
          ЗАПИС: 44.9 МБ | файлів 1 (ротацій 0, рестартів 0) | носій вільно 99.5 ГБ | syncfs 2480/8270 мс | СКИДАЮ
          ЗАПИС 2: 27.3 МБ | файлів 1
          ЛІНК: 35309 пакетів, втрачено 96 (0.271%) | пауз 0: лінк 0 / борт 0 | найдовша 0 мс
   30.0 с | показано 1769 (58.9/с) | GPU 3.26 мс | h265 1920x1080: нових 1743, повтор 25, дроп 31 | ЗАТРИМКА 11.3 мс | ФАЗА 5.7 мс (дрейф +0.31 мс/с) | опит 11.7
          ЧАСТОТИ: камера 58.9925 | екран 59.0049 | різниця -12 мГц -> дрейф має бути +0.21 мс/с
          інтервали: вхід 9.7/17.0/76.1 -> вихід 9.2/17.0/74.6 | ДЕКОД 0.5/2.2/5.5 мс
          ФАПЧ: фаза 5.21 -> ціль 5.46 (похибка -0.25 мс) | опит 11.76 − запас 6.31 (розкид 1.58) | затримка 11.7 мс | камера -1083 мГц | екран 59.0049 Гц | ЗАХОПЛЕНО
          OSD: квадів 178 | збірок 597 по 0.59 мс | телеметрія: пакетів 1222, CRC-збоїв 0
          КРОК ЗЙОМКИ: норма 96.66% | повтор 25 | коротко 0 | пропуск 34 | розмах 9.2..74.6 мс
          КАНАЛ 2 (порт 5001): 720x480 | нових 748, повтор 1020, дроп 2
          ЗАПИС: 48.2 МБ | файлів 1 (ротацій 0, рестартів 0) | носій вільно 99.5 ГБ | syncfs 3865/8270 мс
          ЗАПИС 2: 29.3 МБ | файлів 1
          ЛІНК: 37837 пакетів, втрачено 96 (0.253%) | пауз 0: лінк 0 / борт 0 | найдовша 0 мс
   32.0 с | показано 1887 (58.9/с) | GPU 3.34 мс | h265 1920x1080: нових 1862, повтор 25, дроп 31 | ЗАТРИМКА 11.3 мс | ФАЗА 5.9 мс (дрейф +0.10 мс/с) | опит 11.6
          ЧАСТОТИ: камера 58.9330 | екран 59.0049 | різниця -72 мГц -> дрейф має бути +1.22 мс/с
          інтервали: вхід 9.7/17.0/76.1 -> вихід 9.2/17.0/74.6 | ДЕКОД 0.5/2.2/5.5 мс
          ФАПЧ: фаза 5.86 -> ціль 5.27 (похибка +0.58 мс) | опит 11.61 − запас 6.33 (розкид 1.58) | затримка 11.1 мс | камера -1043 мГц | екран 59.0048 Гц | ведення
          OSD: квадів 178 | збірок 637 по 0.35 мс | телеметрія: пакетів 1301, CRC-збоїв 0
          КРОК ЗЙОМКИ: норма 96.87% | повтор 25 | коротко 0 | пропуск 34 | розмах 9.2..74.6 мс
          КАНАЛ 2 (порт 5001): 720x480 | нових 798, повтор 1089, дроп 2
          ЗАПИС: 51.4 МБ | файлів 1 (ротацій 0, рестартів 0) | носій вільно 99.5 ГБ | syncfs 1386/8270 мс
          ЗАПИС 2: 31.3 МБ | файлів 1
          ЛІНК: 40369 пакетів, втрачено 96 (0.237%) | пауз 0: лінк 0 / борт 0 | найдовша 0 мс
   34.0 с | показано 2004 (58.9/с) | GPU 3.42 мс | h265 1920x1080: нових 1979, повтор 25, дроп 32 | ЗАТРИМКА 11.3 мс | ФАЗА 6.3 мс (дрейф +0.37 мс/с) | опит 11.5
          ЧАСТОТИ: камера 59.0005 | екран 59.0047 | різниця -4 мГц -> дрейф має бути +0.07 мс/с
          інтервали: вхід 9.7/17.0/76.1 -> вихід 9.2/17.0/74.6 | ДЕКОД 0.5/2.2/5.5 мс
          ФАПЧ: фаза 5.86 -> ціль 5.31 (похибка +0.55 мс) | опит 11.56 − запас 6.25 (розкид 1.56) | затримка 11.1 мс | камера -1043 мГц | екран 59.0047 Гц | ведення
          OSD: квадів 178 | збірок 676 по 0.52 мс | телеметрія: пакетів 1376, CRC-збоїв 0
          КРОК ЗЙОМКИ: норма 97.00% | повтор 25 | коротко 0 | пропуск 35 | розмах 9.2..74.6 мс
          КАНАЛ 2 (порт 5001): 720x480 | нових 848, повтор 1156, дроп 2
          ЗАПИС: 54.7 МБ | файлів 1 (ротацій 0, рестартів 0) | носій вільно 99.5 ГБ | syncfs 1386/8270 мс
          ЗАПИС 2: 33.3 МБ | файлів 1
          ЛІНК: 42870 пакетів, втрачено 96 (0.223%) | пауз 0: лінк 0 / борт 0 | найдовша 0 мс
   36.0 с | показано 2123 (58.9/с) | GPU 3.20 мс | h265 1920x1080: нових 2097, повтор 25, дроп 32 | ЗАТРИМКА 12.5 мс | ФАЗА 4.5 мс (дрейф -1.08 мс/с) | опит 11.8
          ЧАСТОТИ: камера 59.0111 | екран 59.0048 | різниця +6 мГц -> дрейф має бути -0.11 мс/с
          інтервали: вхід 9.7/17.0/76.1 -> вихід 9.2/17.0/74.6 | ДЕКОД 0.5/2.2/5.5 мс
          ФАПЧ: фаза 4.49 -> ціль 5.55 (похибка -1.06 мс) | опит 11.78 − запас 6.23 (розкид 1.56) | затримка 12.5 мс | камера -1110 мГц | екран 59.0048 Гц | ведення
          OSD: квадів 178 | збірок 716 по 0.23 мс | телеметрія: пакетів 1460, CRC-збоїв 0
          КРОК ЗЙОМКИ: норма 97.17% | повтор 25 | коротко 0 | пропуск 35 | розмах 9.2..74.6 мс
          КАНАЛ 2 (порт 5001): 720x480 | нових 898, повтор 1224, дроп 2
          ЗАПИС: 58.0 МБ | файлів 1 (ротацій 0, рестартів 0) | носій вільно 99.5 ГБ | syncfs 1386/8270 мс | СКИДАЮ
          ЗАПИС 2: 35.3 МБ | файлів 1
          ЛІНК: 45396 пакетів, втрачено 96 (0.211%) | пауз 0: лінк 0 / борт 0 | найдовша 0 мс
   38.0 с | показано 2241 (58.9/с) | GPU 3.18 мс | h265 1920x1080: нових 2215, повтор 25, дроп 32 | ЗАТРИМКА 11.3 мс | ФАЗА 5.6 мс (дрейф +0.67 мс/с) | опит 11.8
          ЧАСТОТИ: камера 58.9696 | екран 59.0047 | різниця -35 мГц -> дрейф має бути +0.60 мс/с
          інтервали: вхід 9.7/17.0/76.1 -> вихід 9.2/17.0/74.6 | ДЕКОД 0.5/2.2/5.5 мс
          ФАПЧ: фаза 5.08 -> ціль 5.81 (похибка -0.73 мс) | опит 11.84 − запас 6.03 (розкид 1.51) | затримка 11.9 мс | камера -1114 мГц | екран 59.0047 Гц | ведення
          OSD: квадів 178 | збірок 756 по 0.41 мс | телеметрія: пакетів 1535, CRC-збоїв 0
          КРОК ЗЙОМКИ: норма 97.32% | повтор 25 | коротко 0 | пропуск 35 | розмах 9.2..74.6 мс
          КАНАЛ 2 (порт 5001): 720x480 | нових 948, повтор 1292, дроп 2
          ЗАПИС: 61.3 МБ | файлів 1 (ротацій 0, рестартів 0) | носій вільно 99.5 ГБ | syncfs 1386/8270 мс | СКИДАЮ
          ЗАПИС 2: 37.3 МБ | файлів 1
          ЛІНК: 47941 пакетів, втрачено 96 (0.200%) | пауз 0: лінк 0 / борт 0 | найдовша 0 мс
   40.0 с | показано 2359 (58.9/с) | GPU 3.03 мс | h265 1920x1080: нових 2333, повтор 25, дроп 32 | ЗАТРИМКА 11.1 мс | ФАЗА 6.0 мс (дрейф +0.08 мс/с) | опит 12.0
          ЧАСТОТИ: камера 59.0054 | екран 59.0048 | різниця +1 мГц -> дрейф має бути -0.01 мс/с
          інтервали: вхід 9.7/17.0/76.1 -> вихід 9.2/17.0/74.6 | ДЕКОД 0.5/2.2/5.5 мс
          ФАПЧ: фаза 6.31 -> ціль 5.79 (похибка +0.52 мс) | опит 11.85 − запас 6.07 (розкид 1.52) | затримка 10.6 мс | камера -1048 мГц | екран 59.0048 Гц | ведення
          OSD: квадів 178 | збірок 795 по 0.33 мс | телеметрія: пакетів 1611, CRC-збоїв 0
          КРОК ЗЙОМКИ: норма 97.45% | повтор 25 | коротко 0 | пропуск 35 | розмах 9.2..74.6 мс
          КАНАЛ 2 (порт 5001): 720x480 | нових 998, повтор 1360, дроп 2
          ЗАПИС: 64.5 МБ | файлів 1 (ротацій 0, рестартів 0) | носій вільно 99.5 ГБ | syncfs 1386/8270 мс | СКИДАЮ
          ЗАПИС 2: 39.3 МБ | файлів 1
          ЛІНК: 50461 пакетів, втрачено 96 (0.190%) | пауз 0: лінк 0 / борт 0 | найдовша 0 мс
   42.0 с | показано 2477 (58.9/с) | GPU 3.14 мс | h265 1920x1080: нових 2451, повтор 25, дроп 32 | ЗАТРИМКА 11.1 мс | ФАЗА 5.8 мс (дрейф +0.01 мс/с) | опит 11.9
          ЧАСТОТИ: камера 58.9904 | екран 59.0048 | різниця -14 мГц -> дрейф має бути +0.24 мс/с
          інтервали: вхід 9.7/17.0/76.1 -> вихід 9.2/17.0/74.6 | ДЕКОД 0.5/2.2/5.5 мс
          ФАПЧ: фаза 5.75 -> ціль 5.76 (похибка -0.01 мс) | опит 11.92 − запас 6.16 (розкид 1.54) | затримка 11.2 мс | камера -1076 мГц | екран 59.0047 Гц | ЗАХОПЛЕНО
          OSD: квадів 178 | збірок 835 по 0.35 мс | телеметрія: пакетів 1689, CRC-збоїв 0
          КРОК ЗЙОМКИ: норма 97.58% | повтор 25 | коротко 0 | пропуск 35 | розмах 9.2..74.6 мс
          КАНАЛ 2 (порт 5001): 720x480 | нових 1048, повтор 1428, дроп 2
          ЗАПИС: 67.8 МБ | файлів 1 (ротацій 0, рестартів 0) | носій вільно 99.5 ГБ | syncfs 1386/8270 мс | СКИДАЮ
          ЗАПИС 2: 41.2 МБ | файлів 1
          ЛІНК: 52987 пакетів, втрачено 96 (0.181%) | пауз 0: лінк 0 / борт 0 | найдовша 0 мс
   44.0 с | показано 2595 (58.9/с) | GPU 3.69 мс | h265 1920x1080: нових 2569, повтор 25, дроп 32 | ЗАТРИМКА 10.8 мс | ФАЗА 5.9 мс (дрейф +0.01 мс/с) | опит 11.1
          ЧАСТОТИ: камера 58.9901 | екран 59.0047 | різниця -15 мГц -> дрейф має бути +0.25 мс/с
          інтервали: вхід 9.7/17.0/76.1 -> вихід 9.2/17.0/74.6 | ДЕКОД 0.5/2.2/5.5 мс
          ФАПЧ: фаза 5.91 -> ціль 5.46 (похибка +0.46 мс) | опит 11.58 − запас 6.12 (розкид 1.53) | затримка 11.0 мс | камера -1050 мГц | екран 59.0047 Гц | ЗАХОПЛЕНО
          OSD: квадів 178 | збірок 875 по 0.42 мс | телеметрія: пакетів 1775, CRC-збоїв 0
          КРОК ЗЙОМКИ: норма 97.69% | повтор 25 | коротко 0 | пропуск 35 | розмах 9.2..74.6 мс
          КАНАЛ 2 (порт 5001): 720x480 | нових 1098, повтор 1496, дроп 2
          ЗАПИС: 71.1 МБ | файлів 1 (ротацій 0, рестартів 0) | носій вільно 99.5 ГБ | syncfs 8128/8270 мс
          ЗАПИС 2: 43.3 МБ | файлів 1
          ЛІНК: 55515 пакетів, втрачено 96 (0.173%) | пауз 0: лінк 0 / борт 0 | найдовша 0 мс
   46.0 с | показано 2713 (58.9/с) | GPU 3.28 мс | h265 1920x1080: нових 2687, повтор 26, дроп 33 | ЗАТРИМКА 11.9 мс | ФАЗА 5.2 мс (дрейф -0.62 мс/с) | опит 11.7
          ЧАСТОТИ: камера 58.9880 | екран 59.0047 | різниця -17 мГц -> дрейф має бути +0.28 мс/с
          інтервали: вхід 1.9/17.0/76.1 -> вихід 1.8/17.0/74.6 | ДЕКОД 0.5/2.2/5.5 мс
          ФАПЧ: фаза 4.89 -> ціль 5.48 (похибка -0.59 мс) | опит 11.73 − запас 6.25 (розкид 1.56) | затримка 12.1 мс | камера -1094 мГц | екран 59.0047 Гц | ведення
          OSD: квадів 178 | збірок 914 по 0.32 мс | телеметрія: пакетів 1855, CRC-збоїв 0
          КРОК ЗЙОМКИ: норма 97.71% | повтор 26 | коротко 0 | пропуск 36 | розмах 9.2..74.6 мс
          КАНАЛ 2 (порт 5001): 720x480 | нових 1149, повтор 1564, дроп 2
          ЗАПИС: 74.4 МБ | файлів 1 (ротацій 0, рестартів 0) | носій вільно 99.5 ГБ | syncfs 8128/8270 мс | СКИДАЮ
          ЗАПИС 2: 45.3 МБ | файлів 1
          ЛІНК: 58020 пакетів, втрачено 96 (0.165%) | пауз 0: лінк 0 / борт 0 | найдовша 0 мс
   48.0 с | показано 2831 (58.9/с) | GPU 3.33 мс | h265 1920x1080: нових 2805, повтор 26, дроп 33 | ЗАТРИМКА 10.6 мс | ФАЗА 6.0 мс (дрейф +0.39 мс/с) | опит 11.6
          ЧАСТОТИ: камера 58.9862 | екран 59.0047 | різниця -19 мГц -> дрейф має бути +0.31 мс/с
          інтервали: вхід 1.9/17.0/76.1 -> вихід 1.8/17.0/74.6 | ДЕКОД 0.5/2.2/5.5 мс
          ФАПЧ: фаза 5.74 -> ціль 5.85 (похибка -0.11 мс) | опит 11.86 − запас 6.01 (розкид 1.50) | затримка 11.2 мс | камера -1081 мГц | екран 59.0047 Гц | ведення
          OSD: квадів 178 | збірок 954 по 0.33 мс | телеметрія: пакетів 1919, CRC-збоїв 0
          КРОК ЗЙОМКИ: норма 97.81% | повтор 26 | коротко 0 | пропуск 36 | розмах 9.2..74.6 мс
          КАНАЛ 2 (порт 5001): 720x480 | нових 1199, повтор 1632, дроп 2
          ЗАПИС: 77.7 МБ | файлів 1 (ротацій 0, рестартів 0) | носій вільно 99.5 ГБ | syncfs 1111/8270 мс
          ЗАПИС 2: 47.3 МБ | файлів 1
          ЛІНК: 60555 пакетів, втрачено 96 (0.158%) | пауз 0: лінк 0 / борт 0 | найдовша 0 мс
